{"L": 9, "gens": [1, 2], "m": 18, "opt": 0.666667, "sos2": 0.75, "sos4": 0.689674, "sos4_hi": 0.689674, "C2": 1.333333, "C4": 1.074139, "tight": true, "t": 4.8}
{"L": 9, "gens": [1, 3], "m": 18, "opt": 0.777778, "sos2": 0.859923, "sos4": 0.777778, "sos4_hi": 0.777778, "C2": 1.586431, "C4": 1.0, "tight": true, "t": 0.9}
{"L": 9, "gens": [2, 3], "m": 18, "opt": 0.777778, "sos2": 0.859923, "sos4": 0.777778, "sos4_hi": 0.777778, "C2": 1.586431, "C4": 1.0, "tight": true, "t": 0.8}
{"L": 9, "gens": [1, 2, 3], "m": 27, "opt": 0.666667, "sos2": 0.711007, "sos4": 0.666667, "sos4_hi": 0.666667, "C2": 1.153432, "C4": 1.0, "tight": true, "t": 0.9}
{"L": 9, "gens": [1, 2, 4], "m": 27, "opt": 0.666667, "sos2": 0.75, "sos4": 0.666667, "sos4_hi": 0.666667, "C2": 1.333333, "C4": 1.0, "tight": true, "t": 0.4}
{"L": 9, "gens": [1, 4], "m": 18, "opt": 0.666667, "sos2": 0.75, "sos4": 0.689674, "sos4_hi": 0.689674, "C2": 1.333333, "C4": 1.074139, "tight": true, "t": 5.1}
{"L": 9, "gens": [1, 2, 5], "m": 27, "opt": 0.666667, "sos2": 0.75, "sos4": 0.666667, "sos4_hi": 0.666667, "C2": 1.333333, "C4": 1.0, "tight": true, "t": 0.4}
{"L": 9, "gens": [2, 4], "m": 18, "opt": 0.666667, "sos2": 0.75, "sos4": 0.689674, "sos4_hi": 0.689674, "C2": 1.333333, "C4": 1.074139, "tight": true, "t": 4.7}
{"L": 9, "gens": [1, 3, 4], "m": 27, "opt": 0.666667, "sos2": 0.711007, "sos4": 0.666667, "sos4_hi": 0.666667, "C2": 1.153432, "C4": 1.0, "tight": true, "t": 0.8}
### L=9 best C4=1.074139 gens=[2, 4]  (overall best 1.074139)
{"L": 10, "gens": [1, 2], "m": 20, "opt": 0.7, "sos2": 0.779508, "sos4": 0.7, "sos4_hi": 0.7, "C2": 1.360597, "C4": 1.0, "tight": true, "t": 0.9}
{"L": 10, "gens": [1, 3], "m": 20, "opt": 1.0, "sos2": 1.0, "sos4": 1.0, "sos4_hi": 1.0, "C2": 0.0, "C4": 0.0, "tight": true, "t": 4.5}
{"L": 10, "gens": [2, 3], "m": 20, "opt": 0.8, "sos2": 0.904508, "sos4": 0.8, "sos4_hi": 0.8, "C2": 2.094427, "C4": 1.0, "tight": true, "t": 0.7}
{"L": 10, "gens": [1, 2, 3], "m": 30, "opt": 0.666667, "sos2": 0.718169, "sos4": 0.666667, "sos4_hi": 0.666667, "C2": 1.182744, "C4": 1.0, "tight": true, "t": 0.8}
{"L": 10, "gens": [1, 2, 4], "m": 30, "opt": 0.666667, "sos2": 0.718169, "sos4": 0.666667, "sos4_hi": 0.666667, "C2": 1.182744, "C4": 1.0, "tight": true, "t": 0.8}
{"L": 10, "gens": [1, 4], "m": 20, "opt": 0.8, "sos2": 0.904508, "sos4": 0.8, "sos4_hi": 0.8, "C2": 2.094427, "C4": 1.0, "tight": true, "t": 0.8}
{"L": 10, "gens": [1, 2, 5], "m": 25, "opt": 0.76, "sos2": 0.823607, "sos4": 0.76, "sos4_hi": 0.76, "C2": 1.360597, "C4": 1.0, "tight": true, "t": 1.5}
{"L": 10, "gens": [2, 4], "m": 20, "opt": 0.6, "sos2": 0.625, "sos4": 0.625, "sos4_hi": 0.625, "C2": 1.066667, "C4": 1.066667, "tight": true, "t": 0.2}
{"L": 10, "gens": [1, 3, 4], "m": 30, "opt": 0.666667, "sos2": 0.718169, "sos4": 0.666667, "sos4_hi": 0.666667, "C2": 1.182744, "C4": 1.0, "tight": true, "t": 0.8}
### L=10 best C4=1.066667 gens=[2, 4]  (overall best 1.074139)
{"L": 11, "gens": [1, 2], "m": 22, "opt": 0.727273, "sos2": 0.775452, "sos4": 0.727273, "sos4_hi": 0.727273, "C2": 1.214561, "C4": 1.0, "tight": true, "t": 1.9}
{"L": 11, "gens": [1, 3], "m": 22, "opt": 0.818182, "sos2": 0.903588, "sos4": 0.818182, "sos4_hi": 0.818182, "C2": 1.885854, "C4": 1.0, "tight": true, "t": 2.1}
{"L": 11, "gens": [2, 3], "m": 22, "opt": 0.818182, "sos2": 0.903588, "sos4": 0.818182, "sos4_hi": 0.818182, "C2": 1.885854, "C4": 1.0, "tight": true, "t": 2.1}
{"L": 11, "gens": [1, 2, 3], "m": 33, "opt": 0.666667, "sos2": 0.699823, "sos4": 0.666667, "sos4_hi": 0.666667, "C2": 1.110456, "C4": 1.0, "tight": true, "t": 1.5}
{"L": 11, "gens": [1, 2, 4], "m": 33, "opt": 0.727273, "sos2": 0.792778, "sos4": 0.727273, "sos4_hi": 0.727273, "C2": 1.316112, "C4": 1.0, "tight": true, "t": 1.3}
{"L": 11, "gens": [1, 4], "m": 22, "opt": 0.818182, "sos2": 0.903588, "sos4": 0.818182, "sos4_hi": 0.818182, "C2": 1.885854, "C4": 1.0, "tight": true, "t": 1.2}
{"L": 11, "gens": [1, 2, 5], "m": 33, "opt": 0.727273, "sos2": 0.792778, "sos4": 0.727273, "sos4_hi": 0.727273, "C2": 1.316112, "C4": 1.0, "tight": true, "t": 1.1}
{"L": 11, "gens": [2, 4], "m": 22, "opt": 0.727273, "sos2": 0.775452, "sos4": 0.727273, "sos4_hi": 0.727273, "C2": 1.214561, "C4": 1.0, "tight": true, "t": 1.0}
{"L": 11, "gens": [1, 3, 4], "m": 33, "opt": 0.666667, "sos2": 0.699823, "sos4": 0.666667, "sos4_hi": 0.666667, "C2": 1.110456, "C4": 1.0, "tight": true, "t": 1.0}
### L=11 best C4=1.000000 gens=[1, 2, 5]  (overall best 1.074139)
{"L": 12, "gens": [1, 2], "m": 24, "opt": 0.75, "sos2": 0.75, "sos4": 0.75, "sos4_hi": 0.75, "C2": 1.0, "C4": 1.0, "tight": true, "t": 2.4}
{"L": 12, "gens": [1, 3], "m": 24, "opt": 1.0, "sos2": 1.0, "sos4": 1.0, "sos4_hi": 1.0, "C2": 0.0, "C4": 0.0, "tight": true, "t": 4.4}
{"L": 12, "gens": [2, 3], "m": 24, "opt": 0.833333, "sos2": 0.875, "sos4": 0.833333, "sos4_hi": 0.833333, "C2": 1.333333, "C4": 1.0, "tight": true, "t": 2.1}
{"L": 12, "gens": [1, 2, 3], "m": 36, "opt": 0.666667, "sos2": 0.666667, "sos4": 0.666667, "sos4_hi": 0.666667, "C2": 1.0, "C4": 1.0, "tight": true, "t": 0.9}
{"L": 12, "gens": [1, 2, 4], "m": 36, "opt": 0.666667, "sos2": 0.75, "sos4": 0.666667, "sos4_hi": 0.666667, "C2": 1.333333, "C4": 1.0, "tight": true, "t": 0.7}
{"L": 12, "gens": [1, 4], "m": 24, "opt": 0.75, "sos2": 0.841506, "sos4": 0.75, "sos4_hi": 0.75, "C2": 1.57735, "C4": 1.0, "tight": true, "t": 0.6}
{"L": 12, "gens": [1, 2, 5], "m": 36, "opt": 0.666667, "sos2": 0.75, "sos4": 0.666667, "sos4_hi": 0.666667, "C2": 1.333333, "C4": 1.0, "tight": true, "t": 0.6}
{"L": 12, "gens": [2, 4], "m": 24, "opt": 0.666667, "sos2": 0.75, "sos4": 0.666667, "sos4_hi": 0.666667, "C2": 1.333333, "C4": 1.0, "tight": true, "t": 0.5}
{"L": 12, "gens": [1, 3, 4], "m": 36, "opt": 0.666667, "sos2": 0.727671, "sos4": 0.666667, "sos4_hi": 0.666667, "C2": 1.224009, "C4": 1.0, "tight": true, "t": 0.9}
### L=12 best C4=1.000000 gens=[1, 2, 3]  (overall best 1.074139)
{"L": 13, "gens": [1, 2], "m": 26, "opt": 0.692308, "sos2": 0.775779, "sos4": 0.710544, "sos4_hi": 0.710548, "C2": 1.372272, "C4": 1.063003, "tight": false, "t": 7.8}
{"L": 13, "gens": [1, 3], "m": 26, "opt": 0.846154, "sos2": 0.929863, "sos4": 0.846154, "sos4_hi": 0.846154, "C2": 2.193514, "C4": 1.0, "tight": true, "t": 3.3}
{"L": 13, "gens": [2, 3], "m": 26, "opt": 0.769231, "sos2": 0.831387, "sos4": 0.770263, "sos4_hi": 0.770263, "C2": 1.36863, "C4": 1.004493, "tight": true, "t": 7.6}
{"L": 13, "gens": [1, 2, 3], "m": 39, "opt": 0.666667, "sos2": 0.700835, "sos4": 0.666667, "sos4_hi": 0.666667, "C2": 1.114212, "C4": 1.0, "tight": true, "t": 2.8}
{"L": 13, "gens": [1, 2, 4], "m": 39, "opt": 0.717949, "sos2": 0.766486, "sos4": 0.717949, "sos4_hi": 0.717949, "C2": 1.207856, "C4": 1.0, "tight": true, "t": 3.0}
{"L": 13, "gens": [1, 4], "m": 26, "opt": 0.846154, "sos2": 0.929863, "sos4": 0.846154, "sos4_hi": 0.846154, "C2": 2.193514, "C4": 1.0, "tight": true, "t": 3.4}
{"L": 13, "gens": [1, 2, 5], "m": 39, "opt": 0.769231, "sos2": 0.845676, "sos4": 0.769231, "sos4_hi": 0.769231, "C2": 1.495358, "C4": 1.0, "tight": true, "t": 3.3}
{"L": 13, "gens": [2, 4], "m": 26, "opt": 0.692308, "sos2": 0.775779, "sos4": 0.710544, "sos4_hi": 0.710548, "C2": 1.372272, "C4": 1.063003, "tight": false, "t": 7.7}
{"L": 13, "gens": [1, 3, 4], "m": 39, "opt": 0.666667, "sos2": 0.691898, "sos4": 0.666667, "sos4_hi": 0.666667, "C2": 1.081893, "C4": 1.0, "tight": true, "t": 7.4}
### L=13 best C4=1.063003 gens=[2, 4]  (overall best 1.074139)
{"L": 14, "gens": [1, 2], "m": 28, "opt": 0.714286, "sos2": 0.780872, "sos4": 0.714286, "sos4_hi": 0.714286, "C2": 1.303872, "C4": 1.0, "tight": true, "t": 2.3}
{"L": 14, "gens": [1, 3], "m": 28, "opt": 1.0, "sos2": 1.0, "sos4": 1.0, "sos4_hi": 1.0, "C2": 0.0, "C4": 0.0, "tight": true, "t": 11.1}
{"L": 14, "gens": [2, 3], "m": 28, "opt": 0.785714, "sos2": 0.881115, "sos4": 0.785714, "sos4_hi": 0.785714, "C2": 1.802457, "C4": 1.0, "tight": true, "t": 2.2}
{"L": 14, "gens": [1, 2, 3], "m": 42, "opt": 0.666667, "sos2": 0.71699, "sos4": 0.666667, "sos4_hi": 0.666667, "C2": 1.177813, "C4": 1.0, "tight": true, "t": 2.4}
{"L": 14, "gens": [1, 2, 4], "m": 42, "opt": 0.714286, "sos2": 0.791163, "sos4": 0.714286, "sos4_hi": 0.714286, "C2": 1.368123, "C4": 1.0, "tight": true, "t": 3.0}
{"L": 14, "gens": [1, 4], "m": 28, "opt": 0.785714, "sos2": 0.881115, "sos4": 0.785714, "sos4_hi": 0.785714, "C2": 1.802457, "C4": 1.0, "tight": true, "t": 2.5}
{"L": 14, "gens": [1, 2, 5], "m": 42, "opt": 0.761905, "sos2": 0.83741, "sos4": 0.761905, "sos4_hi": 0.761905, "C2": 1.464388, "C4": 1.0, "tight": true, "t": 5.1}
{"L": 14, "gens": [2, 4], "m": 28, "opt": 0.714286, "sos2": 0.780872, "sos4": 0.714286, "sos4_hi": 0.714286, "C2": 1.303872, "C4": 1.0, "tight": true, "t": 3.5}
{"L": 14, "gens": [1, 3, 4], "m": 42, "opt": 0.666667, "sos2": 0.724335, "sos4": 0.666667, "sos4_hi": 0.666667, "C2": 1.209198, "C4": 1.0, "tight": true, "t": 8.6}
### L=14 best C4=1.000000 gens=[1, 3, 4]  (overall best 1.074139)
{"L": 15, "gens": [1, 2], "m": 30, "opt": 0.733333, "sos2": 0.770669, "sos4": 0.733333, "sos4_hi": 0.733333, "C2": 1.162803, "C4": 1.0, "tight": true, "t": 8.7}
{"L": 15, "gens": [1, 3], "m": 30, "opt": 0.866667, "sos2": 0.946791, "sos4": 0.866667, "sos4_hi": 0.866667, "C2": 2.505849, "C4": 1.0, "tight": true, "t": 9.5}
{"L": 15, "gens": [2, 3], "m": 30, "opt": 0.8, "sos2": 0.904508, "sos4": 0.8, "sos4_hi": 0.8, "C2": 2.094427, "C4": 1.0, "tight": true, "t": 4.8}
{"L": 15, "gens": [1, 2, 3], "m": 45, "opt": 0.666667, "sos2": 0.718169, "sos4": 0.666667, "sos4_hi": 0.666667, "C2": 1.182744, "C4": 1.0, "tight": true, "t": 6.6}
{"L": 15, "gens": [1, 2, 4], "m": 45, "opt": 0.666667, "sos2": 0.75, "sos4": 0.680408, "sos4_hi": 0.680439, "C2": 1.333333, "C4": 1.042997, "tight": false, "t": 17.3}
{"L": 15, "gens": [1, 4], "m": 30, "opt": 0.8, "sos2": 0.904508, "sos4": 0.8, "sos4_hi": 0.8, "C2": 2.094427, "C4": 1.0, "tight": true, "t": 5.7}
{"L": 15, "gens": [1, 2, 5], "m": 45, "opt": 0.711111, "sos2": 0.763779, "sos4": 0.711111, "sos4_hi": 0.711111, "C2": 1.222962, "C4": 1.0, "tight": true, "t": 7.1}
{"L": 15, "gens": [2, 4], "m": 30, "opt": 0.733333, "sos2": 0.770669, "sos4": 0.733333, "sos4_hi": 0.733333, "C2": 1.162803, "C4": 1.0, "tight": true, "t": 8.8}
{"L": 15, "gens": [1, 3, 4], "m": 45, "opt": 0.666667, "sos2": 0.718169, "sos4": 0.666667, "sos4_hi": 0.666667, "C2": 1.182744, "C4": 1.0, "tight": true, "t": 16.1}
### L=15 best C4=1.042997 gens=[1, 2, 4]  (overall best 1.074139)
{"L": 16, "gens": [1, 2], "m": 32, "opt": 0.75, "sos2": 0.772448, "sos4": 0.75, "sos4_hi": 0.75, "C2": 1.098648, "C4": 1.0, "tight": true, "t": 19.7}
{"L": 16, "gens": [1, 3], "m": 32, "opt": 1.0, "sos2": 1.0, "sos4": 1.0, "sos4_hi": 1.0, "C2": 0.0, "C4": 0.0, "tight": true, "t": 28.9}
{"L": 16, "gens": [2, 3], "m": 32, "opt": 0.8125, "sos2": 0.907747, "sos4": 0.8125, "sos4_hi": 0.8125, "C2": 2.032445, "C4": 1.0, "tight": true, "t": 6.8}
{"L": 16, "gens": [1, 2, 3], "m": 48, "opt": 0.666667, "sos2": 0.70805, "sos4": 0.666667, "sos4_hi": 0.666667, "C2": 1.14175, "C4": 1.0, "tight": true, "t": 8.4}
{"L": 16, "gens": [1, 2, 4], "m": 48, "opt": 0.75, "sos2": 0.784518, "sos4": 0.75, "sos4_hi": 0.75, "C2": 1.160189, "C4": 1.0, "tight": true, "t": 14.8}
{"L": 16, "gens": [1, 4], "m": 32, "opt": 0.875, "sos2": 0.926777, "sos4": 0.875, "sos4_hi": 0.875, "C2": 1.707107, "C4": 1.0, "tight": true, "t": 24.9}
{"L": 16, "gens": [1, 2, 5], "m": 48, "opt": 0.75, "sos2": 0.835612, "sos4": 0.75, "sos4_hi": 0.75, "C2": 1.520789, "C4": 1.0, "tight": true, "t": 14.7}
{"L": 16, "gens": [2, 4], "m": 32, "opt": 0.75, "sos2": 0.75, "sos4": 0.75, "sos4_hi": 0.75, "C2": 1.0, "C4": 1.0, "tight": true, "t": 10.5}
{"L": 16, "gens": [1, 3, 4], "m": 48, "opt": 0.666667, "sos2": 0.71776, "sos4": 0.666667, "sos4_hi": 0.666668, "C2": 1.18103, "C4": 1.0, "tight": false, "t": 35.1}
### L=16 best C4=1.000000 gens=[1, 4]  (overall best 1.074139)
{"L": 17, "gens": [1, 2], "m": 34, "opt": 0.705882, "sos2": 0.78097, "sos4": 0.72084, "sos4_hi": 0.722598, "C2": 1.342819, "C4": 1.053583, "tight": false, "t": 43.7}
{"L": 17, "gens": [1, 3], "m": 34, "opt": 0.882353, "sos2": 0.958298, "sos4": 0.882353, "sos4_hi": 0.882353, "C2": 2.821107, "C4": 1.0, "tight": true, "t": 34.3}
{"L": 17, "gens": [2, 3], "m": 34, "opt": 0.823529, "sos2": 0.896402, "sos4": 0.823529, "sos4_hi": 0.823529, "C2": 1.703416, "C4": 1.0, "tight": true, "t": 37.3}
{"L": 17, "gens": [1, 2, 3], "m": 51, "opt": 0.666667, "sos2": 0.694061, "sos4": 0.666667, "sos4_hi": 0.666667, "C2": 1.089543, "C4": 1.0, "tight": true, "t": 27.6}
{"L": 17, "gens": [1, 2, 4], "m": 51, "opt": 0.705882, "sos2": 0.787752, "sos4": 0.705882, "sos4_hi": 0.705882, "C2": 1.385729, "C4": 1.0, "tight": true, "t": 8.6}
{"L": 17, "gens": [1, 4], "m": 34, "opt": 0.764706, "sos2": 0.863213, "sos4": 0.782373, "sos4_hi": 0.782373, "C2": 1.720149, "C4": 1.081179, "tight": true, "t": 30.8}
{"L": 17, "gens": [1, 2, 5], "m": 51, "opt": 0.784314, "sos2": 0.851142, "sos4": 0.784314, "sos4_hi": 0.784314, "C2": 1.448942, "C4": 1.0, "tight": true, "t": 25.1}
{"L": 17, "gens": [2, 4], "m": 34, "opt": 0.705882, "sos2": 0.78097, "sos4": 0.72084, "sos4_hi": 0.722598, "C2": 1.342819, "C4": 1.053583, "tight": false, "t": 32.0}
{"L": 17, "gens": [1, 3, 4], "m": 51, "opt": 0.666667, "sos2": 0.726764, "sos4": 0.666667, "sos4_hi": 0.666677, "C2": 1.219946, "C4": 1.0, "tight": false, "t": 33.2}
### L=17 best C4=1.081179 gens=[1, 4]  (overall best 1.081179)
{"L": 18, "gens": [1, 2], "m": 36, "opt": 0.722222, "sos2": 0.778335, "sos4": 0.722222, "sos4_hi": 0.722222, "C2": 1.253143, "C4": 1.0, "tight": true, "t": 22.7}
{"L": 18, "gens": [1, 3], "m": 36, "opt": 1.0, "sos2": 1.0, "sos4": 1.0, "sos4_hi": 1.0, "C2": 0.0, "C4": 0.0, "tight": true, "t": 39.4}
{"L": 18, "gens": [2, 3], "m": 36, "opt": 0.833333, "sos2": 0.875, "sos4": 0.833333, "sos4_hi": 0.833333, "C2": 1.333333, "C4": 1.0, "tight": true, "t": 30.3}
{"L": 18, "gens": [1, 2, 3], "m": 54, "opt": 0.666667, "sos2": 0.711007, "sos4": 0.666667, "sos4_hi": 0.666667, "C2": 1.153432, "C4": 1.0, "tight": true, "t": 14.4}
{"L": 18, "gens": [1, 2, 4], "m": 54, "opt": 0.703704, "sos2": 0.755348, "sos4": 0.703704, "sos4_hi": 0.703704, "C2": 1.211094, "C4": 1.0, "tight": true, "t": 37.6}
{"L": 18, "gens": [1, 4], "m": 36, "opt": 0.833333, "sos2": 0.926434, "sos4": 0.833333, "sos4_hi": 0.833333, "C2": 2.265548, "C4": 1.0, "tight": true, "t": 17.4}
{"L": 18, "gens": [1, 2, 5], "m": 54, "opt": 0.740741, "sos2": 0.813231, "sos4": 0.740741, "sos4_hi": 0.740741, "C2": 1.388127, "C4": 1.0, "tight": true, "t": 21.2}
{"L": 18, "gens": [2, 4], "m": 36, "opt": 0.666667, "sos2": 0.75, "sos4": 0.689674, "sos4_hi": 0.689679, "C2": 1.333333, "C4": 1.074139, "tight": false, "t": 38.5}
{"L": 18, "gens": [1, 3, 4], "m": 54, "opt": 0.666667, "sos2": 0.711007, "sos4": 0.666667, "sos4_hi": 0.666674, "C2": 1.153432, "C4": 1.0, "tight": false, "t": 39.2}
### L=18 best C4=1.074139 gens=[2, 4]  (overall best 1.081179)
{"L": 19, "gens": [1, 2], "m": 38, "opt": 0.736842, "sos2": 0.769744, "sos4": 0.736842, "sos4_hi": 0.736842, "C2": 1.142894, "C4": 1.0, "tight": true, "t": 38.3}
{"L": 19, "gens": [1, 3], "m": 38, "opt": 0.894737, "sos2": 0.966459, "sos4": 0.894737, "sos4_hi": 0.894737, "C2": 3.138321, "C4": 1.0, "tight": true, "t": 43.0}
{"L": 19, "gens": [2, 3], "m": 38, "opt": 0.789474, "sos2": 0.889189, "sos4": 0.796328, "sos4_hi": 0.803022, "C2": 1.899865, "C4": 1.033655, "tight": false, "t": 55.1}
{"L": 19, "gens": [1, 2, 3], "m": 57, "opt": 0.666667, "sos2": 0.718545, "sos4": 0.666667, "sos4_hi": 0.666667, "C2": 1.184322, "C4": 1.0, "tight": true, "t": 57.2}
{"L": 19, "gens": [1, 2, 4], "m": 57, "opt": 0.736842, "sos2": 0.791037, "sos4": 0.736842, "sos4_hi": 0.736842, "C2": 1.259352, "C4": 1.0, "tight": true, "t": 111.7}
{"L": 19, "gens": [1, 4], "m": 38, "opt": 0.842105, "sos2": 0.915911, "sos4": 0.842105, "sos4_hi": 0.842105, "C2": 1.877703, "C4": 1.0, "tight": true, "t": 438.5}
{"L": 19, "gens": [1, 2, 5], "m": 57, "opt": 0.736842, "sos2": 0.826408, "sos4": 0.736842, "sos4_hi": 0.736842, "C2": 1.51596, "C4": 1.0, "tight": true, "t": 156.6}
{"L": 19, "gens": [2, 4], "m": 38, "opt": 0.736842, "sos2": 0.769744, "sos4": 0.736842, "sos4_hi": 0.736842, "C2": 1.142894, "C4": 1.0, "tight": true, "t": 312.8}
{"L": 19, "gens": [1, 3, 4], "m": 57, "opt": 0.666667, "sos2": 0.727291, "sos4": 0.666667, "sos4_hi": 0.66669, "C2": 1.222306, "C4": 1.0, "tight": false, "t": 318.1}
### L=19 best C4=1.033655 gens=[2, 3]  (overall best 1.081179)
{"L": 20, "gens": [1, 2], "m": 40, "opt": 0.75, "sos2": 0.779508, "sos4": 0.75, "sos4_hi": 0.750002, "C2": 1.133831, "C4": 1.0, "tight": false, "t": 322.9}
{"L": 20, "gens": [1, 3], "m": 40, "opt": 1.0, "sos2": 1.0, "sos4": 1.0, "sos4_hi": 1.0, "C2": 0.0, "C4": 0.0, "tight": true, "t": 122.5}
{"L": 20, "gens": [2, 3], "m": 40, "opt": 0.8, "sos2": 0.904508, "sos4": 0.800069, "sos4_hi": 0.800711, "C2": 2.094427, "C4": 1.000345, "tight": false, "t": 207.2}
{"L": 20, "gens": [1, 2, 3], "m": 60, "opt": 0.666667, "sos2": 0.718169, "sos4": 0.666667, "sos4_hi": 0.666667, "C2": 1.182744, "C4": 1.0, "tight": true, "t": 60.5}
{"L": 20, "gens": [1, 2, 4], "m": 60, "opt": 0.7, "sos2": 0.784303, "sos4": 0.7, "sos4_hi": 0.7, "C2": 1.390841, "C4": 1.0, "tight": true, "t": 18.1}
{"L": 20, "gens": [1, 4], "m": 40, "opt": 0.8, "sos2": 0.904508, "sos4": 0.8, "sos4_hi": 0.8, "C2": 2.094427, "C4": 1.0, "tight": true, "t": 4.3}
{"L": 20, "gens": [1, 2, 5], "m": 60, "opt": 0.8, "sos2": 0.853006, "sos4": 0.8, "sos4_hi": 0.8, "C2": 1.360597, "C4": 1.0, "tight": true, "t": 9.9}
{"L": 20, "gens": [2, 4], "m": 40, "opt": 0.7, "sos2": 0.779508, "sos4": 0.7, "sos4_hi": 0.7, "C2": 1.360597, "C4": 1.0, "tight": true, "t": 7.7}
{"L": 20, "gens": [1, 3, 4], "m": 60, "opt": 0.666667, "sos2": 0.718169, "sos4": 0.666667, "sos4_hi": 0.666694, "C2": 1.182744, "C4": 1.0, "tight": false, "t": 11.1}
### L=20 best C4=1.000345 gens=[2, 3]  (overall best 1.081179)
{"L": 21, "gens": [1, 2], "m": 42, "opt": 0.714286, "sos2": 0.780872, "sos4": 0.726226, "sos4_hi": 0.73434, "C2": 1.303872, "C4": 1.043615, "tight": false, "t": 13.2}
{"L": 21, "gens": [1, 3], "m": 42, "opt": 0.904762, "sos2": 0.97245, "sos4": 0.904762, "sos4_hi": 0.904762, "C2": 3.456909, "C4": 1.0, "tight": true, "t": 13.2}
{"L": 21, "gens": [2, 3], "m": 42, "opt": 0.809524, "sos2": 0.908505, "sos4": 0.809524, "sos4_hi": 0.809524, "C2": 2.081825, "C4": 1.0, "tight": true, "t": 9.1}
{"L": 21, "gens": [1, 2, 3], "m": 63, "opt": 0.666667, "sos2": 0.711447, "sos4": 0.666667, "sos4_hi": 0.666667, "C2": 1.155188, "C4": 1.0, "tight": true, "t": 13.1}
{"L": 21, "gens": [1, 2, 4], "m": 63, "opt": 0.730159, "sos2": 0.774525, "sos4": 0.730159, "sos4_hi": 0.730159, "C2": 1.19677, "C4": 1.0, "tight": true, "t": 13.1}
{"L": 21, "gens": [1, 4], "m": 42, "opt": 0.857143, "sos2": 0.930471, "sos4": 0.857143, "sos4_hi": 0.857143, "C2": 2.054632, "C4": 1.0, "tight": true, "t": 13.6}
{"L": 21, "gens": [1, 2, 5], "m": 63, "opt": 0.761905, "sos2": 0.83741, "sos4": 0.761905, "sos4_hi": 0.761905, "C2": 1.464388, "C4": 1.0, "tight": true, "t": 12.3}
{"L": 21, "gens": [2, 4], "m": 42, "opt": 0.714286, "sos2": 0.780872, "sos4": 0.726226, "sos4_hi": 0.73434, "C2": 1.303872, "C4": 1.043615, "tight": false, "t": 13.0}
{"L": 21, "gens": [1, 3, 4], "m": 63, "opt": 0.666667, "sos2": 0.724335, "sos4": 0.666667, "sos4_hi": 0.666686, "C2": 1.209198, "C4": 1.0, "tight": false, "t": 13.5}
### L=21 best C4=1.043615 gens=[2, 4]  (overall best 1.081179)
{"L": 22, "gens": [1, 2], "m": 44, "opt": 0.727273, "sos2": 0.775452, "sos4": 0.727273, "sos4_hi": 0.727273, "C2": 1.214561, "C4": 1.0, "tight": true, "t": 16.7}
{"L": 22, "gens": [1, 3], "m": 44, "opt": 1.0, "sos2": 1.0, "sos4": 1.0, "sos4_hi": 1.0, "C2": 0.0, "C4": 0.0, "tight": true, "t": 16.8}
{"L": 22, "gens": [2, 3], "m": 44, "opt": 0.818182, "sos2": 0.903588, "sos4": 0.818182, "sos4_hi": 0.818182, "C2": 1.885854, "C4": 1.0, "tight": true, "t": 9.3}
{"L": 22, "gens": [1, 2, 3], "m": 66, "opt": 0.666667, "sos2": 0.705432, "sos4": 0.666667, "sos4_hi": 0.666668, "C2": 1.131601, "C4": 1.0, "tight": true, "t": 17.3}
{"L": 22, "gens": [1, 2, 4], "m": 66, "opt": 0.727273, "sos2": 0.792778, "sos4": 0.727273, "sos4_hi": 0.727273, "C2": 1.316112, "C4": 1.0, "tight": true, "t": 24.5}
{"L": 22, "gens": [1, 4], "m": 44, "opt": 0.818182, "sos2": 0.903588, "sos4": 0.818155, "sos4_hi": 0.819744, "C2": 1.885854, "C4": 0.999851, "tight": false, "t": 36.1}
{"L": 22, "gens": [1, 2, 5], "m": 66, "opt": 0.727273, "sos2": 0.818588, "sos4": 0.729729, "sos4_hi": 0.734749, "C2": 1.50336, "C4": 1.009089, "tight": false, "t": 33.9}
{"L": 22, "gens": [2, 4], "m": 44, "opt": 0.727273, "sos2": 0.775452, "sos4": 0.727273, "sos4_hi": 0.727273, "C2": 1.214561, "C4": 1.0, "tight": true, "t": 10.0}
{"L": 22, "gens": [1, 3, 4], "m": 66, "opt": 0.666667, "sos2": 0.725633, "sos4": 0.666667, "sos4_hi": 0.666813, "C2": 1.214919, "C4": 1.0, "tight": false, "t": 17.4}
### L=22 best C4=1.009089 gens=[1, 2, 5]  (overall best 1.081179)
{"L": 23, "gens": [1, 2], "m": 46, "opt": 0.73913, "sos2": 0.777648, "sos4": 0.73913, "sos4_hi": 0.73913, "C2": 1.173226, "C4": 1.0, "tight": true, "t": 20.0}
{"L": 23, "gens": [1, 3], "m": 46, "opt": 0.913043, "sos2": 0.976974, "sos4": 0.913043, "sos4_hi": 0.913043, "C2": 3.7765, "C4": 1.0, "tight": true, "t": 19.8}
{"L": 23, "gens": [2, 3], "m": 46, "opt": 0.826087, "sos2": 0.891842, "sos4": 0.826087, "sos4_hi": 0.826087, "C2": 1.607947, "C4": 1.0, "tight": true, "t": 19.6}
{"L": 23, "gens": [1, 2, 3], "m": 69, "opt": 0.666667, "sos2": 0.715073, "sos4": 0.666667, "sos4_hi": 0.666682, "C2": 1.169889, "C4": 1.0, "tight": false, "t": 20.5}
{"L": 23, "gens": [1, 2, 4], "m": 69, "opt": 0.695652, "sos2": 0.781212, "sos4": 0.705807, "sos4_hi": 0.712324, "C2": 1.391062, "C4": 1.034519, "tight": false, "t": 20.8}
{"L": 23, "gens": [1, 4], "m": 46, "opt": 0.826087, "sos2": 0.923231, "sos4": 0.826087, "sos4_hi": 0.826087, "C2": 2.265397, "C4": 1.0, "tight": true, "t": 18.9}
{"L": 23, "gens": [1, 2, 5], "m": 69, "opt": 0.782609, "sos2": 0.850213, "sos4": 0.782609, "sos4_hi": 0.782609, "C2": 1.451334, "C4": 1.0, "tight": true, "t": 20.9}
{"L": 23, "gens": [2, 4], "m": 46, "opt": 0.73913, "sos2": 0.777648, "sos4": 0.73913, "sos4_hi": 0.73913, "C2": 1.173226, "C4": 1.0, "tight": true, "t": 19.5}
{"L": 23, "gens": [1, 3, 4], "m": 69, "opt": 0.666667, "sos2": 0.720056, "sos4": 0.666667, "sos4_hi": 0.666758, "C2": 1.190712, "C4": 1.0, "tight": false, "t": 20.4}
### L=23 best C4=1.034519 gens=[1, 2, 4]  (overall best 1.081179)
{"L": 24, "gens": [1, 2], "m": 48, "opt": 0.75, "sos2": 0.781211, "sos4": 0.740959, "sos4_hi": 0.753828, "C2": 1.142654, "C4": 0.965097, "tight": false, "t": 26.0}
{"L": 24, "gens": [1, 3], "m": 48, "opt": 1.0, "sos2": 1.0, "sos4": 0.999999, "sos4_hi": 1.0, "C2": 0.0, "C4": 0.0, "tight": false, "t": 26.8}
{"L": 24, "gens": [2, 3], "m": 48, "opt": 0.833333, "sos2": 0.893283, "sos4": 0.833333, "sos4_hi": 0.834349, "C2": 1.561764, "C4": 1.0, "tight": false, "t": 25.8}
{"L": 24, "gens": [1, 2, 3], "m": 72, "opt": 0.666667, "sos2": 0.719052, "sos4": 0.666667, "sos4_hi": 0.66667, "C2": 1.18646, "C4": 1.0, "tight": false, "t": 28.1}
{"L": 24, "gens": [1, 2, 4], "m": 72, "opt": 0.75, "sos2": 0.784518, "sos4": 0.749998, "sos4_hi": 0.753399, "C2": 1.160189, "C4": 0.999993, "tight": false, "t": 28.4}
{"L": 24, "gens": [1, 4], "m": 48, "opt": 0.875, "sos2": 0.926777, "sos4": 0.875, "sos4_hi": 0.942126, "C2": 1.707107, "C4": 0.999997, "tight": false, "t": 26.7}
{"L": 24, "gens": [1, 2, 5], "m": 72, "opt": 0.777778, "sos2": 0.848462, "sos4": 0.777778, "sos4_hi": 0.777778, "C2": 1.466443, "C4": 1.0, "tight": true, "t": 27.8}
{"L": 24, "gens": [2, 4], "m": 48, "opt": 0.75, "sos2": 0.75, "sos4": 0.75, "sos4_hi": 0.75, "C2": 1.0, "C4": 1.0, "tight": true, "t": 18.6}
{"L": 24, "gens": [1, 3, 4], "m": 72, "opt": 0.666667, "sos2": 0.727671, "sos4": 0.666667, "sos4_hi": 0.66677, "C2": 1.224009, "C4": 1.0, "tight": false, "t": 28.2}
### L=24 best C4=1.000000 gens=[2, 4]  (overall best 1.081179)
