reference: odd cycles at degree 2: C5=2.0944 C7=2.8851 C9=3.6848
  it    0  C=1.0000 (best 1.0000)  opt=0.8027  R4=0.8027  active=36
  it   25  C=1.0000 (best 1.0000)  opt=0.8021  R4=0.8021  active=30
  it   50  C=1.0000 (best 1.0000)  opt=0.8742  R4=0.8742  active=29
  it   75  C=1.0000 (best 1.0000)  opt=0.8364  R4=0.8364  active=23
  it  100  C=1.0000 (best 1.0000)  opt=0.8339  R4=0.8339  active=20
  it  125  C=1.0000 (best 1.0000)  opt=0.9084  R4=0.9084  active=19
  it  150  C=1.0000 (best 1.0000)  opt=0.9680  R4=0.9680  active=15
  it  175  C=1.0000 (best 1.0000)  opt=0.9653  R4=0.9653  active=12
  it  200  C=1.0000 (best 1.0002)  opt=0.9975  R4=0.9975  active=14
  it  225  C=1.0000 (best 1.0002)  opt=0.9910  R4=0.9910  active=15
  it  250  C=1.0000 (best 1.0002)  opt=0.9174  R4=0.9174  active=12
  it  275  C=1.0000 (best 1.0011)  opt=0.9997  R4=0.9997  active=10
  it  300  C=1.0000 (best 1.0011)  opt=0.8490  R4=0.8490  active=15
  it  325  C=1.0000 (best 1.0011)  opt=0.9401  R4=0.9401  active=15
  it  350  C=1.0000 (best 1.0011)  opt=0.9890  R4=0.9890  active=12
  it  375  C=1.0000 (best 1.0011)  opt=0.9171  R4=0.9171  active=14
[K9 d=4 seed=0] best C=1.0000  opt=0.99972  R=0.99972  active=11  (177s)
  it    0  C=1.0000 (best 1.0000)  opt=0.8555  R4=0.8555  active=36
  it   25  C=1.0000 (best 1.0000)  opt=0.9060  R4=0.9060  active=30
  it   50  C=1.0000 (best 1.0000)  opt=0.8619  R4=0.8619  active=28
  it   75  C=1.0000 (best 1.0000)  opt=0.8952  R4=0.8952  active=24
  it  100  C=1.0000 (best 1.0000)  opt=0.8506  R4=0.8506  active=24
  it  125  C=1.0000 (best 1.0000)  opt=0.9176  R4=0.9176  active=21
  it  150  C=1.0000 (best 1.0000)  opt=0.8767  R4=0.8767  active=23
  it  175  C=1.0000 (best 1.0000)  opt=0.8497  R4=0.8497  active=20
  it  200  C=1.0000 (best 1.0000)  opt=0.8424  R4=0.8424  active=21
  it  225  C=1.0000 (best 1.0000)  opt=0.9540  R4=0.9540  active=14
  it  250  C=1.0000 (best 1.0000)  opt=0.9510  R4=0.9510  active=17
  it  275  C=1.0000 (best 1.0000)  opt=0.8013  R4=0.8013  active=18
  it  300  C=1.0000 (best 1.0000)  opt=0.9164  R4=0.9164  active=18
  it  325  C=1.0000 (best 1.0000)  opt=0.8489  R4=0.8489  active=19
  it  350  C=1.0000 (best 1.0000)  opt=0.8065  R4=0.8065  active=19
  it  375  C=1.0000 (best 1.0000)  opt=0.8476  R4=0.8476  active=19
[K9 d=4 seed=1] best C=1.0000  opt=0.91219  R=0.91219  active=16  (186s)
  it    0  C=1.0000 (best 1.0000)  opt=0.7636  R4=0.7636  active=36
  it   25  C=1.0000 (best 1.0000)  opt=0.8242  R4=0.8242  active=35
  it   50  C=1.0000 (best 1.0000)  opt=0.8229  R4=0.8229  active=31
  it   75  C=1.0000 (best 1.0000)  opt=0.9164  R4=0.9164  active=32
  it  100  C=1.0000 (best 1.0000)  opt=0.7641  R4=0.7641  active=27
  it  125  C=1.0000 (best 1.0000)  opt=0.8683  R4=0.8683  active=25
  it  150  C=1.0000 (best 1.0000)  opt=0.7967  R4=0.7967  active=21
  it  175  C=1.0000 (best 1.0000)  opt=0.9484  R4=0.9484  active=19
  it  200  C=1.0000 (best 1.0000)  opt=0.9438  R4=0.9438  active=16
  it  225  C=1.0000 (best 1.0000)  opt=0.9161  R4=0.9161  active=18
  it  250  C=1.0000 (best 1.0000)  opt=0.8695  R4=0.8695  active=17
  it  275  C=1.0000 (best 1.0000)  opt=0.9445  R4=0.9445  active=15
  it  300  C=1.0000 (best 1.0000)  opt=0.8201  R4=0.8201  active=14
  it  325  C=1.0000 (best 1.0000)  opt=0.8483  R4=0.8483  active=16
  it  350  C=1.0000 (best 1.0000)  opt=0.9211  R4=0.9211  active=16
  it  375  C=1.0000 (best 1.0000)  opt=0.8088  R4=0.8088  active=15
[K9 d=4 seed=2] best C=1.0000  opt=0.98118  R=0.98118  active=18  (153s)
