reference: odd cycles at degree 2: C5=2.0944 C7=2.8851 C9=3.6848
  it    0  C=1.0702 (best 1.0800)  opt=0.8027  R2=0.8157  active=36
  it   25  C=1.1580 (best 1.2697)  opt=0.8203  R2=0.8449  active=32
  it   50  C=1.2087 (best 1.2697)  opt=0.7697  R2=0.8095  active=31
  it   75  C=1.1791 (best 1.2768)  opt=0.8071  R2=0.8364  active=26
  it  100  C=1.0673 (best 1.2768)  opt=0.8412  R2=0.8512  active=25
  it  125  C=1.3575 (best 1.3575)  opt=0.7965  R2=0.8501  active=23
  it  150  C=1.3332 (best 1.3826)  opt=0.8052  R2=0.8539  active=21
  it  175  C=1.2618 (best 1.3826)  opt=0.8244  R2=0.8608  active=19
  it  200  C=1.6440 (best 1.6440)  opt=0.8014  R2=0.8792  active=16
  it  225  C=1.5634 (best 1.6440)  opt=0.8002  R2=0.8722  active=17
  it  250  C=1.6549 (best 1.6549)  opt=0.8111  R2=0.8859  active=17
  it  275  C=1.6492 (best 1.6549)  opt=0.8228  R2=0.8925  active=17
  it  300  C=1.6585 (best 1.6585)  opt=0.8165  R2=0.8894  active=16
  it  325  C=1.6585 (best 1.6585)  opt=0.8165  R2=0.8894  active=16
  it  350  C=1.6585 (best 1.6585)  opt=0.8165  R2=0.8894  active=16
  it  375  C=1.6525 (best 1.6585)  opt=0.8181  R2=0.8899  active=15
[K9 d=2 seed=0] best C=1.6585  opt=0.81651  R=0.88936  active=16  (3s)
  it    0  C=1.1093 (best 1.1093)  opt=0.7903  R2=0.8110  active=36
  it   25  C=1.2878 (best 1.2878)  opt=0.8137  R2=0.8554  active=32
  it   50  C=1.3933 (best 1.3933)  opt=0.8201  R2=0.8709  active=31
  it   75  C=1.5213 (best 1.5452)  opt=0.8369  R2=0.8928  active=28
  it  100  C=1.6500 (best 1.7477)  opt=0.8456  R2=0.9064  active=27
  it  125  C=1.8023 (best 1.8023)  opt=0.8345  R2=0.9081  active=24
  it  150  C=1.7909 (best 1.8023)  opt=0.8378  R2=0.9094  active=22
  it  175  C=1.7226 (best 1.8023)  opt=0.8509  R2=0.9134  active=21
  it  200  C=1.7286 (best 1.8023)  opt=0.8506  R2=0.9136  active=21
  it  225  C=1.8998 (best 1.8998)  opt=0.8419  R2=0.9168  active=21
  it  250  C=1.8819 (best 1.9218)  opt=0.8415  R2=0.9158  active=21
  it  275  C=1.8551 (best 1.9218)  opt=0.8469  R2=0.9175  active=20
  it  300  C=1.8689 (best 1.9218)  opt=0.8480  R2=0.9187  active=19
  it  325  C=1.8709 (best 1.9218)  opt=0.8471  R2=0.9183  active=18
  it  350  C=1.8985 (best 1.9218)  opt=0.8543  R2=0.9232  active=15
  it  375  C=1.8985 (best 1.9218)  opt=0.8543  R2=0.9232  active=15
[K9 d=2 seed=1] best C=1.9218  opt=0.84153  R=0.91754  active=20  (2s)
  it    0  C=1.1309 (best 1.1309)  opt=0.7216  R2=0.7538  active=36
  it   25  C=1.2843 (best 1.2843)  opt=0.7727  R2=0.8230  active=34
  it   50  C=1.2850 (best 1.4173)  opt=0.7804  R2=0.8291  active=34
  it   75  C=1.4634 (best 1.4634)  opt=0.7907  R2=0.8570  active=29
  it  100  C=1.5862 (best 1.5862)  opt=0.7958  R2=0.8713  active=23
  it  125  C=1.5525 (best 1.5862)  opt=0.7996  R2=0.8709  active=22
  it  150  C=1.5807 (best 1.5862)  opt=0.8109  R2=0.8804  active=21
  it  175  C=1.5823 (best 1.5872)  opt=0.8165  R2=0.8841  active=19
  it  200  C=1.6137 (best 1.6344)  opt=0.8173  R2=0.8868  active=15
  it  225  C=1.7146 (best 1.7146)  opt=0.8245  R2=0.8976  active=15
  it  250  C=1.7680 (best 1.7680)  opt=0.8226  R2=0.8997  active=15
  it  275  C=1.7561 (best 1.7690)  opt=0.8230  R2=0.8992  active=15
  it  300  C=1.7954 (best 1.7954)  opt=0.8243  R2=0.9021  active=15
  it  325  C=1.7954 (best 1.7954)  opt=0.8243  R2=0.9021  active=15
  it  350  C=1.8106 (best 1.8106)  opt=0.8223  R2=0.9018  active=15
  it  375  C=1.8170 (best 1.8170)  opt=0.8217  R2=0.9019  active=15
[K9 d=2 seed=2] best C=1.8170  opt=0.82171  R=0.90188  active=15  (2s)
