[K16, n=16, m=120, degree 4, D=137]  odd-cycle refs d=2: C5=2.094 C7=2.885 C9=3.685 C11=4.489 C13=5.294 C15=6.102
  start C5     seed 0: C=1.0000 opt=0.80000 R=[0.80000,0.80009] active=5 (4699s)
  start C7     seed 0: C=1.0000 opt=0.85714 R=[0.85714,0.85728] active=7 (6234s)
  start C9     seed 0: C=1.0000 opt=0.88889 R=[0.88889,0.88903] active=9 (6038s)
  start C11    seed 0: C=1.0000 opt=0.90909 R=[0.90909,0.90930] active=11 (4874s)
0000) opt=0.94496 R=[0.94496,0.94533] active=11
  it  100 C=1.0000 (best 1.0000) opt=0.96096 R=[0.96096,0.96110] active=7
  it  120 C=1.0000 (best 1.0000) opt=0.96692 R=[0.96692,0.96714] active=9
  it  140 C=1.0000 (best 1.0000) opt=0.97100 R=[0.97100,0.97188] active=11
  it  160 C=0.9999 (best 1.0000) opt=0.95298 R=[0.95298,0.95452] active=12
  it  180 C=0.9806 (best 1.0000) opt=0.94592 R=[0.94485,0.95228] active=11
  start C5     seed 0: C=1.0000 opt=0.90000 R=[0.90000,0.90000] active=6 (497s)
  it    0 C=1.0000 (best 1.0000) opt=0.85714 R=[0.85714,0.85723] active=7
  it   20 C=1.0000 (best 1.0000) opt=0.97904 R=[0.97904,0.97927] active=10
  it   40 C=0.9438 (best 1.0000) opt=0.97493 R=[0.97344,0.98735] active=13
  it   60 C=0.9753 (best 1.0000) opt=0.96621 R=[0.96535,0.96857] active=13
  it   80 C=0.9707 (best 1.0000) opt=0.96127 R=[0.96010,0.96706] active=16
  it  100 C=0.9999 (best 1.0000) opt=0.98749 R=[0.98749,1.00000] active=17
  it  120 C=0.9856 (best 1.0000) opt=0.97717 R=[0.97683,0.98994] active=16
  it  140 C=0.9718 (best 1.0000) opt=0.97658 R=[0.97590,0.97841] active=13
  it  160 C=0.9998 (best 1.0000) opt=0.97649 R=[0.97649,0.98013] active=13
  it  180 C=0.9998 (best 1.0000) opt=0.93907 R=[0.93906,0.93940] active=15
  start C7     seed 0: C=1.0000 opt=0.85714 R=[0.85714,0.85714] active=7 (653s)
  it    0 C=1.0000 (best 1.0000) opt=0.88889 R=[0.88889,0.88900] active=9
  it   20 C=0.9998 (best 1.0000) opt=0.98142 R=[0.98141,0.98225] active=11
  it   40 C=0.9880 (best 1.0000) opt=0.96736 R=[0.96696,0.97556] active=13
  it   60 C=0.9997 (best 1.0000) opt=0.98559 R=[0.98558,0.99911] active=15
  it   80 C=0.9999 (best 1.0000) opt=0.88980 R=[0.88978,0.89037] active=14
  it  100 C=0.9917 (best 1.0000) opt=0.91369 R=[0.91297,0.91472] active=15
  it  120 C=0.9806 (best 1.0000) opt=0.95355 R=[0.95263,0.95441] active=18
  it  140 C=1.0000 (best 1.0000) opt=0.96442 R=[0.96442,0.96753] active=16
  it  160 C=1.0000 (best 1.0000) opt=0.96300 R=[0.96300,0.96899] active=18
  it  180 C=0.9935 (best 1.0000) opt=0.96249 R=[0.96224,0.96291] active=19
  start C9     seed 0: C=1.0000 opt=0.87000 R=[0.87000,0.87000] active=12 (732s)
  it    0 C=1.0000 (best 1.0000) opt=0.90909 R=[0.90909,0.90923] active=11
  it   20 C=0.9697 (best 1.0000) opt=0.97387 R=[0.97306,0.97685] active=15
  it   40 C=0.9875 (best 1.0000) opt=0.95261 R=[0.95200,0.95409] active=17
  it   60 C=0.9757 (best 1.0000) opt=0.92588 R=[0.92404,0.93025] active=20
  it   80 C=1.0000 (best 1.0000) opt=0.94457 R=[0.94457,0.94503] active=20
  it  100 C=0.9809 (best 1.0000) opt=0.94453 R=[0.94345,0.94499] active=19
  it  120 C=0.9895 (best 1.0000) opt=0.90141 R=[0.90036,0.90344] active=18
  it  140 C=1.0000 (best 1.0000) opt=0.95925 R=[0.95925,0.96123] active=21
  it  160 C=1.0000 (best 1.0000) opt=0.97317 R=[0.97317,0.98058] active=17
  it  180 C=0.9998 (best 1.0000) opt=0.98168 R=[0.98168,1.00000] active=18
  start C11    seed 0: C=1.0000 opt=0.97559 R=[0.97559,0.97559] active=17 (682s)
  it    0 C=1.0000 (best 1.0000) opt=0.92308 R=[0.92308,0.92334] active=13
  it   20 C=0.9146 (best 1.0000) opt=0.94339 R=[0.93810,0.94803] active=15
  it   40 C=0.9835 (best 1.0000) opt=0.93830 R=[0.93727,0.93886] active=17
  it   60 C=0.9999 (best 1.0000) opt=0.91208 R=[0.91207,0.91550] active=17
  it   80 C=0.9236 (best 1.0000) opt=0.93054 R=[0.92480,0.93316] active=21
  it  100 C=0.9817 (best 1.0000) opt=0.95453 R=[0.95368,0.96329] active=19
  it  120 C=0.9524 (best 1.0000) opt=0.90066 R=[0.89569,0.90201] active=17
  it  140 C=0.9657 (best 1.0000) opt=0.91769 R=[0.91477,0.92845] active=16
  it  160 C=0.9959 (best 1.0000) opt=0.94034 R=[0.94009,0.94887] active=16
  it  180 C=0.9778 (best 1.0000) opt=0.91272 R=[0.91074,0.91900] active=15
  start C13    seed 0: C=1.0000 opt=0.93835 R=[0.93835,0.93835] active=14 (682s)
  it    0 C=1.0000 (best 1.0000) opt=0.93333 R=[0.93333,0.93345] active=15
  it   20 C=0.7757 (best 1.0000) opt=0.97058 R=[0.96207,0.97341] active=15
  it   40 C=0.9998 (best 1.0000) opt=0.99409 R=[0.99408,0.99817] active=14
  it   60 C=0.9997 (best 1.0000) opt=0.98683 R=[0.98683,0.99288] active=16
  it   80 C=0.9692 (best 1.0000) opt=0.92067 R=[0.91815,0.92538] active=16
  it  100 C=0.9590 (best 1.0000) opt=0.97153 R=[0.97032,0.97868] active=14
  it  120 C=0.9940 (best 1.0000) opt=0.95542 R=[0.95515,0.95755] active=16
  it  140 C=0.9907 (best 1.0000) opt=0.95052 R=[0.95005,0.95163] active=16
  it  160 C=0.9997 (best 1.0000) opt=0.97723 R=[0.97722,0.98297] active=16
  it  180 C=1.0000 (best 1.0000) opt=0.94358 R=[0.94358,0.94596] active=15
  start C15    seed 0: C=1.0000 opt=0.93333 R=[0.93333,0.93333] active=15 (652s)
  it    0 C=0.9867 (best 0.9933) opt=0.72433 R=[0.72062,0.72505] active=120
  it   20 C=0.9997 (best 1.0000) opt=0.91101 R=[0.91098,0.95439] active=112
  it   40 C=0.9994 (best 1.0000) opt=0.84594 R=[0.84585,0.84968] active=111
  it   60 C=0.9998 (best 1.0000) opt=0.84055 R=[0.84053,0.88120] active=107
  it   80 C=0.9999 (best 1.0000) opt=0.95961 R=[0.95961,0.96999] active=100
  it  100 C=0.9999 (best 1.0000) opt=0.89121 R=[0.89120,0.91895] active=94
  it  120 C=1.0000 (best 1.0000) opt=0.91883 R=[0.91883,0.98510] active=83
  it  140 C=0.9998 (best 1.0000) opt=0.92310 R=[0.92309,0.93017] active=61
  it  160 C=0.9740 (best 1.0000) opt=0.85156 R=[0.84759,0.85253] active=53
  it  180 C=0.9979 (best 1.0000) opt=0.89287 R=[0.89265,0.89728] active=51
  start rand0  seed 0: C=1.0000 opt=0.87616 R=[0.87616,0.87618] active=75 (691s)
  it    0 C=0.9854 (best 0.9987) opt=0.75023 R=[0.74653,0.75278] active=118
  it   20 C=0.9965 (best 1.0000) opt=0.72542 R=[0.72447,0.72576] active=114
  it   40 C=0.9997 (best 1.0000) opt=0.90118 R=[0.90115,0.96347] active=108
  it   60 C=1.0000 (best 1.0000) opt=0.83767 R=[0.83766,0.86307] active=95
  it   80 C=0.9333 (best 1.0000) opt=0.84177 R=[0.83047,0.84646] active=91
  it  100 C=0.9998 (best 1.0000) opt=0.94803 R=[0.94802,1.00000] active=80
  it  120 C=0.9999 (best 1.0000) opt=0.91122 R=[0.91121,0.91908] active=79
  it  140 C=0.9999 (best 1.0000) opt=0.87241 R=[0.87240,0.87841] active=73
  it  160 C=0.9872 (best 1.0000) opt=0.85387 R=[0.85198,0.85621] active=71
  it  180 C=0.9837 (best 1.0000) opt=0.85566 R=[0.85327,0.85896] active=71
  start rand1  seed 0: C=0.9835 opt=0.89595 R=[0.89421,0.90078] active=92 (698s)
