[K16, n=16, m=120, degree 2, D=17]  odd-cycle refs d=2: C5=2.094 C7=2.885 C9=3.685 C11=4.489 C13=5.294 C15=6.102
  start C5     seed 0: C=2.0944 opt=0.80000 R=[0.90451,0.90451] active=5 (3023s)
  start C7     seed 0: C=2.8851 opt=0.85714 R=[0.95048,0.95049] active=7 (5522s)
  start C9     seed 0: C=3.6847 opt=0.88889 R=[0.96985,0.96986] active=9 (4593s)
  start C11    seed 0: C=4.4884 opt=0.90909 R=[0.97975,0.97976] active=11 (4623s)
  start C13    seed 0: C=5.2942 opt=0.92308 R=[0.98547,0.98547] active=13 (4003s)
pt=0.93826 R=[0.95989,0.96047] active=13
  it  120 C=1.6241 (best 2.0944) opt=0.92857 R=[0.95602,0.95603] active=11
  it  140 C=1.7167 (best 2.0944) opt=0.90906 R=[0.94703,0.94704] active=10
  it  160 C=1.9422 (best 2.0944) opt=0.89471 R=[0.94579,0.94582] active=10
  it  180 C=1.9422 (best 2.0944) opt=0.91945 R=[0.95853,0.95858] active=14
  start C5     seed 0: C=2.0944 opt=0.83467 R=[0.92106,0.92106] active=8 (61s)
  it    0 C=2.8851 (best 2.8851) opt=0.85714 R=[0.95048,0.95049] active=7
  it   20 C=2.6025 (best 2.8851) opt=0.89411 R=[0.95931,0.95932] active=9
  it   40 C=2.2445 (best 2.8851) opt=0.93392 R=[0.97056,0.97062] active=14
  it   60 C=2.6911 (best 2.8851) opt=0.91399 R=[0.96804,0.96810] active=13
  it   80 C=2.4821 (best 2.8851) opt=0.92611 R=[0.97023,0.97143] active=15
  it  100 C=2.4975 (best 2.8851) opt=0.91200 R=[0.96477,0.96478] active=12
  it  120 C=2.6139 (best 2.8851) opt=0.90720 R=[0.96450,0.96451] active=12
  it  140 C=2.6139 (best 2.8851) opt=0.90865 R=[0.96505,0.96506] active=12
  it  160 C=2.6139 (best 2.8851) opt=0.91272 R=[0.96661,0.96662] active=13
  it  180 C=2.6139 (best 2.8851) opt=0.92081 R=[0.96971,0.96972] active=14
  start C7     seed 0: C=2.8851 opt=0.85714 R=[0.95048,0.95048] active=7 (26s)
  it    0 C=3.6848 (best 3.6848) opt=0.88889 R=[0.96985,0.96985] active=9
  it   20 C=3.3336 (best 3.6848) opt=0.91476 R=[0.97443,0.97444] active=12
  it   40 C=2.9328 (best 3.6848) opt=0.93683 R=[0.97846,0.97849] active=15
  it   60 C=3.1589 (best 3.6848) opt=0.92605 R=[0.97659,0.97663] active=13
  it   80 C=3.3535 (best 3.6848) opt=0.92749 R=[0.97838,0.97858] active=16
  it  100 C=3.3332 (best 3.6848) opt=0.90902 R=[0.97270,0.97272] active=11
  it  120 C=3.3332 (best 3.6848) opt=0.91141 R=[0.97342,0.97344] active=11
  it  140 C=3.3016 (best 3.6848) opt=0.92541 R=[0.97741,0.97742] active=13
  it  160 C=3.5264 (best 3.6848) opt=0.91463 R=[0.97579,0.97581] active=12
  it  180 C=3.5264 (best 3.6848) opt=0.91897 R=[0.97702,0.97704] active=14
  start C9     seed 0: C=3.6848 opt=0.88889 R=[0.96985,0.96985] active=9 (27s)
  it    0 C=4.4885 (best 4.4886) opt=0.90909 R=[0.97975,0.97976] active=11
  it   20 C=4.2459 (best 4.4886) opt=0.92540 R=[0.98243,0.98251] active=14
  it   40 C=4.0987 (best 4.4886) opt=0.93482 R=[0.98410,0.98414] active=16
  it   60 C=3.9113 (best 4.4886) opt=0.93327 R=[0.98294,0.98309] active=15
  it   80 C=3.8286 (best 4.4886) opt=0.93457 R=[0.98291,0.98297] active=15
  it  100 C=4.1413 (best 4.4886) opt=0.92221 R=[0.98122,0.98125] active=12
  it  120 C=4.0997 (best 4.4886) opt=0.92528 R=[0.98177,0.98179] active=13
  it  140 C=4.0997 (best 4.4886) opt=0.93123 R=[0.98322,0.98328] active=14
  it  160 C=4.0996 (best 4.4886) opt=0.93332 R=[0.98373,0.98380] active=15
  it  180 C=4.1770 (best 4.4886) opt=0.93459 R=[0.98434,0.98440] active=15
  start C11    seed 0: C=4.4886 opt=0.90909 R=[0.97975,0.97975] active=11 (36s)
  it    0 C=5.2944 (best 5.2944) opt=0.92308 R=[0.98547,0.98550] active=13
  it   20 C=5.0131 (best 5.2944) opt=0.93341 R=[0.98672,0.98679] active=14
  it   40 C=4.9016 (best 5.2944) opt=0.93916 R=[0.98759,0.98761] active=15
  it   60 C=4.7379 (best 5.2944) opt=0.94362 R=[0.98810,0.98831] active=16
  it   80 C=4.5735 (best 5.2944) opt=0.94124 R=[0.98715,0.98729] active=15
  it  100 C=5.0083 (best 5.2944) opt=0.93910 R=[0.98784,0.98789] active=16
  it  120 C=4.8891 (best 5.2944) opt=0.93913 R=[0.98755,0.98774] active=16
  it  140 C=4.8490 (best 5.2944) opt=0.93695 R=[0.98700,0.98709] active=15
  it  160 C=4.8491 (best 5.2944) opt=0.93695 R=[0.98700,0.98705] active=15
  it  180 C=4.8491 (best 5.2944) opt=0.93225 R=[0.98603,0.98604] active=14
  start C13    seed 0: C=5.2944 opt=0.92308 R=[0.98547,0.98547] active=13 (44s)
  it    0 C=6.1015 (best 6.1015) opt=0.93333 R=[0.98907,0.98910] active=15
  it   20 C=5.7396 (best 6.1015) opt=0.93760 R=[0.98913,0.98924] active=15
  it   40 C=5.5419 (best 6.1015) opt=0.94287 R=[0.98969,0.98982] active=16
  it   60 C=5.3365 (best 6.1015) opt=0.94315 R=[0.98935,0.98940] active=16
  it   80 C=5.7698 (best 6.1015) opt=0.93838 R=[0.98932,0.98959] active=16
  it  100 C=5.7862 (best 6.1015) opt=0.93827 R=[0.98933,0.98943] active=16
  it  120 C=5.6913 (best 6.1015) opt=0.93930 R=[0.98934,0.98980] active=16
  it  140 C=5.7098 (best 6.1015) opt=0.93903 R=[0.98932,0.98938] active=16
  it  160 C=5.7098 (best 6.1015) opt=0.93903 R=[0.98932,0.98942] active=16
  it  180 C=5.7096 (best 6.1015) opt=0.93903 R=[0.98932,0.98947] active=16
  start C15    seed 0: C=6.1015 opt=0.93333 R=[0.98907,0.98907] active=15 (40s)
  it    0 C=1.0903 (best 1.1027) opt=0.72433 R=[0.74715,0.74720] active=120
  it   20 C=1.1641 (best 1.1641) opt=0.77016 R=[0.80256,0.80257] active=114
  it   40 C=1.1888 (best 1.1888) opt=0.76845 R=[0.80522,0.80525] active=109
  it   60 C=1.1909 (best 1.1909) opt=0.81476 R=[0.84446,0.84448] active=100
  it   80 C=1.2758 (best 1.3500) opt=0.84322 R=[0.87712,0.87712] active=94
  it  100 C=1.3426 (best 1.4159) opt=0.84026 R=[0.88103,0.88108] active=92
  it  120 C=1.5295 (best 1.5295) opt=0.87426 R=[0.91779,0.91780] active=78
  it  140 C=1.6307 (best 1.6307) opt=0.86973 R=[0.92011,0.92015] active=77
  it  160 C=1.6396 (best 1.6437) opt=0.86896 R=[0.92008,0.92009] active=76
  it  180 C=1.6542 (best 1.6542) opt=0.86736 R=[0.91982,0.91982] active=74
  start rand0  seed 0: C=1.7219 opt=0.85877 R=[0.91798,0.91798] active=74 (25s)
  it    0 C=1.0553 (best 1.0553) opt=0.75023 R=[0.76332,0.76334] active=118
  it   20 C=1.1395 (best 1.1715) opt=0.81228 R=[0.83526,0.83530] active=113
  it   40 C=1.1822 (best 1.2487) opt=0.77471 R=[0.80943,0.80945] active=112
  it   60 C=1.2553 (best 1.2553) opt=0.82943 R=[0.86412,0.86415] active=106
  it   80 C=1.1534 (best 1.3587) opt=0.86710 R=[0.88478,0.88479] active=101
  it  100 C=1.1682 (best 1.3587) opt=0.83268 R=[0.85677,0.85679] active=98
  it  120 C=1.4057 (best 1.4057) opt=0.85035 R=[0.89354,0.89357] active=89
  it  140 C=1.5171 (best 1.5171) opt=0.85835 R=[0.90663,0.90665] active=83
  it  160 C=1.5381 (best 1.5381) opt=0.85834 R=[0.90790,0.90794] active=80
  it  180 C=1.5477 (best 1.5477) opt=0.87088 R=[0.91657,0.91659] active=78
  start rand1  seed 0: C=1.5512 opt=0.87141 R=[0.91710,0.91710] active=77 (29s)
