{"p": 13, "index_k": 2, "deg": 6, "gens": [1, 3, 4], "m": 39, "opt": 0.666667, "opt_ub": 0.666667, "proved": true, "sos2": 0.691898, "sos4_lo": 0.666667, "sos4_hi": 0.666667, "C2": 1.081893, "C4": 1.0, "tight": true, "s": 11.0}
{"p": 13, "index_k": 6, "deg": 2, "gens": [1], "m": 13, "opt": 0.923077, "opt_ub": 0.923077, "proved": true, "sos2": 0.985471, "sos4_lo": 0.923077, "sos4_hi": 0.923077, "C2": 5.294418, "C4": 1.0, "tight": true, "s": 2.6}
### after p=13: best C_4 = 1.000000
{"p": 17, "index_k": 2, "deg": 8, "gens": [1, 2, 4, 8], "m": 68, "opt": 0.647059, "opt_ub": 0.647059, "proved": true, "sos2": 0.660097, "sos4_lo": 0.652957, "sos4_hi": 0.652957, "C2": 1.038359, "C4": 1.016996, "tight": true, "s": 5.8}
{"p": 17, "index_k": 4, "deg": 4, "gens": [1, 4], "m": 34, "opt": 0.764706, "opt_ub": 0.764706, "proved": true, "sos2": 0.863213, "sos4_lo": 0.782373, "sos4_hi": 0.782373, "C2": 1.720149, "C4": 1.081179, "tight": true, "s": 6.9}
{"p": 17, "index_k": 8, "deg": 2, "gens": [1], "m": 17, "opt": 0.941176, "opt_ub": 0.941176, "proved": true, "sos2": 0.991487, "sos4_lo": 0.941176, "sos4_hi": 0.941176, "C2": 6.909482, "C4": 1.0, "tight": true, "s": 7.0}
### after p=17: best C_4 = 1.081179
{"p": 29, "index_k": 2, "deg": 14, "gens": [1, 4, 5, 6, 7, 9, 13], "m": 203, "opt": 0.600985, "opt_ub": 0.600985, "proved": true, "sos2": 0.614021, "sos4_lo": 0.614018, "sos4_hi": 0.614776, "C2": 1.033773, "C4": 1.033765, "tight": false, "s": 62.3}
### after p=29: best C_4 = 1.081179
{"p": 37, "index_k": 2, "deg": 18, "gens": [1, 3, 4, 7, 9, 10, 11, 12, 16], "m": 333, "opt": 0.594595, "opt_ub": 0.636637, "proved": false, "sos2": 0.598372, "sos4_lo": 0.598369, "sos4_hi": 0.59873, "C2": 1.009404, "C4": 0.904718, "tight": false, "s": 83.9}
{"p": 37, "index_k": 6, "deg": 6, "gens": [1, 10, 11], "m": 111, "opt": 0.666667, "opt_ub": 0.666667, "proved": true, "sos2": 0.719832, "sos4_lo": 0.666209, "sos4_hi": 0.675387, "C2": 1.189762, "C4": 0.99863, "tight": false, "s": 40.9}
### after p=37: best C_4 = 1.081179
{"p": 41, "index_k": 2, "deg": 20, "gens": [1, 2, 4, 5, 8, 9, 10, 16, 18, 20], "m": 410, "opt": 0.585366, "opt_ub": 0.64878, "proved": false, "sos2": 0.592539, "sos4_lo": 0.592538, "sos4_hi": 0.592831, "C2": 1.017605, "C4": 0.861968, "tight": false, "s": 95.8}
{"p": 41, "index_k": 4, "deg": 10, "gens": [1, 4, 10, 16, 18], "m": 205, "opt": 0.702439, "opt_ub": 0.702439, "proved": true, "sos2": 0.743593, "sos4_lo": 0.727886, "sos4_hi": 0.732423, "C2": 1.160504, "C4": 1.093516, "tight": false, "s": 74.6}
### after p=41: best C_4 = 1.093516
{"p": 53, "index_k": 2, "deg": 26, "gens": [1, 4, 6, 7, 9, 10, 11, 13, 15, 16, 17, 24, 25], "m": 689, "opt": 0.571843, "opt_ub": 0.657475, "proved": false, "sos2": 0.579616, "sos4_lo": 0.579615, "sos4_hi": 0.58039, "C2": 1.018491, "C4": 0.81479, "tight": false, "s": 98.7}
### after p=53: best C_4 = 1.093516
{"p": 61, "index_k": 2, "deg": 30, "gens": [1, 3, 4, 5, 9, 12, 13, 14, 15, 16, 19, 20, 22, 25, 27], "m": 915, "opt": 0.56612, "opt_ub": 0.669945, "proved": false, "sos2": 0.573419, "sos4_lo": 0.573418, "sos4_hi": 0.574317, "C2": 1.017109, "C4": 0.773719, "tight": false, "s": 136.4}
{"p": 61, "index_k": 6, "deg": 10, "gens": [1, 3, 9, 20, 27], "m": 305, "opt": 0.734426, "opt_ub": 0.757377, "proved": false, "sos2": 0.754574, "sos4_lo": 0.719356, "sos4_hi": 0.807116, "C2": 1.082092, "C4": 0.864521, "tight": false, "s": 135.5}
### after p=61: best C_4 = 1.093516
{"p": 73, "index_k": 2, "deg": 36, "gens": [1, 2, 3, 4, 6, 8, 9, 12, 16, 18, 19, 23, 24, 25, 27, 32, 35, 36], "m": 1314, "opt": 0.560122, "opt_ub": 0.669711, "proved": false, "sos2": 0.566278, "sos4_lo": 0.566277, "sos4_hi": 0.566751, "C2": 1.014194, "C4": 0.761521, "tight": false, "s": 254.3}
{"p": 73, "index_k": 4, "deg": 18, "gens": [1, 2, 4, 8, 9, 16, 18, 32, 36], "m": 657, "opt": 0.61796, "opt_ub": 0.678843, "proved": false, "sos2": 0.63387, "sos4_lo": 0.611625, "sos4_hi": 0.802514, "C2": 1.043453, "C4": 0.826925, "tight": false, "s": 261.6}
{"p": 73, "index_k": 6, "deg": 12, "gens": [1, 3, 8, 9, 24, 27], "m": 438, "opt": 0.652968, "opt_ub": 0.664384, "proved": false, "sos2": 0.668454, "sos4_lo": 0.651012, "sos4_hi": 0.778061, "C2": 1.046709, "C4": 0.961686, "tight": false, "s": 262.1}
### after p=73: best C_4 = 1.093516
