{"L": 7, "gens": [1], "signs": [-1.0], "opt": 0.857143, "proved": true, "sos4_lo": 0.857143, "sos4_hi": 0.857143, "cert_width": 0.0, "sos2": 0.950484, "C2": 2.885096, "C4_lo": 1.0, "retention": -0.0, "mult": 2, "H": 1.5, "sos2_eig": 0.950484, "lambda_top": 0.900969}
{"L": 7, "gens": [2], "signs": [-1.0], "opt": 0.857143, "proved": true, "sos4_lo": 0.857143, "sos4_hi": 0.857143, "cert_width": 0.0, "sos2": 0.950484, "C2": 2.885096, "C4_lo": 1.0, "retention": -0.0, "mult": 2, "H": 1.5, "sos2_eig": 0.950484, "lambda_top": 0.900969}
{"L": 7, "gens": [3], "signs": [-1.0], "opt": 0.857143, "proved": true, "sos4_lo": 0.857143, "sos4_hi": 0.857143, "cert_width": 0.0, "sos2": 0.950484, "C2": 2.885096, "C4_lo": 1.0, "retention": -0.0, "mult": 2, "H": 1.5, "sos2_eig": 0.950484, "lambda_top": 0.900969}
{"L": 7, "gens": [1, 2], "signs": [-1.0, -1.0], "opt": 0.714286, "proved": true, "sos4_lo": 0.714286, "sos4_hi": 0.714286, "cert_width": 0.0, "sos2": 0.780872, "C2": 1.303872, "C4_lo": 1.0, "retention": -0.0, "mult": 2, "H": 1.5, "sos2_eig": 0.780872, "lambda_top": 0.561745}
{"L": 7, "gens": [1, 2], "signs": [-1.0, 1.0], "opt": 0.785714, "proved": true, "sos4_lo": 0.785714, "sos4_hi": 0.785714, "cert_width": 0.0, "sos2": 0.881115, "C2": 1.802457, "C4_lo": 1.0, "retention": -0.0, "mult": 2, "H": 1.5, "sos2_eig": 0.881115, "lambda_top": 0.762229}
{"L": 7, "gens": [1, 2], "signs": [1.0, -1.0], "opt": 0.642857, "proved": true, "sos4_lo": 0.669426, "sos4_hi": 0.669426, "cert_width": 0.0, "sos2": 0.711503, "C2": 1.237942, "C4_lo": 1.080371, "retention": 0.337776, "mult": 2, "H": 1.5, "sos2_eig": 0.711503, "lambda_top": 0.423005}
{"L": 7, "gens": [1, 3], "signs": [-1.0, -1.0], "opt": 0.714286, "proved": true, "sos4_lo": 0.714286, "sos4_hi": 0.714286, "cert_width": 0.0, "sos2": 0.780872, "C2": 1.303872, "C4_lo": 1.0, "retention": -0.0, "mult": 2, "H": 1.5, "sos2_eig": 0.780872, "lambda_top": 0.561745}
{"L": 7, "gens": [1, 3], "signs": [-1.0, 1.0], "opt": 0.642857, "proved": true, "sos4_lo": 0.669426, "sos4_hi": 0.669426, "cert_width": 0.0, "sos2": 0.711503, "C2": 1.237942, "C4_lo": 1.080371, "retention": 0.337776, "mult": 2, "H": 1.5, "sos2_eig": 0.711503, "lambda_top": 0.423005}
{"L": 7, "gens": [1, 3], "signs": [1.0, -1.0], "opt": 0.785714, "proved": true, "sos4_lo": 0.785714, "sos4_hi": 0.785714, "cert_width": 0.0, "sos2": 0.881115, "C2": 1.802457, "C4_lo": 1.0, "retention": -0.0, "mult": 2, "H": 1.5, "sos2_eig": 0.881115, "lambda_top": 0.762229}
{"L": 7, "gens": [2, 3], "signs": [-1.0, -1.0], "opt": 0.714286, "proved": true, "sos4_lo": 0.714286, "sos4_hi": 0.714286, "cert_width": 0.0, "sos2": 0.780872, "C2": 1.303872, "C4_lo": 1.0, "retention": -0.0, "mult": 2, "H": 1.5, "sos2_eig": 0.780872, "lambda_top": 0.561745}
{"L": 7, "gens": [2, 3], "signs": [-1.0, 1.0], "opt": 0.785714, "proved": true, "sos4_lo": 0.785714, "sos4_hi": 0.785714, "cert_width": 0.0, "sos2": 0.881115, "C2": 1.802457, "C4_lo": 1.0, "retention": -0.0, "mult": 2, "H": 1.5, "sos2_eig": 0.881115, "lambda_top": 0.762229}
{"L": 7, "gens": [2, 3], "signs": [1.0, -1.0], "opt": 0.642857, "proved": true, "sos4_lo": 0.669426, "sos4_hi": 0.669426, "cert_width": 0.0, "sos2": 0.711503, "C2": 1.237942, "C4_lo": 1.080371, "retention": 0.337776, "mult": 2, "H": 1.5, "sos2_eig": 0.711503, "lambda_top": 0.423005}
{"L": 9, "gens": [1], "signs": [-1.0], "opt": 0.888889, "proved": true, "sos4_lo": 0.888889, "sos4_hi": 0.888889, "cert_width": 0.0, "sos2": 0.969846, "C2": 3.684826, "C4_lo": 1.0, "retention": -0.0, "mult": 2, "H": 1.5, "sos2_eig": 0.969846, "lambda_top": 0.939693}
{"L": 9, "gens": [2], "signs": [-1.0], "opt": 0.888889, "proved": true, "sos4_lo": 0.888889, "sos4_hi": 0.888889, "cert_width": 0.0, "sos2": 0.969846, "C2": 3.684826, "C4_lo": 1.0, "retention": -0.0, "mult": 2, "H": 1.5, "sos2_eig": 0.969846, "lambda_top": 0.939693}
{"L": 9, "gens": [3], "signs": [-1.0], "opt": 0.666667, "proved": true, "sos4_lo": 0.666667, "sos4_hi": 0.666667, "cert_width": 0.0, "sos2": 0.75, "C2": 1.333333, "C4_lo": 1.0, "retention": -0.0, "mult": 6, "H": 4.5, "sos2_eig": 0.75, "lambda_top": 0.5}
{"L": 9, "gens": [4], "signs": [-1.0], "opt": 0.888889, "proved": true, "sos4_lo": 0.888889, "sos4_hi": 0.888889, "cert_width": 0.0, "sos2": 0.969846, "C2": 3.684826, "C4_lo": 1.0, "retention": -0.0, "mult": 2, "H": 1.5, "sos2_eig": 0.969846, "lambda_top": 0.939693}
{"L": 9, "gens": [1, 2], "signs": [-1.0, -1.0], "opt": 0.666667, "proved": true, "sos4_lo": 0.689674, "sos4_hi": 0.689674, "cert_width": 0.0, "sos2": 0.75, "C2": 1.333333, "C4_lo": 1.074139, "retention": 0.222418, "mult": 2, "H": 1.5, "sos2_eig": 0.75, "lambda_top": 0.5}
{"L": 9, "gens": [1, 2], "signs": [-1.0, 1.0], "opt": 0.833333, "proved": true, "sos4_lo": 0.833333, "sos4_hi": 0.833333, "cert_width": 0.0, "sos2": 0.926434, "C2": 2.265548, "C4_lo": 1.0, "retention": -0.0, "mult": 2, "H": 1.5, "sos2_eig": 0.926434, "lambda_top": 0.852869}
{"L": 9, "gens": [1, 2], "signs": [1.0, -1.0], "opt": 0.722222, "proved": true, "sos4_lo": 0.722222, "sos4_hi": 0.722222, "cert_width": 0.0, "sos2": 0.778335, "C2": 1.253143, "C4_lo": 1.0, "retention": -0.0, "mult": 2, "H": 1.5, "sos2_eig": 0.778335, "lambda_top": 0.55667}
{"L": 9, "gens": [1, 3], "signs": [-1.0, -1.0], "opt": 0.777778, "proved": true, "sos4_lo": 0.777778, "sos4_hi": 0.777778, "cert_width": 0.0, "sos2": 0.859923, "C2": 1.586431, "C4_lo": 1.0, "retention": -0.0, "mult": 2, "H": 1.5, "sos2_eig": 0.859923, "lambda_top": 0.719846}
{"L": 9, "gens": [1, 3], "signs": [-1.0, 1.0], "opt": 0.833333, "proved": true, "sos4_lo": 0.833333, "sos4_hi": 0.833333, "cert_width": 0.0, "sos2": 0.875, "C2": 1.333333, "C4_lo": 1.0, "retention": -0.0, "mult": 2, "H": 1.5, "sos2_eig": 0.875, "lambda_top": 0.75}
{"L": 9, "gens": [1, 3], "signs": [1.0, -1.0], "opt": 0.722222, "proved": true, "sos4_lo": 0.722222, "sos4_hi": 0.722222, "cert_width": 0.0, "sos2": 0.816511, "C2": 1.513867, "C4_lo": 1.0, "retention": -0.0, "mult": 2, "H": 1.5, "sos2_eig": 0.816511, "lambda_top": 0.633022}
{"L": 9, "gens": [1, 4], "signs": [-1.0, -1.0], "opt": 0.666667, "proved": true, "sos4_lo": 0.689674, "sos4_hi": 0.689674, "cert_width": 0.0, "sos2": 0.75, "C2": 1.333333, "C4_lo": 1.074139, "retention": 0.222418, "mult": 2, "H": 1.5, "sos2_eig": 0.75, "lambda_top": 0.5}
{"L": 9, "gens": [1, 4], "signs": [-1.0, 1.0], "opt": 0.722222, "proved": true, "sos4_lo": 0.722222, "sos4_hi": 0.722222, "cert_width": 0.0, "sos2": 0.778335, "C2": 1.253143, "C4_lo": 1.0, "retention": -0.0, "mult": 2, "H": 1.5, "sos2_eig": 0.778335, "lambda_top": 0.55667}
{"L": 9, "gens": [1, 4], "signs": [1.0, -1.0], "opt": 0.833333, "proved": true, "sos4_lo": 0.833333, "sos4_hi": 0.833333, "cert_width": 0.0, "sos2": 0.926434, "C2": 2.265548, "C4_lo": 1.0, "retention": -0.0, "mult": 2, "H": 1.5, "sos2_eig": 0.926434, "lambda_top": 0.852869}
{"L": 9, "gens": [2, 3], "signs": [-1.0, -1.0], "opt": 0.777778, "proved": true, "sos4_lo": 0.777778, "sos4_hi": 0.777778, "cert_width": 0.0, "sos2": 0.859923, "C2": 1.586431, "C4_lo": 1.0, "retention": -0.0, "mult": 2, "H": 1.5, "sos2_eig": 0.859923, "lambda_top": 0.719846}
{"L": 9, "gens": [2, 3], "signs": [-1.0, 1.0], "opt": 0.833333, "proved": true, "sos4_lo": 0.833333, "sos4_hi": 0.833333, "cert_width": 0.0, "sos2": 0.875, "C2": 1.333333, "C4_lo": 1.0, "retention": -0.0, "mult": 2, "H": 1.5, "sos2_eig": 0.875, "lambda_top": 0.75}
{"L": 9, "gens": [2, 3], "signs": [1.0, -1.0], "opt": 0.722222, "proved": true, "sos4_lo": 0.722222, "sos4_hi": 0.722222, "cert_width": 0.0, "sos2": 0.816511, "C2": 1.513867, "C4_lo": 1.0, "retention": -0.0, "mult": 2, "H": 1.5, "sos2_eig": 0.816511, "lambda_top": 0.633022}
{"L": 9, "gens": [2, 4], "signs": [-1.0, -1.0], "opt": 0.666667, "proved": true, "sos4_lo": 0.689674, "sos4_hi": 0.689674, "cert_width": 0.0, "sos2": 0.75, "C2": 1.333333, "C4_lo": 1.074139, "retention": 0.222418, "mult": 2, "H": 1.5, "sos2_eig": 0.75, "lambda_top": 0.5}
{"L": 9, "gens": [2, 4], "signs": [-1.0, 1.0], "opt": 0.833333, "proved": true, "sos4_lo": 0.833333, "sos4_hi": 0.833333, "cert_width": 0.0, "sos2": 0.926434, "C2": 2.265548, "C4_lo": 1.0, "retention": -0.0, "mult": 2, "H": 1.5, "sos2_eig": 0.926434, "lambda_top": 0.852869}
{"L": 9, "gens": [2, 4], "signs": [1.0, -1.0], "opt": 0.722222, "proved": true, "sos4_lo": 0.722222, "sos4_hi": 0.722222, "cert_width": 0.0, "sos2": 0.778335, "C2": 1.253143, "C4_lo": 1.0, "retention": -0.0, "mult": 2, "H": 1.5, "sos2_eig": 0.778335, "lambda_top": 0.55667}
{"L": 9, "gens": [3, 4], "signs": [-1.0, -1.0], "opt": 0.777778, "proved": true, "sos4_lo": 0.777778, "sos4_hi": 0.777778, "cert_width": 0.0, "sos2": 0.859923, "C2": 1.586431, "C4_lo": 1.0, "retention": -0.0, "mult": 2, "H": 1.5, "sos2_eig": 0.859923, "lambda_top": 0.719846}
{"L": 9, "gens": [3, 4], "signs": [-1.0, 1.0], "opt": 0.722222, "proved": true, "sos4_lo": 0.722222, "sos4_hi": 0.722222, "cert_width": 0.0, "sos2": 0.816511, "C2": 1.513867, "C4_lo": 1.0, "retention": -0.0, "mult": 2, "H": 1.5, "sos2_eig": 0.816511, "lambda_top": 0.633022}
{"L": 9, "gens": [3, 4], "signs": [1.0, -1.0], "opt": 0.833333, "proved": true, "sos4_lo": 0.833333, "sos4_hi": 0.833333, "cert_width": 0.0, "sos2": 0.875, "C2": 1.333333, "C4_lo": 1.0, "retention": -0.0, "mult": 2, "H": 1.5, "sos2_eig": 0.875, "lambda_top": 0.75}
{"L": 11, "gens": [1], "signs": [-1.0], "opt": 0.909091, "proved": true, "sos4_lo": 0.909091, "sos4_hi": 0.909091, "cert_width": 0.0, "sos2": 0.979746, "C2": 4.488559, "C4_lo": 1.0, "retention": -0.0, "mult": 2, "H": 1.5, "sos2_eig": 0.979746, "lambda_top": 0.959493}
{"L": 11, "gens": [2], "signs": [-1.0], "opt": 0.909091, "proved": true, "sos4_lo": 0.909091, "sos4_hi": 0.909091, "cert_width": 0.0, "sos2": 0.979746, "C2": 4.488559, "C4_lo": 1.0, "retention": -0.0, "mult": 2, "H": 1.5, "sos2_eig": 0.979746, "lambda_top": 0.959493}
{"L": 11, "gens": [3], "signs": [-1.0], "opt": 0.909091, "proved": true, "sos4_lo": 0.909091, "sos4_hi": 0.909091, "cert_width": 0.0, "sos2": 0.979746, "C2": 4.488559, "C4_lo": 1.0, "retention": -0.0, "mult": 2, "H": 1.5, "sos2_eig": 0.979746, "lambda_top": 0.959493}
{"L": 11, "gens": [4], "signs": [-1.0], "opt": 0.909091, "proved": true, "sos4_lo": 0.909091, "sos4_hi": 0.909091, "cert_width": 0.0, "sos2": 0.979746, "C2": 4.488559, "C4_lo": 1.0, "retention": -0.0, "mult": 2, "H": 1.5, "sos2_eig": 0.979746, "lambda_top": 0.959493}
{"L": 11, "gens": [5], "signs": [-1.0], "opt": 0.909091, "proved": true, "sos4_lo": 0.909091, "sos4_hi": 0.909091, "cert_width": 0.0, "sos2": 0.979746, "C2": 4.488559, "C4_lo": 1.0, "retention": -0.0, "mult": 2, "H": 1.5, "sos2_eig": 0.979746, "lambda_top": 0.959493}
{"L": 11, "gens": [1, 2], "signs": [-1.0, -1.0], "opt": 0.727273, "proved": true, "sos4_lo": 0.727273, "sos4_hi": 0.727273, "cert_width": 0.0, "sos2": 0.775452, "C2": 1.214561, "C4_lo": 1.0, "retention": -0.0, "mult": 2, "H": 1.5, "sos2_eig": 0.775452, "lambda_top": 0.550904}
{"L": 11, "gens": [1, 2], "signs": [-1.0, 1.0], "opt": 0.863636, "proved": true, "sos4_lo": 0.863636, "sos4_hi": 0.863636, "cert_width": 0.0, "sos2": 0.950187, "C2": 2.73749, "C4_lo": 1.0, "retention": -0.0, "mult": 2, "H": 1.5, "sos2_eig": 0.950187, "lambda_top": 0.900373}
{"L": 11, "gens": [1, 2], "signs": [1.0, -1.0], "opt": 0.681818, "proved": true, "sos4_lo": 0.702272, "sos4_hi": 0.702272, "cert_width": 0.0, "sos2": 0.767569, "C2": 1.36893, "C4_lo": 1.068701, "retention": 0.186218, "mult": 2, "H": 1.5, "sos2_eig": 0.767569, "lambda_top": 0.535138}
{"L": 11, "gens": [1, 3], "signs": [-1.0, -1.0], "opt": 0.818182, "proved": true, "sos4_lo": 0.818182, "sos4_hi": 0.818182, "cert_width": 0.0, "sos2": 0.903588, "C2": 1.885854, "C4_lo": 1.0, "retention": -0.0, "mult": 2, "H": 1.5, "sos2_eig": 0.903588, "lambda_top": 0.807177}
{"L": 11, "gens": [1, 3], "signs": [-1.0, 1.0], "opt": 0.772727, "proved": true, "sos4_lo": 0.772727, "sos4_hi": 0.772727, "cert_width": 0.0, "sos2": 0.874029, "C2": 1.804161, "C4_lo": 1.0, "retention": -0.0, "mult": 2, "H": 1.5, "sos2_eig": 0.874029, "lambda_top": 0.748057}
{"L": 11, "gens": [1, 3], "signs": [1.0, -1.0], "opt": 0.772727, "proved": true, "sos4_lo": 0.772727, "sos4_hi": 0.772727, "cert_width": 0.0, "sos2": 0.843727, "C2": 1.454331, "C4_lo": 1.0, "retention": -0.0, "mult": 2, "H": 1.5, "sos2_eig": 0.843727, "lambda_top": 0.687454}
{"L": 11, "gens": [1, 4], "signs": [-1.0, -1.0], "opt": 0.818182, "proved": true, "sos4_lo": 0.818182, "sos4_hi": 0.818182, "cert_width": 0.0, "sos2": 0.903588, "C2": 1.885854, "C4_lo": 1.0, "retention": -0.0, "mult": 2, "H": 1.5, "sos2_eig": 0.903588, "lambda_top": 0.807177}
{"L": 11, "gens": [1, 4], "signs": [-1.0, 1.0], "opt": 0.772727, "proved": true, "sos4_lo": 0.772727, "sos4_hi": 0.772727, "cert_width": 0.0, "sos2": 0.843727, "C2": 1.454331, "C4_lo": 1.0, "retention": -0.0, "mult": 2, "H": 1.5, "sos2_eig": 0.843727, "lambda_top": 0.687454}
{"L": 11, "gens": [1, 4], "signs": [1.0, -1.0], "opt": 0.772727, "proved": true, "sos4_lo": 0.772727, "sos4_hi": 0.772727, "cert_width": 0.0, "sos2": 0.874029, "C2": 1.804161, "C4_lo": 1.0, "retention": -0.0, "mult": 2, "H": 1.5, "sos2_eig": 0.874029, "lambda_top": 0.748057}
{"L": 11, "gens": [1, 5], "signs": [-1.0, -1.0], "opt": 0.727273, "proved": true, "sos4_lo": 0.727273, "sos4_hi": 0.727273, "cert_width": 0.0, "sos2": 0.775452, "C2": 1.214561, "C4_lo": 1.0, "retention": -0.0, "mult": 2, "H": 1.5, "sos2_eig": 0.775452, "lambda_top": 0.550904}
{"L": 11, "gens": [1, 5], "signs": [-1.0, 1.0], "opt": 0.681818, "proved": true, "sos4_lo": 0.702272, "sos4_hi": 0.702272, "cert_width": 0.0, "sos2": 0.767569, "C2": 1.36893, "C4_lo": 1.068701, "retention": 0.186218, "mult": 2, "H": 1.5, "sos2_eig": 0.767569, "lambda_top": 0.535138}
{"L": 11, "gens": [1, 5], "signs": [1.0, -1.0], "opt": 0.863636, "proved": true, "sos4_lo": 0.863636, "sos4_hi": 0.863636, "cert_width": 0.0, "sos2": 0.950187, "C2": 2.73749, "C4_lo": 1.0, "retention": -0.0, "mult": 2, "H": 1.5, "sos2_eig": 0.950187, "lambda_top": 0.900373}
{"L": 11, "gens": [2, 3], "signs": [-1.0, -1.0], "opt": 0.818182, "proved": true, "sos4_lo": 0.818182, "sos4_hi": 0.818182, "cert_width": 0.0, "sos2": 0.903588, "C2": 1.885854, "C4_lo": 1.0, "retention": -0.0, "mult": 2, "H": 1.5, "sos2_eig": 0.903588, "lambda_top": 0.807177}
{"L": 11, "gens": [2, 3], "signs": [-1.0, 1.0], "opt": 0.772727, "proved": true, "sos4_lo": 0.772727, "sos4_hi": 0.772727, "cert_width": 0.0, "sos2": 0.843727, "C2": 1.454331, "C4_lo": 1.0, "retention": -0.0, "mult": 2, "H": 1.5, "sos2_eig": 0.843727, "lambda_top": 0.687454}
{"L": 11, "gens": [2, 3], "signs": [1.0, -1.0], "opt": 0.772727, "proved": true, "sos4_lo": 0.772727, "sos4_hi": 0.772727, "cert_width": 0.0, "sos2": 0.874029, "C2": 1.804161, "C4_lo": 1.0, "retention": -0.0, "mult": 2, "H": 1.5, "sos2_eig": 0.874029, "lambda_top": 0.748057}
{"L": 11, "gens": [2, 4], "signs": [-1.0, -1.0], "opt": 0.727273, "proved": true, "sos4_lo": 0.727273, "sos4_hi": 0.727273, "cert_width": 0.0, "sos2": 0.775452, "C2": 1.214561, "C4_lo": 1.0, "retention": -0.0, "mult": 2, "H": 1.5, "sos2_eig": 0.775452, "lambda_top": 0.550904}
{"L": 11, "gens": [2, 4], "signs": [-1.0, 1.0], "opt": 0.863636, "proved": true, "sos4_lo": 0.863636, "sos4_hi": 0.863636, "cert_width": 0.0, "sos2": 0.950187, "C2": 2.73749, "C4_lo": 1.0, "retention": -0.0, "mult": 2, "H": 1.5, "sos2_eig": 0.950187, "lambda_top": 0.900373}
{"L": 11, "gens": [2, 4], "signs": [1.0, -1.0], "opt": 0.681818, "proved": true, "sos4_lo": 0.702272, "sos4_hi": 0.702272, "cert_width": 0.0, "sos2": 0.767569, "C2": 1.36893, "C4_lo": 1.068701, "retention": 0.186218, "mult": 2, "H": 1.5, "sos2_eig": 0.767569, "lambda_top": 0.535138}
{"L": 11, "gens": [2, 5], "signs": [-1.0, -1.0], "opt": 0.818182, "proved": true, "sos4_lo": 0.818182, "sos4_hi": 0.818182, "cert_width": 0.0, "sos2": 0.903588, "C2": 1.885854, "C4_lo": 1.0, "retention": -0.0, "mult": 2, "H": 1.5, "sos2_eig": 0.903588, "lambda_top": 0.807177}
{"L": 11, "gens": [2, 5], "signs": [-1.0, 1.0], "opt": 0.772727, "proved": true, "sos4_lo": 0.772727, "sos4_hi": 0.772727, "cert_width": 0.0, "sos2": 0.874029, "C2": 1.804161, "C4_lo": 1.0, "retention": -0.0, "mult": 2, "H": 1.5, "sos2_eig": 0.874029, "lambda_top": 0.748057}
{"L": 11, "gens": [2, 5], "signs": [1.0, -1.0], "opt": 0.772727, "proved": true, "sos4_lo": 0.772727, "sos4_hi": 0.772727, "cert_width": 0.0, "sos2": 0.843727, "C2": 1.454331, "C4_lo": 1.0, "retention": -0.0, "mult": 2, "H": 1.5, "sos2_eig": 0.843727, "lambda_top": 0.687454}
{"L": 11, "gens": [3, 4], "signs": [-1.0, -1.0], "opt": 0.727273, "proved": true, "sos4_lo": 0.727273, "sos4_hi": 0.727273, "cert_width": 0.0, "sos2": 0.775452, "C2": 1.214561, "C4_lo": 1.0, "retention": -0.0, "mult": 2, "H": 1.5, "sos2_eig": 0.775452, "lambda_top": 0.550904}
{"L": 11, "gens": [3, 4], "signs": [-1.0, 1.0], "opt": 0.681818, "proved": true, "sos4_lo": 0.702272, "sos4_hi": 0.702272, "cert_width": 0.0, "sos2": 0.767569, "C2": 1.36893, "C4_lo": 1.068701, "retention": 0.186218, "mult": 2, "H": 1.5, "sos2_eig": 0.767569, "lambda_top": 0.535138}
{"L": 11, "gens": [3, 4], "signs": [1.0, -1.0], "opt": 0.863636, "proved": true, "sos4_lo": 0.863636, "sos4_hi": 0.863636, "cert_width": 0.0, "sos2": 0.950187, "C2": 2.73749, "C4_lo": 1.0, "retention": -0.0, "mult": 2, "H": 1.5, "sos2_eig": 0.950187, "lambda_top": 0.900373}
{"L": 11, "gens": [3, 5], "signs": [-1.0, -1.0], "opt": 0.727273, "proved": true, "sos4_lo": 0.727273, "sos4_hi": 0.727273, "cert_width": 0.0, "sos2": 0.775452, "C2": 1.214561, "C4_lo": 1.0, "retention": -0.0, "mult": 2, "H": 1.5, "sos2_eig": 0.775452, "lambda_top": 0.550904}
{"L": 11, "gens": [3, 5], "signs": [-1.0, 1.0], "opt": 0.863636, "proved": true, "sos4_lo": 0.863636, "sos4_hi": 0.863636, "cert_width": 0.0, "sos2": 0.950187, "C2": 2.73749, "C4_lo": 1.0, "retention": -0.0, "mult": 2, "H": 1.5, "sos2_eig": 0.950187, "lambda_top": 0.900373}
{"L": 11, "gens": [3, 5], "signs": [1.0, -1.0], "opt": 0.681818, "proved": true, "sos4_lo": 0.702272, "sos4_hi": 0.702272, "cert_width": 0.0, "sos2": 0.767569, "C2": 1.36893, "C4_lo": 1.068701, "retention": 0.186218, "mult": 2, "H": 1.5, "sos2_eig": 0.767569, "lambda_top": 0.535138}
{"L": 11, "gens": [4, 5], "signs": [-1.0, -1.0], "opt": 0.818182, "proved": true, "sos4_lo": 0.818182, "sos4_hi": 0.818182, "cert_width": 0.0, "sos2": 0.903588, "C2": 1.885854, "C4_lo": 1.0, "retention": -0.0, "mult": 2, "H": 1.5, "sos2_eig": 0.903588, "lambda_top": 0.807177}
{"L": 11, "gens": [4, 5], "signs": [-1.0, 1.0], "opt": 0.772727, "proved": true, "sos4_lo": 0.772727, "sos4_hi": 0.772727, "cert_width": 0.0, "sos2": 0.843727, "C2": 1.454331, "C4_lo": 1.0, "retention": -0.0, "mult": 2, "H": 1.5, "sos2_eig": 0.843727, "lambda_top": 0.687454}
{"L": 11, "gens": [4, 5], "signs": [1.0, -1.0], "opt": 0.772727, "proved": true, "sos4_lo": 0.772727, "sos4_hi": 0.772727, "cert_width": 0.0, "sos2": 0.874029, "C2": 1.804161, "C4_lo": 1.0, "retention": -0.0, "mult": 2, "H": 1.5, "sos2_eig": 0.874029, "lambda_top": 0.748057}
{"L": 13, "gens": [1], "signs": [-1.0], "opt": 0.923077, "proved": true, "sos4_lo": 0.923077, "sos4_hi": 0.923077, "cert_width": 0.0, "sos2": 0.985471, "C2": 5.294418, "C4_lo": 1.0, "retention": -0.0, "mult": 2, "H": 1.5, "sos2_eig": 0.985471, "lambda_top": 0.970942}
{"L": 13, "gens": [2], "signs": [-1.0], "opt": 0.923077, "proved": true, "sos4_lo": 0.923077, "sos4_hi": 0.923077, "cert_width": 0.0, "sos2": 0.985471, "C2": 5.294418, "C4_lo": 1.0, "retention": -0.0, "mult": 2, "H": 1.5, "sos2_eig": 0.985471, "lambda_top": 0.970942}
{"L": 13, "gens": [3], "signs": [-1.0], "opt": 0.923077, "proved": true, "sos4_lo": 0.923077, "sos4_hi": 0.923077, "cert_width": 0.0, "sos2": 0.985471, "C2": 5.294418, "C4_lo": 1.0, "retention": -0.0, "mult": 2, "H": 1.5, "sos2_eig": 0.985471, "lambda_top": 0.970942}
{"L": 13, "gens": [4], "signs": [-1.0], "opt": 0.923077, "proved": true, "sos4_lo": 0.923077, "sos4_hi": 0.923077, "cert_width": 0.0, "sos2": 0.985471, "C2": 5.294418, "C4_lo": 1.0, "retention": -0.0, "mult": 2, "H": 1.5, "sos2_eig": 0.985471, "lambda_top": 0.970942}
{"L": 13, "gens": [5], "signs": [-1.0], "opt": 0.923077, "proved": true, "sos4_lo": 0.923077, "sos4_hi": 0.923077, "cert_width": 0.0, "sos2": 0.985471, "C2": 5.294418, "C4_lo": 1.0, "retention": -0.0, "mult": 2, "H": 1.5, "sos2_eig": 0.985471, "lambda_top": 0.970942}
{"L": 13, "gens": [6], "signs": [-1.0], "opt": 0.923077, "proved": true, "sos4_lo": 0.923077, "sos4_hi": 0.923077, "cert_width": 0.0, "sos2": 0.985471, "C2": 5.294418, "C4_lo": 1.0, "retention": -0.0, "mult": 2, "H": 1.5, "sos2_eig": 0.985471, "lambda_top": 0.970942}
{"L": 13, "gens": [1, 2], "signs": [-1.0, -1.0], "opt": 0.692308, "proved": true, "sos4_lo": 0.710544, "sos4_hi": 0.710544, "cert_width": 0.0, "sos2": 0.775779, "C2": 1.372272, "C4_lo": 1.063003, "retention": 0.169239, "mult": 2, "H": 1.5, "sos2_eig": 0.775779, "lambda_top": 0.551558}
{"L": 13, "gens": [1, 2], "signs": [-1.0, 1.0], "opt": 0.884615, "proved": true, "sos4_lo": 0.884615, "sos4_hi": 0.884615, "cert_width": 0.0, "sos2": 0.964099, "C2": 3.214008, "C4_lo": 1.0, "retention": -0.0, "mult": 2, "H": 1.5, "sos2_eig": 0.964099, "lambda_top": 0.928199}
{"L": 13, "gens": [1, 2], "signs": [1.0, -1.0], "opt": 0.730769, "proved": true, "sos4_lo": 0.730769, "sos4_hi": 0.730769, "cert_width": 0.0, "sos2": 0.77287, "C2": 1.185358, "C4_lo": 1.0, "retention": -0.0, "mult": 2, "H": 1.5, "sos2_eig": 0.77287, "lambda_top": 0.545739}
{"L": 13, "gens": [1, 3], "signs": [-1.0, -1.0], "opt": 0.846154, "proved": true, "sos4_lo": 0.846154, "sos4_hi": 0.846154, "cert_width": 0.0, "sos2": 0.929863, "C2": 2.193514, "C4_lo": 1.0, "retention": -0.0, "mult": 2, "H": 1.5, "sos2_eig": 0.929863, "lambda_top": 0.859726}
{"L": 13, "gens": [1, 3], "signs": [-1.0, 1.0], "opt": 0.730769, "proved": true, "sos4_lo": 0.751392, "sos4_hi": 0.751392, "cert_width": 0.0, "sos2": 0.829144, "C2": 1.575775, "C4_lo": 1.082951, "retention": 0.144069, "mult": 2, "H": 1.5, "sos2_eig": 0.829144, "lambda_top": 0.658288}
{"L": 13, "gens": [1, 3], "signs": [1.0, -1.0], "opt": 0.807692, "proved": true, "sos4_lo": 0.807692, "sos4_hi": 0.807692, "cert_width": 0.0, "sos2": 0.884752, "C2": 1.668637, "C4_lo": 1.0, "retention": -0.0, "mult": 2, "H": 1.5, "sos2_eig": 0.884752, "lambda_top": 0.769503}
{"L": 13, "gens": [1, 4], "signs": [-1.0, -1.0], "opt": 0.846154, "proved": true, "sos4_lo": 0.846154, "sos4_hi": 0.846154, "cert_width": 0.0, "sos2": 0.929863, "C2": 2.193514, "C4_lo": 1.0, "retention": -0.0, "mult": 2, "H": 1.5, "sos2_eig": 0.929863, "lambda_top": 0.859726}
{"L": 13, "gens": [1, 4], "signs": [-1.0, 1.0], "opt": 0.807692, "proved": true, "sos4_lo": 0.807692, "sos4_hi": 0.807692, "cert_width": 0.0, "sos2": 0.884752, "C2": 1.668637, "C4_lo": 1.0, "retention": -0.0, "mult": 2, "H": 1.5, "sos2_eig": 0.884752, "lambda_top": 0.769503}
{"L": 13, "gens": [1, 4], "signs": [1.0, -1.0], "opt": 0.730769, "proved": true, "sos4_lo": 0.751392, "sos4_hi": 0.751392, "cert_width": 0.0, "sos2": 0.829144, "C2": 1.575775, "C4_lo": 1.082951, "retention": 0.144069, "mult": 2, "H": 1.5, "sos2_eig": 0.829144, "lambda_top": 0.658288}
{"L": 13, "gens": [1, 5], "signs": [-1.0, -1.0], "opt": 0.769231, "proved": true, "sos4_lo": 0.770263, "sos4_hi": 0.770263, "cert_width": 0.0, "sos2": 0.831387, "C2": 1.36863, "C4_lo": 1.004493, "retention": 0.012188, "mult": 4, "H": 2.25, "sos2_eig": 0.831387, "lambda_top": 0.662773}
{"L": 13, "gens": [1, 5], "signs": [-1.0, 1.0], "opt": 0.807692, "proved": true, "sos4_lo": 0.807692, "sos4_hi": 0.807692, "cert_width": 0.0, "sos2": 0.908492, "C2": 2.101533, "C4_lo": 1.0, "retention": -0.0, "mult": 2, "H": 1.5, "sos2_eig": 0.908492, "lambda_top": 0.816983}
{"L": 13, "gens": [1, 5], "signs": [1.0, -1.0], "opt": 0.807692, "proved": true, "sos4_lo": 0.807692, "sos4_hi": 0.807692, "cert_width": 0.0, "sos2": 0.908492, "C2": 2.101533, "C4_lo": 1.0, "retention": -0.0, "mult": 2, "H": 1.5, "sos2_eig": 0.908492, "lambda_top": 0.816983}
{"L": 13, "gens": [1, 6], "signs": [-1.0, -1.0], "opt": 0.692308, "proved": true, "sos4_lo": 0.710544, "sos4_hi": 0.710544, "cert_width": 0.0, "sos2": 0.775779, "C2": 1.372272, "C4_lo": 1.063003, "retention": 0.169239, "mult": 2, "H": 1.5, "sos2_eig": 0.775779, "lambda_top": 0.551558}
{"L": 13, "gens": [1, 6], "signs": [-1.0, 1.0], "opt": 0.730769, "proved": true, "sos4_lo": 0.730769, "sos4_hi": 0.730769, "cert_width": 0.0, "sos2": 0.77287, "C2": 1.185358, "C4_lo": 1.0, "retention": -0.0, "mult": 2, "H": 1.5, "sos2_eig": 0.77287, "lambda_top": 0.545739}
{"L": 13, "gens": [1, 6], "signs": [1.0, -1.0], "opt": 0.884615, "proved": true, "sos4_lo": 0.884615, "sos4_hi": 0.884615, "cert_width": 0.0, "sos2": 0.964099, "C2": 3.214008, "C4_lo": 1.0, "retention": -0.0, "mult": 2, "H": 1.5, "sos2_eig": 0.964099, "lambda_top": 0.928199}
{"L": 13, "gens": [2, 3], "signs": [-1.0, -1.0], "opt": 0.769231, "proved": true, "sos4_lo": 0.770263, "sos4_hi": 0.770263, "cert_width": 0.0, "sos2": 0.831387, "C2": 1.36863, "C4_lo": 1.004493, "retention": 0.012188, "mult": 4, "H": 2.25, "sos2_eig": 0.831387, "lambda_top": 0.662773}
{"L": 13, "gens": [2, 3], "signs": [-1.0, 1.0], "opt": 0.807692, "proved": true, "sos4_lo": 0.807692, "sos4_hi": 0.807692, "cert_width": 0.0, "sos2": 0.908492, "C2": 2.101533, "C4_lo": 1.0, "retention": -0.0, "mult": 2, "H": 1.5, "sos2_eig": 0.908492, "lambda_top": 0.816983}
{"L": 13, "gens": [2, 3], "signs": [1.0, -1.0], "opt": 0.807692, "proved": true, "sos4_lo": 0.807692, "sos4_hi": 0.807692, "cert_width": 0.0, "sos2": 0.908492, "C2": 2.101533, "C4_lo": 1.0, "retention": -0.0, "mult": 2, "H": 1.5, "sos2_eig": 0.908492, "lambda_top": 0.816983}
{"L": 13, "gens": [2, 4], "signs": [-1.0, -1.0], "opt": 0.692308, "proved": true, "sos4_lo": 0.710544, "sos4_hi": 0.710544, "cert_width": 0.0, "sos2": 0.775779, "C2": 1.372272, "C4_lo": 1.063003, "retention": 0.169239, "mult": 2, "H": 1.5, "sos2_eig": 0.775779, "lambda_top": 0.551558}
{"L": 13, "gens": [2, 4], "signs": [-1.0, 1.0], "opt": 0.884615, "proved": true, "sos4_lo": 0.884615, "sos4_hi": 0.884615, "cert_width": 0.0, "sos2": 0.964099, "C2": 3.214008, "C4_lo": 1.0, "retention": -0.0, "mult": 2, "H": 1.5, "sos2_eig": 0.964099, "lambda_top": 0.928199}
{"L": 13, "gens": [2, 4], "signs": [1.0, -1.0], "opt": 0.730769, "proved": true, "sos4_lo": 0.730769, "sos4_hi": 0.730769, "cert_width": 0.0, "sos2": 0.77287, "C2": 1.185358, "C4_lo": 1.0, "retention": -0.0, "mult": 2, "H": 1.5, "sos2_eig": 0.77287, "lambda_top": 0.545739}
{"L": 13, "gens": [2, 5], "signs": [-1.0, -1.0], "opt": 0.846154, "proved": true, "sos4_lo": 0.846154, "sos4_hi": 0.846154, "cert_width": 0.0, "sos2": 0.929863, "C2": 2.193514, "C4_lo": 1.0, "retention": -0.0, "mult": 2, "H": 1.5, "sos2_eig": 0.929863, "lambda_top": 0.859726}
{"L": 13, "gens": [2, 5], "signs": [-1.0, 1.0], "opt": 0.807692, "proved": true, "sos4_lo": 0.807692, "sos4_hi": 0.807692, "cert_width": 0.0, "sos2": 0.884752, "C2": 1.668637, "C4_lo": 1.0, "retention": -0.0, "mult": 2, "H": 1.5, "sos2_eig": 0.884752, "lambda_top": 0.769503}
{"L": 13, "gens": [2, 5], "signs": [1.0, -1.0], "opt": 0.730769, "proved": true, "sos4_lo": 0.751392, "sos4_hi": 0.751392, "cert_width": 0.0, "sos2": 0.829144, "C2": 1.575775, "C4_lo": 1.082951, "retention": 0.144069, "mult": 2, "H": 1.5, "sos2_eig": 0.829144, "lambda_top": 0.658288}
{"L": 13, "gens": [2, 6], "signs": [-1.0, -1.0], "opt": 0.846154, "proved": true, "sos4_lo": 0.846154, "sos4_hi": 0.846154, "cert_width": 0.0, "sos2": 0.929863, "C2": 2.193514, "C4_lo": 1.0, "retention": -0.0, "mult": 2, "H": 1.5, "sos2_eig": 0.929863, "lambda_top": 0.859726}
{"L": 13, "gens": [2, 6], "signs": [-1.0, 1.0], "opt": 0.730769, "proved": true, "sos4_lo": 0.751392, "sos4_hi": 0.751392, "cert_width": 0.0, "sos2": 0.829144, "C2": 1.575775, "C4_lo": 1.082951, "retention": 0.144069, "mult": 2, "H": 1.5, "sos2_eig": 0.829144, "lambda_top": 0.658288}
{"L": 13, "gens": [2, 6], "signs": [1.0, -1.0], "opt": 0.807692, "proved": true, "sos4_lo": 0.807692, "sos4_hi": 0.807692, "cert_width": 0.0, "sos2": 0.884752, "C2": 1.668637, "C4_lo": 1.0, "retention": -0.0, "mult": 2, "H": 1.5, "sos2_eig": 0.884752, "lambda_top": 0.769503}
{"L": 13, "gens": [3, 4], "signs": [-1.0, -1.0], "opt": 0.846154, "proved": true, "sos4_lo": 0.846154, "sos4_hi": 0.846154, "cert_width": 0.0, "sos2": 0.929863, "C2": 2.193514, "C4_lo": 1.0, "retention": -0.0, "mult": 2, "H": 1.5, "sos2_eig": 0.929863, "lambda_top": 0.859726}
{"L": 13, "gens": [3, 4], "signs": [-1.0, 1.0], "opt": 0.730769, "proved": true, "sos4_lo": 0.751392, "sos4_hi": 0.751392, "cert_width": 0.0, "sos2": 0.829144, "C2": 1.575775, "C4_lo": 1.082951, "retention": 0.144069, "mult": 2, "H": 1.5, "sos2_eig": 0.829144, "lambda_top": 0.658288}
{"L": 13, "gens": [3, 4], "signs": [1.0, -1.0], "opt": 0.807692, "proved": true, "sos4_lo": 0.807692, "sos4_hi": 0.807692, "cert_width": 0.0, "sos2": 0.884752, "C2": 1.668637, "C4_lo": 1.0, "retention": -0.0, "mult": 2, "H": 1.5, "sos2_eig": 0.884752, "lambda_top": 0.769503}
{"L": 13, "gens": [3, 5], "signs": [-1.0, -1.0], "opt": 0.692308, "proved": true, "sos4_lo": 0.710544, "sos4_hi": 0.710544, "cert_width": 0.0, "sos2": 0.775779, "C2": 1.372272, "C4_lo": 1.063003, "retention": 0.169239, "mult": 2, "H": 1.5, "sos2_eig": 0.775779, "lambda_top": 0.551558}
{"L": 13, "gens": [3, 5], "signs": [-1.0, 1.0], "opt": 0.730769, "proved": true, "sos4_lo": 0.730769, "sos4_hi": 0.730769, "cert_width": 0.0, "sos2": 0.77287, "C2": 1.185358, "C4_lo": 1.0, "retention": -0.0, "mult": 2, "H": 1.5, "sos2_eig": 0.77287, "lambda_top": 0.545739}
{"L": 13, "gens": [3, 5], "signs": [1.0, -1.0], "opt": 0.884615, "proved": true, "sos4_lo": 0.884615, "sos4_hi": 0.884615, "cert_width": 0.0, "sos2": 0.964099, "C2": 3.214008, "C4_lo": 1.0, "retention": -0.0, "mult": 2, "H": 1.5, "sos2_eig": 0.964099, "lambda_top": 0.928199}
{"L": 13, "gens": [3, 6], "signs": [-1.0, -1.0], "opt": 0.692308, "proved": true, "sos4_lo": 0.710544, "sos4_hi": 0.710544, "cert_width": 0.0, "sos2": 0.775779, "C2": 1.372272, "C4_lo": 1.063003, "retention": 0.169239, "mult": 2, "H": 1.5, "sos2_eig": 0.775779, "lambda_top": 0.551558}
{"L": 13, "gens": [3, 6], "signs": [-1.0, 1.0], "opt": 0.884615, "proved": true, "sos4_lo": 0.884615, "sos4_hi": 0.884615, "cert_width": 0.0, "sos2": 0.964099, "C2": 3.214008, "C4_lo": 1.0, "retention": -0.0, "mult": 2, "H": 1.5, "sos2_eig": 0.964099, "lambda_top": 0.928199}
{"L": 13, "gens": [3, 6], "signs": [1.0, -1.0], "opt": 0.730769, "proved": true, "sos4_lo": 0.730769, "sos4_hi": 0.730769, "cert_width": 0.0, "sos2": 0.77287, "C2": 1.185358, "C4_lo": 1.0, "retention": -0.0, "mult": 2, "H": 1.5, "sos2_eig": 0.77287, "lambda_top": 0.545739}
{"L": 13, "gens": [4, 5], "signs": [-1.0, -1.0], "opt": 0.692308, "proved": true, "sos4_lo": 0.710544, "sos4_hi": 0.710544, "cert_width": 0.0, "sos2": 0.775779, "C2": 1.372272, "C4_lo": 1.063003, "retention": 0.169239, "mult": 2, "H": 1.5, "sos2_eig": 0.775779, "lambda_top": 0.551558}
{"L": 13, "gens": [4, 5], "signs": [-1.0, 1.0], "opt": 0.884615, "proved": true, "sos4_lo": 0.884615, "sos4_hi": 0.884615, "cert_width": 0.0, "sos2": 0.964099, "C2": 3.214008, "C4_lo": 1.0, "retention": -0.0, "mult": 2, "H": 1.5, "sos2_eig": 0.964099, "lambda_top": 0.928199}
{"L": 13, "gens": [4, 5], "signs": [1.0, -1.0], "opt": 0.730769, "proved": true, "sos4_lo": 0.730769, "sos4_hi": 0.730769, "cert_width": 0.0, "sos2": 0.77287, "C2": 1.185358, "C4_lo": 1.0, "retention": -0.0, "mult": 2, "H": 1.5, "sos2_eig": 0.77287, "lambda_top": 0.545739}
{"L": 13, "gens": [4, 6], "signs": [-1.0, -1.0], "opt": 0.769231, "proved": true, "sos4_lo": 0.770263, "sos4_hi": 0.770263, "cert_width": 0.0, "sos2": 0.831387, "C2": 1.36863, "C4_lo": 1.004493, "retention": 0.012188, "mult": 4, "H": 2.25, "sos2_eig": 0.831387, "lambda_top": 0.662773}
{"L": 13, "gens": [4, 6], "signs": [-1.0, 1.0], "opt": 0.807692, "proved": true, "sos4_lo": 0.807692, "sos4_hi": 0.807692, "cert_width": 0.0, "sos2": 0.908492, "C2": 2.101533, "C4_lo": 1.0, "retention": -0.0, "mult": 2, "H": 1.5, "sos2_eig": 0.908492, "lambda_top": 0.816983}
{"L": 13, "gens": [4, 6], "signs": [1.0, -1.0], "opt": 0.807692, "proved": true, "sos4_lo": 0.807692, "sos4_hi": 0.807692, "cert_width": 0.0, "sos2": 0.908492, "C2": 2.101533, "C4_lo": 1.0, "retention": -0.0, "mult": 2, "H": 1.5, "sos2_eig": 0.908492, "lambda_top": 0.816983}
{"L": 13, "gens": [5, 6], "signs": [-1.0, -1.0], "opt": 0.846154, "proved": true, "sos4_lo": 0.846154, "sos4_hi": 0.846154, "cert_width": 0.0, "sos2": 0.929863, "C2": 2.193514, "C4_lo": 1.0, "retention": -0.0, "mult": 2, "H": 1.5, "sos2_eig": 0.929863, "lambda_top": 0.859726}
{"L": 13, "gens": [5, 6], "signs": [-1.0, 1.0], "opt": 0.807692, "proved": true, "sos4_lo": 0.807692, "sos4_hi": 0.807692, "cert_width": 0.0, "sos2": 0.884752, "C2": 1.668637, "C4_lo": 1.0, "retention": -0.0, "mult": 2, "H": 1.5, "sos2_eig": 0.884752, "lambda_top": 0.769503}
{"L": 13, "gens": [5, 6], "signs": [1.0, -1.0], "opt": 0.730769, "proved": true, "sos4_lo": 0.751392, "sos4_hi": 0.751392, "cert_width": 0.0, "sos2": 0.829144, "C2": 1.575775, "C4_lo": 1.082951, "retention": 0.144069, "mult": 2, "H": 1.5, "sos2_eig": 0.829144, "lambda_top": 0.658288}
{"L": 15, "gens": [1], "signs": [-1.0], "opt": 0.933333, "proved": true, "sos4_lo": 0.933333, "sos4_hi": 0.933333, "cert_width": 0.0, "sos2": 0.989074, "C2": 6.101542, "C4_lo": 1.0, "retention": -0.0, "mult": 2, "H": 1.5, "sos2_eig": 0.989074, "lambda_top": 0.978148}
{"L": 15, "gens": [2], "signs": [-1.0], "opt": 0.933333, "proved": true, "sos4_lo": 0.933333, "sos4_hi": 0.933333, "cert_width": 0.0, "sos2": 0.989074, "C2": 6.101542, "C4_lo": 1.0, "retention": -0.0, "mult": 2, "H": 1.5, "sos2_eig": 0.989074, "lambda_top": 0.978148}
{"L": 15, "gens": [3], "signs": [-1.0], "opt": 0.8, "proved": true, "sos4_lo": 0.8, "sos4_hi": 0.8, "cert_width": 0.0, "sos2": 0.904508, "C2": 2.094427, "C4_lo": 1.0, "retention": -0.0, "mult": 6, "H": 4.5, "sos2_eig": 0.904508, "lambda_top": 0.809017}
{"L": 15, "gens": [4], "signs": [-1.0], "opt": 0.933333, "proved": true, "sos4_lo": 0.933333, "sos4_hi": 0.933333, "cert_width": 0.0, "sos2": 0.989074, "C2": 6.101542, "C4_lo": 1.0, "retention": -0.0, "mult": 2, "H": 1.5, "sos2_eig": 0.989074, "lambda_top": 0.978148}
{"L": 15, "gens": [5], "signs": [-1.0], "opt": 0.666667, "proved": true, "sos4_lo": 0.666667, "sos4_hi": 0.666667, "cert_width": 0.0, "sos2": 0.75, "C2": 1.333333, "C4_lo": 1.0, "retention": -0.0, "mult": 10, "H": 7.5, "sos2_eig": 0.75, "lambda_top": 0.5}
{"L": 15, "gens": [6], "signs": [-1.0], "opt": 0.8, "proved": true, "sos4_lo": 0.8, "sos4_hi": 0.8, "cert_width": 0.0, "sos2": 0.904508, "C2": 2.094427, "C4_lo": 1.0, "retention": -0.0, "mult": 6, "H": 4.5, "sos2_eig": 0.904508, "lambda_top": 0.809017}
{"L": 15, "gens": [7], "signs": [-1.0], "opt": 0.933333, "proved": true, "sos4_lo": 0.933333, "sos4_hi": 0.933333, "cert_width": 0.0, "sos2": 0.989074, "C2": 6.101542, "C4_lo": 1.0, "retention": -0.0, "mult": 2, "H": 1.5, "sos2_eig": 0.989074, "lambda_top": 0.978148}
{"L": 15, "gens": [1, 2], "signs": [-1.0, -1.0], "opt": 0.733333, "proved": true, "sos4_lo": 0.733333, "sos4_hi": 0.733333, "cert_width": 0.0, "sos2": 0.770669, "C2": 1.162803, "C4_lo": 1.0, "retention": -0.0, "mult": 2, "H": 1.5, "sos2_eig": 0.770669, "lambda_top": 0.541338}
{"L": 15, "gens": [1, 2], "signs": [-1.0, 1.0], "opt": 0.9, "proved": true, "sos4_lo": 0.9, "sos4_hi": 0.9, "cert_width": 0.0, "sos2": 0.972923, "C2": 3.693207, "C4_lo": 1.0, "retention": -0.0, "mult": 2, "H": 1.5, "sos2_eig": 0.972923, "lambda_top": 0.945847}
{"L": 15, "gens": [1, 2], "signs": [1.0, -1.0], "opt": 0.7, "proved": true, "sos4_lo": 0.716456, "sos4_hi": 0.716456, "cert_width": 0.0, "sos2": 0.779508, "C2": 1.360597, "C4_lo": 1.058036, "retention": 0.160944, "mult": 2, "H": 1.5, "sos2_eig": 0.779508, "lambda_top": 0.559017}
{"L": 15, "gens": [1, 3], "signs": [-1.0, -1.0], "opt": 0.866667, "proved": true, "sos4_lo": 0.866667, "sos4_hi": 0.866667, "cert_width": 0.0, "sos2": 0.946791, "C2": 2.505849, "C4_lo": 1.0, "retention": -0.0, "mult": 2, "H": 1.5, "sos2_eig": 0.946791, "lambda_top": 0.893582}
{"L": 15, "gens": [1, 3], "signs": [-1.0, 1.0], "opt": 0.833333, "proved": true, "sos4_lo": 0.833333, "sos4_hi": 0.833333, "cert_width": 0.0, "sos2": 0.875, "C2": 1.333333, "C4_lo": 1.0, "retention": -0.0, "mult": 2, "H": 1.5, "sos2_eig": 0.875, "lambda_top": 0.75}
{"L": 15, "gens": [1, 3], "signs": [1.0, -1.0], "opt": 0.766667, "proved": true, "sos4_lo": 0.766667, "sos4_hi": 0.766667, "cert_width": 0.0, "sos2": 0.869537, "C2": 1.788501, "C4_lo": 1.0, "retention": -0.0, "mult": 2, "H": 1.5, "sos2_eig": 0.869537, "lambda_top": 0.739074}
{"L": 15, "gens": [1, 4], "signs": [-1.0, -1.0], "opt": 0.8, "proved": true, "sos4_lo": 0.8, "sos4_hi": 0.8, "cert_width": 0.0, "sos2": 0.904508, "C2": 2.094427, "C4_lo": 1.0, "retention": -0.0, "mult": 2, "H": 1.5, "sos2_eig": 0.904508, "lambda_top": 0.809017}
{"L": 15, "gens": [1, 4], "signs": [-1.0, 1.0], "opt": 0.833333, "proved": true, "sos4_lo": 0.833333, "sos4_hi": 0.833333, "cert_width": 0.0, "sos2": 0.91182, "C2": 1.890064, "C4_lo": 1.0, "retention": -0.0, "mult": 2, "H": 1.5, "sos2_eig": 0.91182, "lambda_top": 0.823639}
{"L": 15, "gens": [1, 4], "signs": [1.0, -1.0], "opt": 0.833333, "proved": true, "sos4_lo": 0.833333, "sos4_hi": 0.833333, "cert_width": 0.0, "sos2": 0.91182, "C2": 1.890064, "C4_lo": 1.0, "retention": -0.0, "mult": 2, "H": 1.5, "sos2_eig": 0.91182, "lambda_top": 0.823639}
{"L": 15, "gens": [1, 5], "signs": [-1.0, -1.0], "opt": 0.8, "proved": true, "sos4_lo": 0.8, "sos4_hi": 0.8, "cert_width": 0.0, "sos2": 0.869537, "C2": 1.533001, "C4_lo": 1.0, "retention": -0.0, "mult": 2, "H": 1.5, "sos2_eig": 0.869537, "lambda_top": 0.739074}
{"L": 15, "gens": [1, 5], "signs": [-1.0, 1.0], "opt": 0.9, "proved": true, "sos4_lo": 0.9, "sos4_hi": 0.9, "cert_width": 0.0, "sos2": 0.952254, "C2": 2.094427, "C4_lo": 1.0, "retention": -0.0, "mult": 2, "H": 1.5, "sos2_eig": 0.952254, "lambda_top": 0.904508}
{"L": 15, "gens": [1, 5], "signs": [1.0, -1.0], "opt": 0.766667, "proved": true, "sos4_lo": 0.766667, "sos4_hi": 0.766667, "cert_width": 0.0, "sos2": 0.853386, "C2": 1.591485, "C4_lo": 1.0, "retention": -0.0, "mult": 2, "H": 1.5, "sos2_eig": 0.853386, "lambda_top": 0.706773}
{"L": 15, "gens": [1, 6], "signs": [-1.0, -1.0], "opt": 0.8, "proved": true, "sos4_lo": 0.8, "sos4_hi": 0.8, "cert_width": 0.0, "sos2": 0.904508, "C2": 2.094427, "C4_lo": 1.0, "retention": -0.0, "mult": 2, "H": 1.5, "sos2_eig": 0.904508, "lambda_top": 0.809017}
{"L": 15, "gens": [1, 6], "signs": [-1.0, 1.0], "opt": 0.833333, "proved": true, "sos4_lo": 0.833333, "sos4_hi": 0.833333, "cert_width": 0.0, "sos2": 0.875, "C2": 1.333333, "C4_lo": 1.0, "retention": -0.0, "mult": 2, "H": 1.5, "sos2_eig": 0.875, "lambda_top": 0.75}
{"L": 15, "gens": [1, 6], "signs": [1.0, -1.0], "opt": 0.833333, "proved": true, "sos4_lo": 0.833333, "sos4_hi": 0.833333, "cert_width": 0.0, "sos2": 0.930641, "C2": 2.402943, "C4_lo": 1.0, "retention": -0.0, "mult": 2, "H": 1.5, "sos2_eig": 0.930641, "lambda_top": 0.861281}
{"L": 15, "gens": [1, 7], "signs": [-1.0, -1.0], "opt": 0.733333, "proved": true, "sos4_lo": 0.733333, "sos4_hi": 0.733333, "cert_width": 0.0, "sos2": 0.770669, "C2": 1.162803, "C4_lo": 1.0, "retention": -0.0, "mult": 2, "H": 1.5, "sos2_eig": 0.770669, "lambda_top": 0.541338}
{"L": 15, "gens": [1, 7], "signs": [-1.0, 1.0], "opt": 0.7, "proved": true, "sos4_lo": 0.716456, "sos4_hi": 0.716456, "cert_width": 0.0, "sos2": 0.779508, "C2": 1.360597, "C4_lo": 1.058036, "retention": 0.160944, "mult": 2, "H": 1.5, "sos2_eig": 0.779508, "lambda_top": 0.559017}
{"L": 15, "gens": [1, 7], "signs": [1.0, -1.0], "opt": 0.9, "proved": true, "sos4_lo": 0.9, "sos4_hi": 0.9, "cert_width": 0.0, "sos2": 0.972923, "C2": 3.693207, "C4_lo": 1.0, "retention": -0.0, "mult": 2, "H": 1.5, "sos2_eig": 0.972923, "lambda_top": 0.945847}
{"L": 15, "gens": [2, 3], "signs": [-1.0, -1.0], "opt": 0.8, "proved": true, "sos4_lo": 0.8, "sos4_hi": 0.8, "cert_width": 0.0, "sos2": 0.904508, "C2": 2.094427, "C4_lo": 1.0, "retention": -0.0, "mult": 2, "H": 1.5, "sos2_eig": 0.904508, "lambda_top": 0.809017}
{"L": 15, "gens": [2, 3], "signs": [-1.0, 1.0], "opt": 0.833333, "proved": true, "sos4_lo": 0.833333, "sos4_hi": 0.833333, "cert_width": 0.0, "sos2": 0.875, "C2": 1.333333, "C4_lo": 1.0, "retention": -0.0, "mult": 2, "H": 1.5, "sos2_eig": 0.875, "lambda_top": 0.75}
{"L": 15, "gens": [2, 3], "signs": [1.0, -1.0], "opt": 0.833333, "proved": true, "sos4_lo": 0.833333, "sos4_hi": 0.833333, "cert_width": 0.0, "sos2": 0.930641, "C2": 2.402943, "C4_lo": 1.0, "retention": -0.0, "mult": 2, "H": 1.5, "sos2_eig": 0.930641, "lambda_top": 0.861281}
{"L": 15, "gens": [2, 4], "signs": [-1.0, -1.0], "opt": 0.733333, "proved": true, "sos4_lo": 0.733333, "sos4_hi": 0.733333, "cert_width": 0.0, "sos2": 0.770669, "C2": 1.162803, "C4_lo": 1.0, "retention": -0.0, "mult": 2, "H": 1.5, "sos2_eig": 0.770669, "lambda_top": 0.541338}
{"L": 15, "gens": [2, 4], "signs": [-1.0, 1.0], "opt": 0.9, "proved": true, "sos4_lo": 0.9, "sos4_hi": 0.9, "cert_width": 0.0, "sos2": 0.972923, "C2": 3.693207, "C4_lo": 1.0, "retention": -0.0, "mult": 2, "H": 1.5, "sos2_eig": 0.972923, "lambda_top": 0.945847}
{"L": 15, "gens": [2, 4], "signs": [1.0, -1.0], "opt": 0.7, "proved": true, "sos4_lo": 0.716456, "sos4_hi": 0.716456, "cert_width": 0.0, "sos2": 0.779508, "C2": 1.360597, "C4_lo": 1.058036, "retention": 0.160944, "mult": 2, "H": 1.5, "sos2_eig": 0.779508, "lambda_top": 0.559017}
{"L": 15, "gens": [2, 5], "signs": [-1.0, -1.0], "opt": 0.8, "proved": true, "sos4_lo": 0.8, "sos4_hi": 0.8, "cert_width": 0.0, "sos2": 0.869537, "C2": 1.533001, "C4_lo": 1.0, "retention": -0.0, "mult": 2, "H": 1.5, "sos2_eig": 0.869537, "lambda_top": 0.739074}
{"L": 15, "gens": [2, 5], "signs": [-1.0, 1.0], "opt": 0.9, "proved": true, "sos4_lo": 0.9, "sos4_hi": 0.9, "cert_width": 0.0, "sos2": 0.952254, "C2": 2.094427, "C4_lo": 1.0, "retention": -0.0, "mult": 2, "H": 1.5, "sos2_eig": 0.952254, "lambda_top": 0.904508}
{"L": 15, "gens": [2, 5], "signs": [1.0, -1.0], "opt": 0.766667, "proved": true, "sos4_lo": 0.766667, "sos4_hi": 0.766667, "cert_width": 0.0, "sos2": 0.853386, "C2": 1.591485, "C4_lo": 1.0, "retention": -0.0, "mult": 2, "H": 1.5, "sos2_eig": 0.853386, "lambda_top": 0.706773}
{"L": 15, "gens": [2, 6], "signs": [-1.0, -1.0], "opt": 0.866667, "proved": true, "sos4_lo": 0.866667, "sos4_hi": 0.866667, "cert_width": 0.0, "sos2": 0.946791, "C2": 2.505849, "C4_lo": 1.0, "retention": -0.0, "mult": 2, "H": 1.5, "sos2_eig": 0.946791, "lambda_top": 0.893582}
{"L": 15, "gens": [2, 6], "signs": [-1.0, 1.0], "opt": 0.833333, "proved": true, "sos4_lo": 0.833333, "sos4_hi": 0.833333, "cert_width": 0.0, "sos2": 0.875, "C2": 1.333333, "C4_lo": 1.0, "retention": -0.0, "mult": 2, "H": 1.5, "sos2_eig": 0.875, "lambda_top": 0.75}
{"L": 15, "gens": [2, 6], "signs": [1.0, -1.0], "opt": 0.766667, "proved": true, "sos4_lo": 0.766667, "sos4_hi": 0.766667, "cert_width": 0.0, "sos2": 0.869537, "C2": 1.788501, "C4_lo": 1.0, "retention": -0.0, "mult": 2, "H": 1.5, "sos2_eig": 0.869537, "lambda_top": 0.739074}
{"L": 15, "gens": [2, 7], "signs": [-1.0, -1.0], "opt": 0.8, "proved": true, "sos4_lo": 0.8, "sos4_hi": 0.8, "cert_width": 0.0, "sos2": 0.904508, "C2": 2.094427, "C4_lo": 1.0, "retention": -0.0, "mult": 2, "H": 1.5, "sos2_eig": 0.904508, "lambda_top": 0.809017}
{"L": 15, "gens": [2, 7], "signs": [-1.0, 1.0], "opt": 0.833333, "proved": true, "sos4_lo": 0.833333, "sos4_hi": 0.833333, "cert_width": 0.0, "sos2": 0.91182, "C2": 1.890064, "C4_lo": 1.0, "retention": -0.0, "mult": 2, "H": 1.5, "sos2_eig": 0.91182, "lambda_top": 0.823639}
{"L": 15, "gens": [2, 7], "signs": [1.0, -1.0], "opt": 0.833333, "proved": true, "sos4_lo": 0.833333, "sos4_hi": 0.833333, "cert_width": 0.0, "sos2": 0.91182, "C2": 1.890064, "C4_lo": 1.0, "retention": -0.0, "mult": 2, "H": 1.5, "sos2_eig": 0.91182, "lambda_top": 0.823639}
{"L": 15, "gens": [3, 4], "signs": [-1.0, -1.0], "opt": 0.866667, "proved": true, "sos4_lo": 0.866667, "sos4_hi": 0.866667, "cert_width": 0.0, "sos2": 0.946791, "C2": 2.505849, "C4_lo": 1.0, "retention": -0.0, "mult": 2, "H": 1.5, "sos2_eig": 0.946791, "lambda_top": 0.893582}
{"L": 15, "gens": [3, 4], "signs": [-1.0, 1.0], "opt": 0.766667, "proved": true, "sos4_lo": 0.766667, "sos4_hi": 0.766667, "cert_width": 0.0, "sos2": 0.869537, "C2": 1.788501, "C4_lo": 1.0, "retention": -0.0, "mult": 2, "H": 1.5, "sos2_eig": 0.869537, "lambda_top": 0.739074}
{"L": 15, "gens": [3, 4], "signs": [1.0, -1.0], "opt": 0.833333, "proved": true, "sos4_lo": 0.833333, "sos4_hi": 0.833333, "cert_width": 0.0, "sos2": 0.875, "C2": 1.333333, "C4_lo": 1.0, "retention": -0.0, "mult": 2, "H": 1.5, "sos2_eig": 0.875, "lambda_top": 0.75}
{"L": 15, "gens": [3, 5], "signs": [-1.0, -1.0], "opt": 0.733333, "proved": true, "sos4_lo": 0.733333, "sos4_hi": 0.733333, "cert_width": 0.0, "sos2": 0.827254, "C2": 1.543695, "C4_lo": 1.0, "retention": -0.0, "mult": 4, "H": 2.25, "sos2_eig": 0.827254, "lambda_top": 0.654508}
{"L": 15, "gens": [3, 5], "signs": [-1.0, 1.0], "opt": 0.9, "proved": true, "sos4_lo": 0.9, "sos4_hi": 0.9, "cert_width": 0.0, "sos2": 0.952254, "C2": 2.094427, "C4_lo": 1.0, "retention": -0.0, "mult": 2, "H": 1.5, "sos2_eig": 0.952254, "lambda_top": 0.904508}
{"L": 15, "gens": [3, 5], "signs": [1.0, -1.0], "opt": 0.833333, "proved": true, "sos4_lo": 0.833333, "sos4_hi": 0.833333, "cert_width": 0.0, "sos2": 0.875, "C2": 1.333333, "C4_lo": 1.0, "retention": -0.0, "mult": 2, "H": 1.5, "sos2_eig": 0.875, "lambda_top": 0.75}
{"L": 15, "gens": [3, 6], "signs": [-1.0, -1.0], "opt": 0.6, "proved": true, "sos4_lo": 0.625, "sos4_hi": 0.625, "cert_width": 0.0, "sos2": 0.625, "C2": 1.066667, "C4_lo": 1.066667, "retention": 1.0, "mult": 12, "H": 9.75, "sos2_eig": 0.625, "lambda_top": 0.25}
{"L": 15, "gens": [3, 6], "signs": [-1.0, 1.0], "opt": 0.7, "proved": true, "sos4_lo": 0.7, "sos4_hi": 0.7, "cert_width": 0.0, "sos2": 0.779508, "C2": 1.360597, "C4_lo": 1.0, "retention": -0.0, "mult": 6, "H": 4.5, "sos2_eig": 0.779508, "lambda_top": 0.559017}
{"L": 15, "gens": [3, 6], "signs": [1.0, -1.0], "opt": 0.7, "proved": true, "sos4_lo": 0.7, "sos4_hi": 0.7, "cert_width": 0.0, "sos2": 0.779508, "C2": 1.360597, "C4_lo": 1.0, "retention": -0.0, "mult": 6, "H": 4.5, "sos2_eig": 0.779508, "lambda_top": 0.559017}
{"L": 15, "gens": [3, 7], "signs": [-1.0, -1.0], "opt": 0.8, "proved": true, "sos4_lo": 0.8, "sos4_hi": 0.8, "cert_width": 0.0, "sos2": 0.904508, "C2": 2.094427, "C4_lo": 1.0, "retention": -0.0, "mult": 2, "H": 1.5, "sos2_eig": 0.904508, "lambda_top": 0.809017}
{"L": 15, "gens": [3, 7], "signs": [-1.0, 1.0], "opt": 0.833333, "proved": true, "sos4_lo": 0.833333, "sos4_hi": 0.833333, "cert_width": 0.0, "sos2": 0.930641, "C2": 2.402943, "C4_lo": 1.0, "retention": -0.0, "mult": 2, "H": 1.5, "sos2_eig": 0.930641, "lambda_top": 0.861281}
{"L": 15, "gens": [3, 7], "signs": [1.0, -1.0], "opt": 0.833333, "proved": true, "sos4_lo": 0.833333, "sos4_hi": 0.833333, "cert_width": 0.0, "sos2": 0.875, "C2": 1.333333, "C4_lo": 1.0, "retention": -0.0, "mult": 2, "H": 1.5, "sos2_eig": 0.875, "lambda_top": 0.75}
{"L": 15, "gens": [4, 5], "signs": [-1.0, -1.0], "opt": 0.8, "proved": true, "sos4_lo": 0.8, "sos4_hi": 0.8, "cert_width": 0.0, "sos2": 0.869537, "C2": 1.533001, "C4_lo": 1.0, "retention": -0.0, "mult": 2, "H": 1.5, "sos2_eig": 0.869537, "lambda_top": 0.739074}
{"L": 15, "gens": [4, 5], "signs": [-1.0, 1.0], "opt": 0.9, "proved": true, "sos4_lo": 0.9, "sos4_hi": 0.9, "cert_width": 0.0, "sos2": 0.952254, "C2": 2.094427, "C4_lo": 1.0, "retention": -0.0, "mult": 2, "H": 1.5, "sos2_eig": 0.952254, "lambda_top": 0.904508}
{"L": 15, "gens": [4, 5], "signs": [1.0, -1.0], "opt": 0.766667, "proved": true, "sos4_lo": 0.766667, "sos4_hi": 0.766667, "cert_width": 0.0, "sos2": 0.853386, "C2": 1.591485, "C4_lo": 1.0, "retention": -0.0, "mult": 2, "H": 1.5, "sos2_eig": 0.853386, "lambda_top": 0.706773}
{"L": 15, "gens": [4, 6], "signs": [-1.0, -1.0], "opt": 0.8, "proved": true, "sos4_lo": 0.8, "sos4_hi": 0.8, "cert_width": 0.0, "sos2": 0.904508, "C2": 2.094427, "C4_lo": 1.0, "retention": -0.0, "mult": 2, "H": 1.5, "sos2_eig": 0.904508, "lambda_top": 0.809017}
{"L": 15, "gens": [4, 6], "signs": [-1.0, 1.0], "opt": 0.833333, "proved": true, "sos4_lo": 0.833333, "sos4_hi": 0.833333, "cert_width": 0.0, "sos2": 0.875, "C2": 1.333333, "C4_lo": 1.0, "retention": -0.0, "mult": 2, "H": 1.5, "sos2_eig": 0.875, "lambda_top": 0.75}
{"L": 15, "gens": [4, 6], "signs": [1.0, -1.0], "opt": 0.833333, "proved": true, "sos4_lo": 0.833333, "sos4_hi": 0.833333, "cert_width": 0.0, "sos2": 0.930641, "C2": 2.402943, "C4_lo": 1.0, "retention": -0.0, "mult": 2, "H": 1.5, "sos2_eig": 0.930641, "lambda_top": 0.861281}
{"L": 15, "gens": [4, 7], "signs": [-1.0, -1.0], "opt": 0.733333, "proved": true, "sos4_lo": 0.733333, "sos4_hi": 0.733333, "cert_width": 0.0, "sos2": 0.770669, "C2": 1.162803, "C4_lo": 1.0, "retention": -0.0, "mult": 2, "H": 1.5, "sos2_eig": 0.770669, "lambda_top": 0.541338}
{"L": 15, "gens": [4, 7], "signs": [-1.0, 1.0], "opt": 0.9, "proved": true, "sos4_lo": 0.9, "sos4_hi": 0.9, "cert_width": 0.0, "sos2": 0.972923, "C2": 3.693207, "C4_lo": 1.0, "retention": -0.0, "mult": 2, "H": 1.5, "sos2_eig": 0.972923, "lambda_top": 0.945847}
{"L": 15, "gens": [4, 7], "signs": [1.0, -1.0], "opt": 0.7, "proved": true, "sos4_lo": 0.716456, "sos4_hi": 0.716456, "cert_width": 0.0, "sos2": 0.779508, "C2": 1.360597, "C4_lo": 1.058036, "retention": 0.160944, "mult": 2, "H": 1.5, "sos2_eig": 0.779508, "lambda_top": 0.559017}
{"L": 15, "gens": [5, 6], "signs": [-1.0, -1.0], "opt": 0.733333, "proved": true, "sos4_lo": 0.733333, "sos4_hi": 0.733333, "cert_width": 0.0, "sos2": 0.827254, "C2": 1.543695, "C4_lo": 1.0, "retention": -0.0, "mult": 4, "H": 2.25, "sos2_eig": 0.827254, "lambda_top": 0.654508}
{"L": 15, "gens": [5, 6], "signs": [-1.0, 1.0], "opt": 0.833333, "proved": true, "sos4_lo": 0.833333, "sos4_hi": 0.833333, "cert_width": 0.0, "sos2": 0.875, "C2": 1.333333, "C4_lo": 1.0, "retention": -0.0, "mult": 2, "H": 1.5, "sos2_eig": 0.875, "lambda_top": 0.75}
{"L": 15, "gens": [5, 6], "signs": [1.0, -1.0], "opt": 0.9, "proved": true, "sos4_lo": 0.9, "sos4_hi": 0.9, "cert_width": 0.0, "sos2": 0.952254, "C2": 2.094427, "C4_lo": 1.0, "retention": -0.0, "mult": 2, "H": 1.5, "sos2_eig": 0.952254, "lambda_top": 0.904508}
{"L": 15, "gens": [5, 7], "signs": [-1.0, -1.0], "opt": 0.8, "proved": true, "sos4_lo": 0.8, "sos4_hi": 0.8, "cert_width": 0.0, "sos2": 0.869537, "C2": 1.533001, "C4_lo": 1.0, "retention": -0.0, "mult": 2, "H": 1.5, "sos2_eig": 0.869537, "lambda_top": 0.739074}
{"L": 15, "gens": [5, 7], "signs": [-1.0, 1.0], "opt": 0.766667, "proved": true, "sos4_lo": 0.766667, "sos4_hi": 0.766667, "cert_width": 0.0, "sos2": 0.853386, "C2": 1.591485, "C4_lo": 1.0, "retention": -0.0, "mult": 2, "H": 1.5, "sos2_eig": 0.853386, "lambda_top": 0.706773}
{"L": 15, "gens": [5, 7], "signs": [1.0, -1.0], "opt": 0.9, "proved": true, "sos4_lo": 0.9, "sos4_hi": 0.9, "cert_width": 0.0, "sos2": 0.952254, "C2": 2.094427, "C4_lo": 1.0, "retention": -0.0, "mult": 2, "H": 1.5, "sos2_eig": 0.952254, "lambda_top": 0.904508}
{"L": 15, "gens": [6, 7], "signs": [-1.0, -1.0], "opt": 0.866667, "proved": true, "sos4_lo": 0.866667, "sos4_hi": 0.866667, "cert_width": 0.0, "sos2": 0.946791, "C2": 2.505849, "C4_lo": 1.0, "retention": -0.0, "mult": 2, "H": 1.5, "sos2_eig": 0.946791, "lambda_top": 0.893582}
{"L": 15, "gens": [6, 7], "signs": [-1.0, 1.0], "opt": 0.766667, "proved": true, "sos4_lo": 0.766667, "sos4_hi": 0.766667, "cert_width": 0.0, "sos2": 0.869537, "C2": 1.788501, "C4_lo": 1.0, "retention": -0.0, "mult": 2, "H": 1.5, "sos2_eig": 0.869537, "lambda_top": 0.739074}
{"L": 15, "gens": [6, 7], "signs": [1.0, -1.0], "opt": 0.833333, "proved": true, "sos4_lo": 0.833333, "sos4_hi": 0.833333, "cert_width": 0.0, "sos2": 0.875, "C2": 1.333333, "C4_lo": 1.0, "retention": -0.0, "mult": 2, "H": 1.5, "sos2_eig": 0.875, "lambda_top": 0.75}
{"L": 17, "gens": [1], "signs": [-1.0], "opt": 0.941176, "proved": true, "sos4_lo": 0.941176, "sos4_hi": 0.941176, "cert_width": 0.0, "sos2": 0.991487, "C2": 6.909482, "C4_lo": 1.0, "retention": -0.0, "mult": 2, "H": 1.5, "sos2_eig": 0.991487, "lambda_top": 0.982973}
{"L": 17, "gens": [2], "signs": [-1.0], "opt": 0.941176, "proved": true, "sos4_lo": 0.941176, "sos4_hi": 0.941176, "cert_width": 0.0, "sos2": 0.991487, "C2": 6.909482, "C4_lo": 1.0, "retention": -0.0, "mult": 2, "H": 1.5, "sos2_eig": 0.991487, "lambda_top": 0.982973}
{"L": 17, "gens": [3], "signs": [-1.0], "opt": 0.941176, "proved": true, "sos4_lo": 0.941176, "sos4_hi": 0.941176, "cert_width": 0.0, "sos2": 0.991487, "C2": 6.909482, "C4_lo": 1.0, "retention": -0.0, "mult": 2, "H": 1.5, "sos2_eig": 0.991487, "lambda_top": 0.982973}
{"L": 17, "gens": [4], "signs": [-1.0], "opt": 0.941176, "proved": true, "sos4_lo": 0.941176, "sos4_hi": 0.941176, "cert_width": 0.0, "sos2": 0.991487, "C2": 6.909482, "C4_lo": 1.0, "retention": -0.0, "mult": 2, "H": 1.5, "sos2_eig": 0.991487, "lambda_top": 0.982973}
{"L": 17, "gens": [5], "signs": [-1.0], "opt": 0.941176, "proved": true, "sos4_lo": 0.941176, "sos4_hi": 0.941176, "cert_width": 0.0, "sos2": 0.991487, "C2": 6.909482, "C4_lo": 1.0, "retention": -0.0, "mult": 2, "H": 1.5, "sos2_eig": 0.991487, "lambda_top": 0.982973}
{"L": 17, "gens": [6], "signs": [-1.0], "opt": 0.941176, "proved": true, "sos4_lo": 0.941176, "sos4_hi": 0.941176, "cert_width": 0.0, "sos2": 0.991487, "C2": 6.909482, "C4_lo": 1.0, "retention": -0.0, "mult": 2, "H": 1.5, "sos2_eig": 0.991487, "lambda_top": 0.982973}
{"L": 17, "gens": [7], "signs": [-1.0], "opt": 0.941176, "proved": true, "sos4_lo": 0.941176, "sos4_hi": 0.941176, "cert_width": 0.0, "sos2": 0.991487, "C2": 6.909482, "C4_lo": 1.0, "retention": -0.0, "mult": 2, "H": 1.5, "sos2_eig": 0.991487, "lambda_top": 0.982973}
{"L": 17, "gens": [8], "signs": [-1.0], "opt": 0.941176, "proved": true, "sos4_lo": 0.941176, "sos4_hi": 0.941176, "cert_width": 0.0, "sos2": 0.991487, "C2": 6.909482, "C4_lo": 1.0, "retention": -0.0, "mult": 2, "H": 1.5, "sos2_eig": 0.991487, "lambda_top": 0.982973}
{"L": 17, "gens": [1, 2], "signs": [-1.0, -1.0], "opt": 0.705882, "proved": true, "sos4_lo": 0.720852, "sos4_hi": 0.720853, "cert_width": 0.0, "sos2": 0.78097, "C2": 1.342819, "C4_lo": 1.053628, "retention": 0.156432, "mult": 2, "H": 1.5, "sos2_eig": 0.78097, "lambda_top": 0.56194}
{"L": 17, "gens": [1, 2], "signs": [-1.0, 1.0], "opt": 0.911765, "proved": true, "sos4_lo": 0.911765, "sos4_hi": 0.911765, "cert_width": 0.0, "sos2": 0.978861, "C2": 4.174118, "C4_lo": 1.0, "retention": -0.0, "mult": 2, "H": 1.5, "sos2_eig": 0.978861, "lambda_top": 0.957723}
{"L": 17, "gens": [1, 2], "signs": [1.0, -1.0], "opt": 0.735294, "proved": true, "sos4_lo": 0.735294, "sos4_hi": 0.735294, "cert_width": 0.0, "sos2": 0.76881, "C2": 1.144973, "C4_lo": 1.0, "retention": -0.0, "mult": 2, "H": 1.5, "sos2_eig": 0.76881, "lambda_top": 0.537621}
{"L": 17, "gens": [1, 3], "signs": [-1.0, -1.0], "opt": 0.882353, "proved": true, "sos4_lo": 0.882353, "sos4_hi": 0.882353, "cert_width": 0.0, "sos2": 0.958298, "C2": 2.821107, "C4_lo": 1.0, "retention": -0.0, "mult": 2, "H": 1.5, "sos2_eig": 0.958298, "lambda_top": 0.916595}
{"L": 17, "gens": [1, 3], "signs": [-1.0, 1.0], "opt": 0.794118, "proved": true, "sos4_lo": 0.794118, "sos4_hi": 0.794118, "cert_width": 0.0, "sos2": 0.883777, "C2": 1.771438, "C4_lo": 1.0, "retention": -0.0, "mult": 2, "H": 1.5, "sos2_eig": 0.883777, "lambda_top": 0.767553}
{"L": 17, "gens": [1, 3], "signs": [1.0, -1.0], "opt": 0.794118, "proved": true, "sos4_lo": 0.794118, "sos4_hi": 0.794118, "cert_width": 0.0, "sos2": 0.857178, "C2": 1.44153, "C4_lo": 1.0, "retention": -0.0, "mult": 2, "H": 1.5, "sos2_eig": 0.857178, "lambda_top": 0.714356}
{"L": 17, "gens": [1, 4], "signs": [-1.0, -1.0], "opt": 0.764706, "proved": true, "sos4_lo": 0.782373, "sos4_hi": 0.782373, "cert_width": 0.0, "sos2": 0.863213, "C2": 1.720149, "C4_lo": 1.081179, "retention": 0.112726, "mult": 4, "H": 2.25, "sos2_eig": 0.863213, "lambda_top": 0.726426}
{"L": 17, "gens": [1, 4], "signs": [-1.0, 1.0], "opt": 0.852941, "proved": true, "sos4_lo": 0.852941, "sos4_hi": 0.852941, "cert_width": 0.0, "sos2": 0.930496, "C2": 2.115817, "C4_lo": 1.0, "retention": -0.0, "mult": 2, "H": 1.5, "sos2_eig": 0.930496, "lambda_top": 0.860991}
{"L": 17, "gens": [1, 4], "signs": [1.0, -1.0], "opt": 0.852941, "proved": true, "sos4_lo": 0.852941, "sos4_hi": 0.852941, "cert_width": 0.0, "sos2": 0.930496, "C2": 2.115817, "C4_lo": 1.0, "retention": -0.0, "mult": 2, "H": 1.5, "sos2_eig": 0.930496, "lambda_top": 0.860991}
{"L": 17, "gens": [1, 5], "signs": [-1.0, -1.0], "opt": 0.823529, "proved": true, "sos4_lo": 0.823529, "sos4_hi": 0.823529, "cert_width": 0.0, "sos2": 0.896402, "C2": 1.703416, "C4_lo": 1.0, "retention": -0.0, "mult": 2, "H": 1.5, "sos2_eig": 0.896402, "lambda_top": 0.792804}
{"L": 17, "gens": [1, 5], "signs": [-1.0, 1.0], "opt": 0.852941, "proved": true, "sos4_lo": 0.852941, "sos4_hi": 0.852941, "cert_width": 0.0, "sos2": 0.945672, "C2": 2.706887, "C4_lo": 1.0, "retention": -0.0, "mult": 2, "H": 1.5, "sos2_eig": 0.945672, "lambda_top": 0.891345}
{"L": 17, "gens": [1, 5], "signs": [1.0, -1.0], "opt": 0.794118, "proved": true, "sos4_lo": 0.794118, "sos4_hi": 0.794118, "cert_width": 0.0, "sos2": 0.897307, "C2": 2.004824, "C4_lo": 1.0, "retention": -0.0, "mult": 2, "H": 1.5, "sos2_eig": 0.897307, "lambda_top": 0.794613}
{"L": 17, "gens": [1, 6], "signs": [-1.0, -1.0], "opt": 0.882353, "proved": true, "sos4_lo": 0.882353, "sos4_hi": 0.882353, "cert_width": 0.0, "sos2": 0.958298, "C2": 2.821107, "C4_lo": 1.0, "retention": -0.0, "mult": 2, "H": 1.5, "sos2_eig": 0.958298, "lambda_top": 0.916595}
{"L": 17, "gens": [1, 6], "signs": [-1.0, 1.0], "opt": 0.794118, "proved": true, "sos4_lo": 0.794118, "sos4_hi": 0.794118, "cert_width": 0.0, "sos2": 0.857178, "C2": 1.44153, "C4_lo": 1.0, "retention": -0.0, "mult": 2, "H": 1.5, "sos2_eig": 0.857178, "lambda_top": 0.714356}
{"L": 17, "gens": [1, 6], "signs": [1.0, -1.0], "opt": 0.794118, "proved": true, "sos4_lo": 0.794118, "sos4_hi": 0.794118, "cert_width": 0.0, "sos2": 0.883777, "C2": 1.771438, "C4_lo": 1.0, "retention": -0.0, "mult": 2, "H": 1.5, "sos2_eig": 0.883777, "lambda_top": 0.767553}
{"L": 17, "gens": [1, 7], "signs": [-1.0, -1.0], "opt": 0.823529, "proved": true, "sos4_lo": 0.823529, "sos4_hi": 0.823529, "cert_width": 0.0, "sos2": 0.896402, "C2": 1.703416, "C4_lo": 1.0, "retention": -0.0, "mult": 2, "H": 1.5, "sos2_eig": 0.896402, "lambda_top": 0.792804}
{"L": 17, "gens": [1, 7], "signs": [-1.0, 1.0], "opt": 0.794118, "proved": true, "sos4_lo": 0.794118, "sos4_hi": 0.794118, "cert_width": 0.0, "sos2": 0.897307, "C2": 2.004824, "C4_lo": 1.0, "retention": -0.0, "mult": 2, "H": 1.5, "sos2_eig": 0.897307, "lambda_top": 0.794613}
{"L": 17, "gens": [1, 7], "signs": [1.0, -1.0], "opt": 0.852941, "proved": true, "sos4_lo": 0.852941, "sos4_hi": 0.852941, "cert_width": 0.0, "sos2": 0.945672, "C2": 2.706887, "C4_lo": 1.0, "retention": -0.0, "mult": 2, "H": 1.5, "sos2_eig": 0.945672, "lambda_top": 0.891345}
{"L": 17, "gens": [1, 8], "signs": [-1.0, -1.0], "opt": 0.705882, "proved": true, "sos4_lo": 0.720852, "sos4_hi": 0.720853, "cert_width": 0.0, "sos2": 0.78097, "C2": 1.342819, "C4_lo": 1.053628, "retention": 0.156432, "mult": 2, "H": 1.5, "sos2_eig": 0.78097, "lambda_top": 0.56194}
{"L": 17, "gens": [1, 8], "signs": [-1.0, 1.0], "opt": 0.735294, "proved": true, "sos4_lo": 0.735294, "sos4_hi": 0.735294, "cert_width": 0.0, "sos2": 0.76881, "C2": 1.144973, "C4_lo": 1.0, "retention": -0.0, "mult": 2, "H": 1.5, "sos2_eig": 0.76881, "lambda_top": 0.537621}
{"L": 17, "gens": [1, 8], "signs": [1.0, -1.0], "opt": 0.911765, "proved": true, "sos4_lo": 0.911765, "sos4_hi": 0.911765, "cert_width": 0.0, "sos2": 0.978861, "C2": 4.174118, "C4_lo": 1.0, "retention": -0.0, "mult": 2, "H": 1.5, "sos2_eig": 0.978861, "lambda_top": 0.957723}
{"L": 17, "gens": [2, 3], "signs": [-1.0, -1.0], "opt": 0.823529, "proved": true, "sos4_lo": 0.823529, "sos4_hi": 0.823529, "cert_width": 0.0, "sos2": 0.896402, "C2": 1.703416, "C4_lo": 1.0, "retention": -0.0, "mult": 2, "H": 1.5, "sos2_eig": 0.896402, "lambda_top": 0.792804}
{"L": 17, "gens": [2, 3], "signs": [-1.0, 1.0], "opt": 0.794118, "proved": true, "sos4_lo": 0.794118, "sos4_hi": 0.794118, "cert_width": 0.0, "sos2": 0.897307, "C2": 2.004824, "C4_lo": 1.0, "retention": -0.0, "mult": 2, "H": 1.5, "sos2_eig": 0.897307, "lambda_top": 0.794613}
{"L": 17, "gens": [2, 3], "signs": [1.0, -1.0], "opt": 0.852941, "proved": true, "sos4_lo": 0.852941, "sos4_hi": 0.852941, "cert_width": 0.0, "sos2": 0.945672, "C2": 2.706887, "C4_lo": 1.0, "retention": -0.0, "mult": 2, "H": 1.5, "sos2_eig": 0.945672, "lambda_top": 0.891345}
{"L": 17, "gens": [2, 4], "signs": [-1.0, -1.0], "opt": 0.705882, "proved": true, "sos4_lo": 0.720852, "sos4_hi": 0.720853, "cert_width": 0.0, "sos2": 0.78097, "C2": 1.342819, "C4_lo": 1.053628, "retention": 0.156432, "mult": 2, "H": 1.5, "sos2_eig": 0.78097, "lambda_top": 0.56194}
{"L": 17, "gens": [2, 4], "signs": [-1.0, 1.0], "opt": 0.911765, "proved": true, "sos4_lo": 0.911765, "sos4_hi": 0.911765, "cert_width": 0.0, "sos2": 0.978861, "C2": 4.174118, "C4_lo": 1.0, "retention": -0.0, "mult": 2, "H": 1.5, "sos2_eig": 0.978861, "lambda_top": 0.957723}
{"L": 17, "gens": [2, 4], "signs": [1.0, -1.0], "opt": 0.735294, "proved": true, "sos4_lo": 0.735294, "sos4_hi": 0.735294, "cert_width": 0.0, "sos2": 0.76881, "C2": 1.144973, "C4_lo": 1.0, "retention": -0.0, "mult": 2, "H": 1.5, "sos2_eig": 0.76881, "lambda_top": 0.537621}
{"L": 17, "gens": [2, 5], "signs": [-1.0, -1.0], "opt": 0.882353, "proved": true, "sos4_lo": 0.882353, "sos4_hi": 0.882353, "cert_width": 0.0, "sos2": 0.958298, "C2": 2.821107, "C4_lo": 1.0, "retention": -0.0, "mult": 2, "H": 1.5, "sos2_eig": 0.958298, "lambda_top": 0.916595}
{"L": 17, "gens": [2, 5], "signs": [-1.0, 1.0], "opt": 0.794118, "proved": true, "sos4_lo": 0.794118, "sos4_hi": 0.794118, "cert_width": 0.0, "sos2": 0.857178, "C2": 1.44153, "C4_lo": 1.0, "retention": -0.0, "mult": 2, "H": 1.5, "sos2_eig": 0.857178, "lambda_top": 0.714356}
{"L": 17, "gens": [2, 5], "signs": [1.0, -1.0], "opt": 0.794118, "proved": true, "sos4_lo": 0.794118, "sos4_hi": 0.794118, "cert_width": 0.0, "sos2": 0.883777, "C2": 1.771438, "C4_lo": 1.0, "retention": -0.0, "mult": 2, "H": 1.5, "sos2_eig": 0.883777, "lambda_top": 0.767553}
{"L": 17, "gens": [2, 6], "signs": [-1.0, -1.0], "opt": 0.882353, "proved": true, "sos4_lo": 0.882353, "sos4_hi": 0.882353, "cert_width": 0.0, "sos2": 0.958298, "C2": 2.821107, "C4_lo": 1.0, "retention": -0.0, "mult": 2, "H": 1.5, "sos2_eig": 0.958298, "lambda_top": 0.916595}
{"L": 17, "gens": [2, 6], "signs": [-1.0, 1.0], "opt": 0.794118, "proved": true, "sos4_lo": 0.794118, "sos4_hi": 0.794118, "cert_width": 0.0, "sos2": 0.883777, "C2": 1.771438, "C4_lo": 1.0, "retention": -0.0, "mult": 2, "H": 1.5, "sos2_eig": 0.883777, "lambda_top": 0.767553}
{"L": 17, "gens": [2, 6], "signs": [1.0, -1.0], "opt": 0.794118, "proved": true, "sos4_lo": 0.794118, "sos4_hi": 0.794118, "cert_width": 0.0, "sos2": 0.857178, "C2": 1.44153, "C4_lo": 1.0, "retention": -0.0, "mult": 2, "H": 1.5, "sos2_eig": 0.857178, "lambda_top": 0.714356}
{"L": 17, "gens": [2, 7], "signs": [-1.0, -1.0], "opt": 0.823529, "proved": true, "sos4_lo": 0.823529, "sos4_hi": 0.823529, "cert_width": 0.0, "sos2": 0.896402, "C2": 1.703416, "C4_lo": 1.0, "retention": -0.0, "mult": 2, "H": 1.5, "sos2_eig": 0.896402, "lambda_top": 0.792804}
{"L": 17, "gens": [2, 7], "signs": [-1.0, 1.0], "opt": 0.852941, "proved": true, "sos4_lo": 0.852941, "sos4_hi": 0.852941, "cert_width": 0.0, "sos2": 0.945672, "C2": 2.706887, "C4_lo": 1.0, "retention": -0.0, "mult": 2, "H": 1.5, "sos2_eig": 0.945672, "lambda_top": 0.891345}
{"L": 17, "gens": [2, 7], "signs": [1.0, -1.0], "opt": 0.794118, "proved": true, "sos4_lo": 0.794118, "sos4_hi": 0.794118, "cert_width": 0.0, "sos2": 0.897307, "C2": 2.004824, "C4_lo": 1.0, "retention": -0.0, "mult": 2, "H": 1.5, "sos2_eig": 0.897307, "lambda_top": 0.794613}
{"L": 17, "gens": [2, 8], "signs": [-1.0, -1.0], "opt": 0.764706, "proved": true, "sos4_lo": 0.782373, "sos4_hi": 0.782373, "cert_width": 0.0, "sos2": 0.863213, "C2": 1.720149, "C4_lo": 1.081179, "retention": 0.112726, "mult": 4, "H": 2.25, "sos2_eig": 0.863213, "lambda_top": 0.726426}
{"L": 17, "gens": [2, 8], "signs": [-1.0, 1.0], "opt": 0.852941, "proved": true, "sos4_lo": 0.852941, "sos4_hi": 0.852941, "cert_width": 0.0, "sos2": 0.930496, "C2": 2.115817, "C4_lo": 1.0, "retention": -0.0, "mult": 2, "H": 1.5, "sos2_eig": 0.930496, "lambda_top": 0.860991}
{"L": 17, "gens": [2, 8], "signs": [1.0, -1.0], "opt": 0.852941, "proved": true, "sos4_lo": 0.852941, "sos4_hi": 0.852941, "cert_width": 0.0, "sos2": 0.930496, "C2": 2.115817, "C4_lo": 1.0, "retention": -0.0, "mult": 2, "H": 1.5, "sos2_eig": 0.930496, "lambda_top": 0.860991}
{"L": 17, "gens": [3, 4], "signs": [-1.0, -1.0], "opt": 0.823529, "proved": true, "sos4_lo": 0.823529, "sos4_hi": 0.823529, "cert_width": 0.0, "sos2": 0.896402, "C2": 1.703416, "C4_lo": 1.0, "retention": -0.0, "mult": 2, "H": 1.5, "sos2_eig": 0.896402, "lambda_top": 0.792804}
{"L": 17, "gens": [3, 4], "signs": [-1.0, 1.0], "opt": 0.794118, "proved": true, "sos4_lo": 0.794118, "sos4_hi": 0.794118, "cert_width": 0.0, "sos2": 0.897307, "C2": 2.004824, "C4_lo": 1.0, "retention": -0.0, "mult": 2, "H": 1.5, "sos2_eig": 0.897307, "lambda_top": 0.794613}
{"L": 17, "gens": [3, 4], "signs": [1.0, -1.0], "opt": 0.852941, "proved": true, "sos4_lo": 0.852941, "sos4_hi": 0.852941, "cert_width": 0.0, "sos2": 0.945672, "C2": 2.706887, "C4_lo": 1.0, "retention": -0.0, "mult": 2, "H": 1.5, "sos2_eig": 0.945672, "lambda_top": 0.891345}
{"L": 17, "gens": [3, 5], "signs": [-1.0, -1.0], "opt": 0.764706, "proved": true, "sos4_lo": 0.782373, "sos4_hi": 0.782373, "cert_width": 0.0, "sos2": 0.863213, "C2": 1.720149, "C4_lo": 1.081179, "retention": 0.112726, "mult": 4, "H": 2.25, "sos2_eig": 0.863213, "lambda_top": 0.726426}
{"L": 17, "gens": [3, 5], "signs": [-1.0, 1.0], "opt": 0.852941, "proved": true, "sos4_lo": 0.852941, "sos4_hi": 0.852941, "cert_width": 0.0, "sos2": 0.930496, "C2": 2.115817, "C4_lo": 1.0, "retention": -0.0, "mult": 2, "H": 1.5, "sos2_eig": 0.930496, "lambda_top": 0.860991}
{"L": 17, "gens": [3, 5], "signs": [1.0, -1.0], "opt": 0.852941, "proved": true, "sos4_lo": 0.852941, "sos4_hi": 0.852941, "cert_width": 0.0, "sos2": 0.930496, "C2": 2.115817, "C4_lo": 1.0, "retention": -0.0, "mult": 2, "H": 1.5, "sos2_eig": 0.930496, "lambda_top": 0.860991}
{"L": 17, "gens": [3, 6], "signs": [-1.0, -1.0], "opt": 0.705882, "proved": true, "sos4_lo": 0.720852, "sos4_hi": 0.720853, "cert_width": 0.0, "sos2": 0.78097, "C2": 1.342819, "C4_lo": 1.053628, "retention": 0.156432, "mult": 2, "H": 1.5, "sos2_eig": 0.78097, "lambda_top": 0.56194}
{"L": 17, "gens": [3, 6], "signs": [-1.0, 1.0], "opt": 0.911765, "proved": true, "sos4_lo": 0.911765, "sos4_hi": 0.911765, "cert_width": 0.0, "sos2": 0.978861, "C2": 4.174118, "C4_lo": 1.0, "retention": -0.0, "mult": 2, "H": 1.5, "sos2_eig": 0.978861, "lambda_top": 0.957723}
{"L": 17, "gens": [3, 6], "signs": [1.0, -1.0], "opt": 0.735294, "proved": true, "sos4_lo": 0.735294, "sos4_hi": 0.735294, "cert_width": 0.0, "sos2": 0.76881, "C2": 1.144973, "C4_lo": 1.0, "retention": -0.0, "mult": 2, "H": 1.5, "sos2_eig": 0.76881, "lambda_top": 0.537621}
{"L": 17, "gens": [3, 7], "signs": [-1.0, -1.0], "opt": 0.705882, "proved": true, "sos4_lo": 0.720852, "sos4_hi": 0.720853, "cert_width": 0.0, "sos2": 0.78097, "C2": 1.342819, "C4_lo": 1.053628, "retention": 0.156432, "mult": 2, "H": 1.5, "sos2_eig": 0.78097, "lambda_top": 0.56194}
{"L": 17, "gens": [3, 7], "signs": [-1.0, 1.0], "opt": 0.735294, "proved": true, "sos4_lo": 0.735294, "sos4_hi": 0.735294, "cert_width": 0.0, "sos2": 0.76881, "C2": 1.144973, "C4_lo": 1.0, "retention": -0.0, "mult": 2, "H": 1.5, "sos2_eig": 0.76881, "lambda_top": 0.537621}
{"L": 17, "gens": [3, 7], "signs": [1.0, -1.0], "opt": 0.911765, "proved": true, "sos4_lo": 0.911765, "sos4_hi": 0.911765, "cert_width": 0.0, "sos2": 0.978861, "C2": 4.174118, "C4_lo": 1.0, "retention": -0.0, "mult": 2, "H": 1.5, "sos2_eig": 0.978861, "lambda_top": 0.957723}
{"L": 17, "gens": [3, 8], "signs": [-1.0, -1.0], "opt": 0.882353, "proved": true, "sos4_lo": 0.882353, "sos4_hi": 0.882353, "cert_width": 0.0, "sos2": 0.958298, "C2": 2.821107, "C4_lo": 1.0, "retention": -0.0, "mult": 2, "H": 1.5, "sos2_eig": 0.958298, "lambda_top": 0.916595}
{"L": 17, "gens": [3, 8], "signs": [-1.0, 1.0], "opt": 0.794118, "proved": true, "sos4_lo": 0.794118, "sos4_hi": 0.794118, "cert_width": 0.0, "sos2": 0.883777, "C2": 1.771438, "C4_lo": 1.0, "retention": -0.0, "mult": 2, "H": 1.5, "sos2_eig": 0.883777, "lambda_top": 0.767553}
{"L": 17, "gens": [3, 8], "signs": [1.0, -1.0], "opt": 0.794118, "proved": true, "sos4_lo": 0.794118, "sos4_hi": 0.794118, "cert_width": 0.0, "sos2": 0.857178, "C2": 1.44153, "C4_lo": 1.0, "retention": -0.0, "mult": 2, "H": 1.5, "sos2_eig": 0.857178, "lambda_top": 0.714356}
{"L": 17, "gens": [4, 5], "signs": [-1.0, -1.0], "opt": 0.882353, "proved": true, "sos4_lo": 0.882353, "sos4_hi": 0.882353, "cert_width": 0.0, "sos2": 0.958298, "C2": 2.821107, "C4_lo": 1.0, "retention": -0.0, "mult": 2, "H": 1.5, "sos2_eig": 0.958298, "lambda_top": 0.916595}
{"L": 17, "gens": [4, 5], "signs": [-1.0, 1.0], "opt": 0.794118, "proved": true, "sos4_lo": 0.794118, "sos4_hi": 0.794118, "cert_width": 0.0, "sos2": 0.883777, "C2": 1.771438, "C4_lo": 1.0, "retention": -0.0, "mult": 2, "H": 1.5, "sos2_eig": 0.883777, "lambda_top": 0.767553}
{"L": 17, "gens": [4, 5], "signs": [1.0, -1.0], "opt": 0.794118, "proved": true, "sos4_lo": 0.794118, "sos4_hi": 0.794118, "cert_width": 0.0, "sos2": 0.857178, "C2": 1.44153, "C4_lo": 1.0, "retention": -0.0, "mult": 2, "H": 1.5, "sos2_eig": 0.857178, "lambda_top": 0.714356}
{"L": 17, "gens": [4, 6], "signs": [-1.0, -1.0], "opt": 0.823529, "proved": true, "sos4_lo": 0.823529, "sos4_hi": 0.823529, "cert_width": 0.0, "sos2": 0.896402, "C2": 1.703416, "C4_lo": 1.0, "retention": -0.0, "mult": 2, "H": 1.5, "sos2_eig": 0.896402, "lambda_top": 0.792804}
{"L": 17, "gens": [4, 6], "signs": [-1.0, 1.0], "opt": 0.794118, "proved": true, "sos4_lo": 0.794118, "sos4_hi": 0.794118, "cert_width": 0.0, "sos2": 0.897307, "C2": 2.004824, "C4_lo": 1.0, "retention": -0.0, "mult": 2, "H": 1.5, "sos2_eig": 0.897307, "lambda_top": 0.794613}
{"L": 17, "gens": [4, 6], "signs": [1.0, -1.0], "opt": 0.852941, "proved": true, "sos4_lo": 0.852941, "sos4_hi": 0.852941, "cert_width": 0.0, "sos2": 0.945672, "C2": 2.706887, "C4_lo": 1.0, "retention": -0.0, "mult": 2, "H": 1.5, "sos2_eig": 0.945672, "lambda_top": 0.891345}
{"L": 17, "gens": [4, 7], "signs": [-1.0, -1.0], "opt": 0.882353, "proved": true, "sos4_lo": 0.882353, "sos4_hi": 0.882353, "cert_width": 0.0, "sos2": 0.958298, "C2": 2.821107, "C4_lo": 1.0, "retention": -0.0, "mult": 2, "H": 1.5, "sos2_eig": 0.958298, "lambda_top": 0.916595}
{"L": 17, "gens": [4, 7], "signs": [-1.0, 1.0], "opt": 0.794118, "proved": true, "sos4_lo": 0.794118, "sos4_hi": 0.794118, "cert_width": 0.0, "sos2": 0.857178, "C2": 1.44153, "C4_lo": 1.0, "retention": -0.0, "mult": 2, "H": 1.5, "sos2_eig": 0.857178, "lambda_top": 0.714356}
{"L": 17, "gens": [4, 7], "signs": [1.0, -1.0], "opt": 0.794118, "proved": true, "sos4_lo": 0.794118, "sos4_hi": 0.794118, "cert_width": 0.0, "sos2": 0.883777, "C2": 1.771438, "C4_lo": 1.0, "retention": -0.0, "mult": 2, "H": 1.5, "sos2_eig": 0.883777, "lambda_top": 0.767553}
{"L": 17, "gens": [4, 8], "signs": [-1.0, -1.0], "opt": 0.705882, "proved": true, "sos4_lo": 0.720852, "sos4_hi": 0.720853, "cert_width": 0.0, "sos2": 0.78097, "C2": 1.342819, "C4_lo": 1.053628, "retention": 0.156432, "mult": 2, "H": 1.5, "sos2_eig": 0.78097, "lambda_top": 0.56194}
{"L": 17, "gens": [4, 8], "signs": [-1.0, 1.0], "opt": 0.911765, "proved": true, "sos4_lo": 0.911765, "sos4_hi": 0.911765, "cert_width": 0.0, "sos2": 0.978861, "C2": 4.174118, "C4_lo": 1.0, "retention": -0.0, "mult": 2, "H": 1.5, "sos2_eig": 0.978861, "lambda_top": 0.957723}
{"L": 17, "gens": [4, 8], "signs": [1.0, -1.0], "opt": 0.735294, "proved": true, "sos4_lo": 0.735294, "sos4_hi": 0.735294, "cert_width": 0.0, "sos2": 0.76881, "C2": 1.144973, "C4_lo": 1.0, "retention": -0.0, "mult": 2, "H": 1.5, "sos2_eig": 0.76881, "lambda_top": 0.537621}
{"L": 17, "gens": [5, 6], "signs": [-1.0, -1.0], "opt": 0.705882, "proved": true, "sos4_lo": 0.720852, "sos4_hi": 0.720853, "cert_width": 0.0, "sos2": 0.78097, "C2": 1.342819, "C4_lo": 1.053628, "retention": 0.156432, "mult": 2, "H": 1.5, "sos2_eig": 0.78097, "lambda_top": 0.56194}
{"L": 17, "gens": [5, 6], "signs": [-1.0, 1.0], "opt": 0.735294, "proved": true, "sos4_lo": 0.735294, "sos4_hi": 0.735294, "cert_width": 0.0, "sos2": 0.76881, "C2": 1.144973, "C4_lo": 1.0, "retention": -0.0, "mult": 2, "H": 1.5, "sos2_eig": 0.76881, "lambda_top": 0.537621}
{"L": 17, "gens": [5, 6], "signs": [1.0, -1.0], "opt": 0.911765, "proved": true, "sos4_lo": 0.911765, "sos4_hi": 0.911765, "cert_width": 0.0, "sos2": 0.978861, "C2": 4.174118, "C4_lo": 1.0, "retention": -0.0, "mult": 2, "H": 1.5, "sos2_eig": 0.978861, "lambda_top": 0.957723}
{"L": 17, "gens": [5, 7], "signs": [-1.0, -1.0], "opt": 0.705882, "proved": true, "sos4_lo": 0.720852, "sos4_hi": 0.720853, "cert_width": 0.0, "sos2": 0.78097, "C2": 1.342819, "C4_lo": 1.053628, "retention": 0.156432, "mult": 2, "H": 1.5, "sos2_eig": 0.78097, "lambda_top": 0.56194}
{"L": 17, "gens": [5, 7], "signs": [-1.0, 1.0], "opt": 0.911765, "proved": true, "sos4_lo": 0.911765, "sos4_hi": 0.911765, "cert_width": 0.0, "sos2": 0.978861, "C2": 4.174118, "C4_lo": 1.0, "retention": -0.0, "mult": 2, "H": 1.5, "sos2_eig": 0.978861, "lambda_top": 0.957723}
{"L": 17, "gens": [5, 7], "signs": [1.0, -1.0], "opt": 0.735294, "proved": true, "sos4_lo": 0.735294, "sos4_hi": 0.735294, "cert_width": 0.0, "sos2": 0.76881, "C2": 1.144973, "C4_lo": 1.0, "retention": -0.0, "mult": 2, "H": 1.5, "sos2_eig": 0.76881, "lambda_top": 0.537621}
{"L": 17, "gens": [5, 8], "signs": [-1.0, -1.0], "opt": 0.823529, "proved": true, "sos4_lo": 0.823529, "sos4_hi": 0.823529, "cert_width": 0.0, "sos2": 0.896402, "C2": 1.703416, "C4_lo": 1.0, "retention": -0.0, "mult": 2, "H": 1.5, "sos2_eig": 0.896402, "lambda_top": 0.792804}
{"L": 17, "gens": [5, 8], "signs": [-1.0, 1.0], "opt": 0.852941, "proved": true, "sos4_lo": 0.852941, "sos4_hi": 0.852941, "cert_width": 0.0, "sos2": 0.945672, "C2": 2.706887, "C4_lo": 1.0, "retention": -0.0, "mult": 2, "H": 1.5, "sos2_eig": 0.945672, "lambda_top": 0.891345}
{"L": 17, "gens": [5, 8], "signs": [1.0, -1.0], "opt": 0.794118, "proved": true, "sos4_lo": 0.794118, "sos4_hi": 0.794118, "cert_width": 0.0, "sos2": 0.897307, "C2": 2.004824, "C4_lo": 1.0, "retention": -0.0, "mult": 2, "H": 1.5, "sos2_eig": 0.897307, "lambda_top": 0.794613}
{"L": 17, "gens": [6, 7], "signs": [-1.0, -1.0], "opt": 0.764706, "proved": true, "sos4_lo": 0.782373, "sos4_hi": 0.782373, "cert_width": 0.0, "sos2": 0.863213, "C2": 1.720149, "C4_lo": 1.081179, "retention": 0.112726, "mult": 4, "H": 2.25, "sos2_eig": 0.863213, "lambda_top": 0.726426}
{"L": 17, "gens": [6, 7], "signs": [-1.0, 1.0], "opt": 0.852941, "proved": true, "sos4_lo": 0.852941, "sos4_hi": 0.852941, "cert_width": 0.0, "sos2": 0.930496, "C2": 2.115817, "C4_lo": 1.0, "retention": -0.0, "mult": 2, "H": 1.5, "sos2_eig": 0.930496, "lambda_top": 0.860991}
{"L": 17, "gens": [6, 7], "signs": [1.0, -1.0], "opt": 0.852941, "proved": true, "sos4_lo": 0.852941, "sos4_hi": 0.852941, "cert_width": 0.0, "sos2": 0.930496, "C2": 2.115817, "C4_lo": 1.0, "retention": -0.0, "mult": 2, "H": 1.5, "sos2_eig": 0.930496, "lambda_top": 0.860991}
{"L": 17, "gens": [6, 8], "signs": [-1.0, -1.0], "opt": 0.823529, "proved": true, "sos4_lo": 0.823529, "sos4_hi": 0.823529, "cert_width": 0.0, "sos2": 0.896402, "C2": 1.703416, "C4_lo": 1.0, "retention": -0.0, "mult": 2, "H": 1.5, "sos2_eig": 0.896402, "lambda_top": 0.792804}
{"L": 17, "gens": [6, 8], "signs": [-1.0, 1.0], "opt": 0.794118, "proved": true, "sos4_lo": 0.794118, "sos4_hi": 0.794118, "cert_width": 0.0, "sos2": 0.897307, "C2": 2.004824, "C4_lo": 1.0, "retention": -0.0, "mult": 2, "H": 1.5, "sos2_eig": 0.897307, "lambda_top": 0.794613}
{"L": 17, "gens": [6, 8], "signs": [1.0, -1.0], "opt": 0.852941, "proved": true, "sos4_lo": 0.852941, "sos4_hi": 0.852941, "cert_width": 0.0, "sos2": 0.945672, "C2": 2.706887, "C4_lo": 1.0, "retention": -0.0, "mult": 2, "H": 1.5, "sos2_eig": 0.945672, "lambda_top": 0.891345}
{"L": 17, "gens": [7, 8], "signs": [-1.0, -1.0], "opt": 0.882353, "proved": true, "sos4_lo": 0.882353, "sos4_hi": 0.882353, "cert_width": 0.0, "sos2": 0.958298, "C2": 2.821107, "C4_lo": 1.0, "retention": -0.0, "mult": 2, "H": 1.5, "sos2_eig": 0.958298, "lambda_top": 0.916595}
{"L": 17, "gens": [7, 8], "signs": [-1.0, 1.0], "opt": 0.794118, "proved": true, "sos4_lo": 0.794118, "sos4_hi": 0.794118, "cert_width": 0.0, "sos2": 0.857178, "C2": 1.44153, "C4_lo": 1.0, "retention": -0.0, "mult": 2, "H": 1.5, "sos2_eig": 0.857178, "lambda_top": 0.714356}
{"L": 17, "gens": [7, 8], "signs": [1.0, -1.0], "opt": 0.794118, "proved": true, "sos4_lo": 0.794118, "sos4_hi": 0.794118, "cert_width": 0.0, "sos2": 0.883777, "C2": 1.771438, "C4_lo": 1.0, "retention": -0.0, "mult": 2, "H": 1.5, "sos2_eig": 0.883777, "lambda_top": 0.767553}
{"L": 19, "gens": [1], "signs": [-1.0], "opt": 0.947368, "proved": true, "sos4_lo": 0.947368, "sos4_hi": 0.947368, "cert_width": 0.0, "sos2": 0.993181, "C2": 7.717978, "C4_lo": 1.0, "retention": -0.0, "mult": 2, "H": 1.5, "sos2_eig": 0.993181, "lambda_top": 0.986361}
{"L": 19, "gens": [2], "signs": [-1.0], "opt": 0.947368, "proved": true, "sos4_lo": 0.947368, "sos4_hi": 0.947368, "cert_width": 0.0, "sos2": 0.993181, "C2": 7.717978, "C4_lo": 1.0, "retention": -0.0, "mult": 2, "H": 1.5, "sos2_eig": 0.993181, "lambda_top": 0.986361}
{"L": 19, "gens": [3], "signs": [-1.0], "opt": 0.947368, "proved": true, "sos4_lo": 0.947368, "sos4_hi": 0.947368, "cert_width": 0.0, "sos2": 0.993181, "C2": 7.717978, "C4_lo": 1.0, "retention": -0.0, "mult": 2, "H": 1.5, "sos2_eig": 0.993181, "lambda_top": 0.986361}
{"L": 19, "gens": [4], "signs": [-1.0], "opt": 0.947368, "proved": true, "sos4_lo": 0.947368, "sos4_hi": 0.947368, "cert_width": 0.0, "sos2": 0.993181, "C2": 7.717978, "C4_lo": 1.0, "retention": -0.0, "mult": 2, "H": 1.5, "sos2_eig": 0.993181, "lambda_top": 0.986361}
{"L": 19, "gens": [5], "signs": [-1.0], "opt": 0.947368, "proved": true, "sos4_lo": 0.947368, "sos4_hi": 0.947368, "cert_width": 0.0, "sos2": 0.993181, "C2": 7.717978, "C4_lo": 1.0, "retention": -0.0, "mult": 2, "H": 1.5, "sos2_eig": 0.993181, "lambda_top": 0.986361}
{"L": 19, "gens": [6], "signs": [-1.0], "opt": 0.947368, "proved": true, "sos4_lo": 0.947368, "sos4_hi": 0.947368, "cert_width": 0.0, "sos2": 0.993181, "C2": 7.717978, "C4_lo": 1.0, "retention": -0.0, "mult": 2, "H": 1.5, "sos2_eig": 0.993181, "lambda_top": 0.986361}
{"L": 19, "gens": [7], "signs": [-1.0], "opt": 0.947368, "proved": true, "sos4_lo": 0.947368, "sos4_hi": 0.947368, "cert_width": 0.0, "sos2": 0.993181, "C2": 7.717978, "C4_lo": 1.0, "retention": -0.0, "mult": 2, "H": 1.5, "sos2_eig": 0.993181, "lambda_top": 0.986361}
{"L": 19, "gens": [8], "signs": [-1.0], "opt": 0.947368, "proved": true, "sos4_lo": 0.947368, "sos4_hi": 0.947368, "cert_width": 0.0, "sos2": 0.993181, "C2": 7.717978, "C4_lo": 1.0, "retention": -0.0, "mult": 2, "H": 1.5, "sos2_eig": 0.993181, "lambda_top": 0.986361}
{"L": 19, "gens": [9], "signs": [-1.0], "opt": 0.947368, "proved": true, "sos4_lo": 0.947368, "sos4_hi": 0.947368, "cert_width": 0.0, "sos2": 0.993181, "C2": 7.717978, "C4_lo": 1.0, "retention": -0.0, "mult": 2, "H": 1.5, "sos2_eig": 0.993181, "lambda_top": 0.986361}
{"L": 19, "gens": [1, 2], "signs": [-1.0, -1.0], "opt": 0.736842, "proved": true, "sos4_lo": 0.736842, "sos4_hi": 0.736842, "cert_width": 0.0, "sos2": 0.769744, "C2": 1.142894, "C4_lo": 1.0, "retention": -0.0, "mult": 2, "H": 1.5, "sos2_eig": 0.769744, "lambda_top": 0.539488}
{"L": 19, "gens": [1, 2], "signs": [-1.0, 1.0], "opt": 0.921053, "proved": true, "sos4_lo": 0.921053, "sos4_hi": 0.921053, "cert_width": 0.0, "sos2": 0.983045, "C2": 4.656188, "C4_lo": 1.0, "retention": -0.0, "mult": 2, "H": 1.5, "sos2_eig": 0.983045, "lambda_top": 0.966089}
{"L": 19, "gens": [1, 2], "signs": [1.0, -1.0], "opt": 0.710526, "proved": true, "sos4_lo": 0.724253, "sos4_hi": 0.724261, "cert_width": 8e-06, "sos2": 0.78124, "C2": 1.323247, "C4_lo": 1.04978, "retention": 0.153999, "mult": 2, "H": 1.5, "sos2_eig": 0.78124, "lambda_top": 0.56248}
{"L": 19, "gens": [1, 3], "signs": [-1.0, -1.0], "opt": 0.894737, "proved": true, "sos4_lo": 0.894737, "sos4_hi": 0.894737, "cert_width": 0.0, "sos2": 0.966459, "C2": 3.138321, "C4_lo": 1.0, "retention": -0.0, "mult": 2, "H": 1.5, "sos2_eig": 0.966459, "lambda_top": 0.932918}
{"L": 19, "gens": [1, 3], "signs": [-1.0, 1.0], "opt": 0.763158, "proved": true, "sos4_lo": 0.779245, "sos4_hi": 0.779245, "cert_width": 0.0, "sos2": 0.866606, "C2": 1.775502, "C4_lo": 1.072871, "retention": 0.093967, "mult": 2, "H": 1.5, "sos2_eig": 0.866606, "lambda_top": 0.733211}
{"L": 19, "gens": [1, 3], "signs": [1.0, -1.0], "opt": 0.815789, "proved": true, "sos4_lo": 0.815789, "sos4_hi": 0.815789, "cert_width": 0.0, "sos2": 0.883327, "C2": 1.578867, "C4_lo": 1.0, "retention": -0.0, "mult": 2, "H": 1.5, "sos2_eig": 0.883327, "lambda_top": 0.766655}
{"L": 19, "gens": [1, 4], "signs": [-1.0, -1.0], "opt": 0.842105, "proved": true, "sos4_lo": 0.842105, "sos4_hi": 0.842105, "cert_width": 0.0, "sos2": 0.915911, "C2": 1.877703, "C4_lo": 1.0, "retention": -0.0, "mult": 2, "H": 1.5, "sos2_eig": 0.915911, "lambda_top": 0.831821}
{"L": 19, "gens": [1, 4], "signs": [-1.0, 1.0], "opt": 0.868421, "proved": true, "sos4_lo": 0.868421, "sos4_hi": 0.868421, "cert_width": 0.0, "sos2": 0.943875, "C2": 2.34441, "C4_lo": 1.0, "retention": -0.0, "mult": 2, "H": 1.5, "sos2_eig": 0.943875, "lambda_top": 0.887751}
{"L": 19, "gens": [1, 4], "signs": [1.0, -1.0], "opt": 0.815789, "proved": true, "sos4_lo": 0.815789, "sos4_hi": 0.815789, "cert_width": 0.0, "sos2": 0.917154, "C2": 2.223518, "C4_lo": 1.0, "retention": -0.0, "mult": 2, "H": 1.5, "sos2_eig": 0.917154, "lambda_top": 0.834307}
{"L": 19, "gens": [1, 5], "signs": [-1.0, -1.0], "opt": 0.842105, "proved": true, "sos4_lo": 0.842105, "sos4_hi": 0.842105, "cert_width": 0.0, "sos2": 0.915911, "C2": 1.877703, "C4_lo": 1.0, "retention": -0.0, "mult": 2, "H": 1.5, "sos2_eig": 0.915911, "lambda_top": 0.831821}
{"L": 19, "gens": [1, 5], "signs": [-1.0, 1.0], "opt": 0.815789, "proved": true, "sos4_lo": 0.815789, "sos4_hi": 0.815789, "cert_width": 0.0, "sos2": 0.917154, "C2": 2.223518, "C4_lo": 1.0, "retention": -0.0, "mult": 2, "H": 1.5, "sos2_eig": 0.917154, "lambda_top": 0.834307}
{"L": 19, "gens": [1, 5], "signs": [1.0, -1.0], "opt": 0.868421, "proved": true, "sos4_lo": 0.868421, "sos4_hi": 0.868421, "cert_width": 0.0, "sos2": 0.943875, "C2": 2.34441, "C4_lo": 1.0, "retention": -0.0, "mult": 2, "H": 1.5, "sos2_eig": 0.943875, "lambda_top": 0.887751}
{"L": 19, "gens": [1, 6], "signs": [-1.0, -1.0], "opt": 0.894737, "proved": true, "sos4_lo": 0.894737, "sos4_hi": 0.894737, "cert_width": 0.0, "sos2": 0.966459, "C2": 3.138321, "C4_lo": 1.0, "retention": -0.0, "mult": 2, "H": 1.5, "sos2_eig": 0.966459, "lambda_top": 0.932918}
{"L": 19, "gens": [1, 6], "signs": [-1.0, 1.0], "opt": 0.815789, "proved": true, "sos4_lo": 0.815789, "sos4_hi": 0.815789, "cert_width": 0.0, "sos2": 0.883327, "C2": 1.578867, "C4_lo": 1.0, "retention": -0.0, "mult": 2, "H": 1.5, "sos2_eig": 0.883327, "lambda_top": 0.766655}
{"L": 19, "gens": [1, 6], "signs": [1.0, -1.0], "opt": 0.763158, "proved": true, "sos4_lo": 0.779245, "sos4_hi": 0.779245, "cert_width": 0.0, "sos2": 0.866606, "C2": 1.775502, "C4_lo": 1.072871, "retention": 0.093967, "mult": 2, "H": 1.5, "sos2_eig": 0.866606, "lambda_top": 0.733211}
{"L": 19, "gens": [1, 7], "signs": [-1.0, -1.0], "opt": 0.789474, "proved": true, "sos4_lo": 0.797019, "sos4_hi": 0.797026, "cert_width": 7e-06, "sos2": 0.889189, "C2": 1.899865, "C4_lo": 1.037172, "retention": 0.041308, "mult": 2, "H": 1.5, "sos2_eig": 0.889189, "lambda_top": 0.778378}
{"L": 19, "gens": [1, 7], "signs": [-1.0, 1.0], "opt": 0.868421, "proved": true, "sos4_lo": 0.868421, "sos4_hi": 0.868421, "cert_width": 0.0, "sos2": 0.956323, "C2": 3.012528, "C4_lo": 1.0, "retention": -0.0, "mult": 2, "H": 1.5, "sos2_eig": 0.956323, "lambda_top": 0.912645}
{"L": 19, "gens": [1, 7], "signs": [1.0, -1.0], "opt": 0.815789, "proved": true, "sos4_lo": 0.815789, "sos4_hi": 0.815789, "cert_width": 0.0, "sos2": 0.905775, "C2": 1.955001, "C4_lo": 1.0, "retention": -0.0, "mult": 2, "H": 1.5, "sos2_eig": 0.905775, "lambda_top": 0.811549}
{"L": 19, "gens": [1, 8], "signs": [-1.0, -1.0], "opt": 0.789474, "proved": true, "sos4_lo": 0.797019, "sos4_hi": 0.797026, "cert_width": 7e-06, "sos2": 0.889189, "C2": 1.899865, "C4_lo": 1.037172, "retention": 0.041308, "mult": 2, "H": 1.5, "sos2_eig": 0.889189, "lambda_top": 0.778378}
{"L": 19, "gens": [1, 8], "signs": [-1.0, 1.0], "opt": 0.815789, "proved": true, "sos4_lo": 0.815789, "sos4_hi": 0.815789, "cert_width": 0.0, "sos2": 0.905775, "C2": 1.955001, "C4_lo": 1.0, "retention": -0.0, "mult": 2, "H": 1.5, "sos2_eig": 0.905775, "lambda_top": 0.811549}
{"L": 19, "gens": [1, 8], "signs": [1.0, -1.0], "opt": 0.868421, "proved": true, "sos4_lo": 0.868421, "sos4_hi": 0.868421, "cert_width": 0.0, "sos2": 0.956323, "C2": 3.012528, "C4_lo": 1.0, "retention": -0.0, "mult": 2, "H": 1.5, "sos2_eig": 0.956323, "lambda_top": 0.912645}
{"L": 19, "gens": [1, 9], "signs": [-1.0, -1.0], "opt": 0.736842, "proved": true, "sos4_lo": 0.736842, "sos4_hi": 0.736842, "cert_width": 0.0, "sos2": 0.769744, "C2": 1.142894, "C4_lo": 1.0, "retention": -0.0, "mult": 2, "H": 1.5, "sos2_eig": 0.769744, "lambda_top": 0.539488}
{"L": 19, "gens": [1, 9], "signs": [-1.0, 1.0], "opt": 0.710526, "proved": true, "sos4_lo": 0.724253, "sos4_hi": 0.724261, "cert_width": 8e-06, "sos2": 0.78124, "C2": 1.323247, "C4_lo": 1.04978, "retention": 0.153999, "mult": 2, "H": 1.5, "sos2_eig": 0.78124, "lambda_top": 0.56248}
{"L": 19, "gens": [1, 9], "signs": [1.0, -1.0], "opt": 0.921053, "proved": true, "sos4_lo": 0.921053, "sos4_hi": 0.921053, "cert_width": 0.0, "sos2": 0.983045, "C2": 4.656188, "C4_lo": 1.0, "retention": -0.0, "mult": 2, "H": 1.5, "sos2_eig": 0.983045, "lambda_top": 0.966089}
{"L": 19, "gens": [2, 3], "signs": [-1.0, -1.0], "opt": 0.789474, "proved": true, "sos4_lo": 0.797019, "sos4_hi": 0.797026, "cert_width": 7e-06, "sos2": 0.889189, "C2": 1.899865, "C4_lo": 1.037172, "retention": 0.041308, "mult": 2, "H": 1.5, "sos2_eig": 0.889189, "lambda_top": 0.778378}
