  L=  5:     3 instances, max U = 2.094427 (gens [2]), shortlist so far 2
  L=  7:     7 instances, max U = 2.885096 (gens [3]), shortlist so far 8
  L=  9:    14 instances, max U = 3.684826 (gens [4]), shortlist so far 22
  L= 11:    25 instances, max U = 4.488559 (gens [1]), shortlist so far 47
  L= 13:    41 instances, max U = 5.294418 (gens [3]), shortlist so far 86
  L= 15:    63 instances, max U = 6.101542 (gens [7]), shortlist so far 148
  L= 17:    92 instances, max U = 6.909482 (gens [4]), shortlist so far 232
  L= 19:   129 instances, max U = 7.717978 (gens [7]), shortlist so far 358

stage 1: 374 instances swept, 358 not ruled out by C_4 <= (1-incumbent)/(1-SoS_2)   [7s]
  best so far: C_4 in [1.000000, 1.000000] at L=5 gens=[1]
  best so far: C_4 in [1.000000, 1.000000] at L=5 gens=[2]
  best so far: C_4 in [1.000000, 1.000000] at L=7 gens=[1]
  best so far: C_4 in [1.000000, 1.000000] at L=7 gens=[2]
  best so far: C_4 in [1.000000, 1.000000] at L=7 gens=[1, 2]
  best so far: C_4 in [1.000000, 1.000000] at L=7 gens=[1, 3]
  best so far: C_4 in [1.000000, 1.000000] at L=9 gens=[3]
  best so far: C_4 in [1.074139, 1.074139] at L=9 gens=[1, 2]
  best so far: C_4 in [1.074139, 1.074139] at L=9 gens=[1, 4]
  ... 50/358 degree-4 solves  [70s]
  ... 100/358 degree-4 solves  [316s]
  ... 150/358 degree-4 solves  [746s]
  best so far: C_4 in [1.081179, 1.081179] at L=17 gens=[1, 4]
  best so far: C_4 in [1.081179, 1.081179] at L=17 gens=[2, 8]
  best so far: C_4 in [1.081179, 1.081179] at L=17 gens=[6, 7]
  ... 200/358 degree-4 solves  [989s]
  ... 250/358 degree-4 solves  [1152s]
  ... 300/358 degree-4 solves  [1315s]
  ... 350/358 degree-4 solves  [1476s]

stage 2: 358 degree-4 solves in 1501s
instances whose certified interval still allows beating 1.093586: 9
   {"L": 19, "gens": [6, 7], "opt": 0.736842, "proved": true, "sos4_lo": 0.736464, "sos4_hi": 0.759818, "C4_low": 0.998564, "C4_up": 1.095659}
   {"L": 19, "gens": [1, 9], "opt": 0.736842, "proved": true, "sos4_lo": 0.736464, "sos4_hi": 0.759818, "C4_low": 0.998564, "C4_up": 1.095659}
   {"L": 19, "gens": [5, 7], "opt": 0.736842, "proved": true, "sos4_lo": 0.736464, "sos4_hi": 0.759818, "C4_low": 0.998564, "C4_up": 1.095659}
   {"L": 19, "gens": [4, 8], "opt": 0.736842, "proved": true, "sos4_lo": 0.736464, "sos4_hi": 0.759818, "C4_low": 0.998564, "C4_up": 1.095659}
   {"L": 19, "gens": [2, 4], "opt": 0.736842, "proved": true, "sos4_lo": 0.736464, "sos4_hi": 0.759818, "C4_low": 0.998564, "C4_up": 1.095659}
   {"L": 19, "gens": [5, 9], "opt": 0.736842, "proved": true, "sos4_lo": 0.736464, "sos4_hi": 0.759818, "C4_low": 0.998564, "C4_up": 1.095659}
   {"L": 19, "gens": [3, 6], "opt": 0.736842, "proved": true, "sos4_lo": 0.736464, "sos4_hi": 0.759818, "C4_low": 0.998564, "C4_up": 1.095659}
   {"L": 19, "gens": [3, 8], "opt": 0.736842, "proved": true, "sos4_lo": 0.736464, "sos4_hi": 0.759818, "C4_low": 0.998564, "C4_up": 1.095659}
   {"L": 19, "gens": [1, 2], "opt": 0.736842, "proved": true, "sos4_lo": 0.736464, "sos4_hi": 0.759818, "C4_low": 0.998564, "C4_up": 1.095659}
